BlueNRG1_adc.c:107:7:ADC_ConvertDifferentialVoltage	24	static
BlueNRG1_adc.c:144:7:ADC_ConvertSingleEndedVoltage	32	static
BlueNRG1_adc.c:184:7:ADC_ConvertBatterySensor	8	static
BlueNRG1_adc.c:195:7:ADC_ConvertTemperatureSensor	8	static
BlueNRG1_adc.c:199:7:ADC_ConvertTemperatureSensorFarenait	8	static
BlueNRG1_adc.c:218:6:ADC_DeInit	0	static
BlueNRG1_adc.c:234:6:ADC_StructInit	0	static
BlueNRG1_adc.c:260:6:ADC_Init	8	static
BlueNRG1_adc.c:307:6:ADC_Cmd	0	static
BlueNRG1_adc.c:337:6:ADC_DmaCmd	0	static
BlueNRG1_adc.c:361:6:ADC_SelectInput	0	static
BlueNRG1_adc.c:388:6:ADC_Calibration	0	static
BlueNRG1_adc.c:422:6:ADC_AutoOffsetUpdate	0	static
BlueNRG1_adc.c:446:6:ADC_ThresholdCheck	0	static
BlueNRG1_adc.c:470:6:ADC_ThresholdConfig	0	static
BlueNRG1_adc.c:486:10:ADC_GetOffset	0	static
BlueNRG1_adc.c:514:6:ADC_SetOffset	0	static
BlueNRG1_adc.c:537:6:ADC_ConversionMode	0	static
BlueNRG1_adc.c:562:6:ADC_SelectFrequencyMic	0	static
BlueNRG1_adc.c:592:9:ADC_GetFlags	0	static
BlueNRG1_adc.c:618:12:ADC_GetFlagStatus	0	static
BlueNRG1_adc.c:655:10:ADC_GetITStatus	0	static
BlueNRG1_adc.c:692:6:ADC_ITConfig	0	static
BlueNRG1_adc.c:766:10:ADC_GetRawData	0	static
BlueNRG1_adc.c:726:7:ADC_GetConvertedData	16	static
BlueNRG1_adc.c:795:6:ADC_Filter	0	static
