HW_Bluetooth.c:130:9:sam_bl_initLink	48	static
HW_Bluetooth.c:82:6:hw_bl_init	8	static
HW_Bluetooth.c:244:6:hw_bl_setDeviceConnectable	56	static
HW_Bluetooth.c:269:12:hw_bl_setDeviceNonDiscover	8	static
HW_Bluetooth.c:282:12:hw_bl_makeConnection	40	static
HW_Bluetooth.c:301:12:hw_bl_terminateConnection	16	static
HW_Bluetooth.c:318:12:hw_bl_sendPacket	40	static
HW_Bluetooth.c:425:6:aci_att_prepare_write_resp_event	8	static
HW_Bluetooth.c:433:6:aci_att_exec_write_resp_event	8	static
HW_Bluetooth.c:444:6:hci_le_connection_complete_event	8	static
HW_Bluetooth.c:476:6:hci_disconnection_complete_event	8	static
HW_Bluetooth.c:495:6:aci_gatt_read_permit_req_event	8	static
HW_Bluetooth.c:504:6:aci_gatt_write_permit_req_event	32	static
HW_Bluetooth.c:520:6:aci_gatt_attribute_modified_event	8	static
HW_Bluetooth.c:532:6:aci_gatt_proc_complete_event	8	static
HW_Bluetooth.c:547:6:aci_gatt_disc_read_char_by_uuid_resp_event	24	static
HW_Bluetooth.c:567:6:aci_hal_end_of_radio_activity_event	8	static
