HW_Bluetooth.c:133:9:sam_bl_initLink	48	static
HW_Bluetooth.c:85:6:hw_bl_init	8	static
HW_Bluetooth.c:258:6:hw_bl_setDeviceConnectable	56	static
HW_Bluetooth.c:283:12:hw_bl_setDeviceNonDiscover	8	static
HW_Bluetooth.c:296:12:hw_bl_makeConnection	40	static
HW_Bluetooth.c:315:12:hw_bl_terminateConnection	16	static
HW_Bluetooth.c:332:12:hw_bl_sendPacket	40	static
HW_Bluetooth.c:433:6:aci_att_prepare_write_resp_event	8	static
HW_Bluetooth.c:441:6:aci_att_exec_write_resp_event	8	static
HW_Bluetooth.c:452:6:hci_le_connection_complete_event	8	static
HW_Bluetooth.c:484:6:hci_disconnection_complete_event	8	static
HW_Bluetooth.c:503:6:aci_gatt_read_permit_req_event	24	static
HW_Bluetooth.c:522:6:aci_gatt_write_permit_req_event	32	static
HW_Bluetooth.c:538:6:aci_gatt_attribute_modified_event	16	static
HW_Bluetooth.c:550:6:aci_gatt_proc_complete_event	8	static
HW_Bluetooth.c:561:6:aci_gatt_disc_read_char_by_uuid_resp_event	24	static
HW_Bluetooth.c:580:6:aci_hal_end_of_radio_activity_event	8	static
