HW_Bluetooth.c:125:9:sam_bl_initLink	48	static
HW_Bluetooth.c:77:6:hw_bl_init	8	static
HW_Bluetooth.c:239:6:hw_bl_setDeviceConnectable	56	static
HW_Bluetooth.c:264:12:hw_bl_setDeviceNonDiscover	8	static
HW_Bluetooth.c:277:12:hw_bl_makeConnection	40	static
HW_Bluetooth.c:296:12:hw_bl_terminateConnection	16	static
HW_Bluetooth.c:313:12:hw_bl_sendPacket	56	static
HW_Bluetooth.c:394:6:hci_le_connection_complete_event	8	static
HW_Bluetooth.c:435:6:hci_disconnection_complete_event	8	static
HW_Bluetooth.c:454:6:aci_gatt_read_permit_req_event	8	static
HW_Bluetooth.c:469:6:aci_gatt_attribute_modified_event	8	static
HW_Bluetooth.c:481:6:aci_gatt_proc_complete_event	8	static
HW_Bluetooth.c:495:6:aci_gatt_disc_read_char_by_uuid_resp_event	8	static
HW_Bluetooth.c:506:6:aci_hal_end_of_radio_activity_event	8	static
