HW_Bluetooth.c:121:9:hw_bl_initLink	40	static
HW_Bluetooth.c:95:6:hw_bl_init	8	static
HW_Bluetooth.c:256:6:hw_bl_setDeviceConnectable	72	static
HW_Bluetooth.c:281:12:hw_bl_setDeviceNonDiscover	8	static
HW_Bluetooth.c:294:12:hw_bl_makeConnection	40	static
HW_Bluetooth.c:324:12:hw_bl_terminateConnection	16	static
HW_Bluetooth.c:341:12:hw_bl_sendPacket	56	static
HW_Bluetooth.c:424:6:aci_att_prepare_write_resp_event	8	static
HW_Bluetooth.c:432:6:aci_att_exec_write_resp_event	8	static
HW_Bluetooth.c:443:6:hci_le_connection_complete_event	8	static
HW_Bluetooth.c:469:6:hci_disconnection_complete_event	8	static
HW_Bluetooth.c:488:6:aci_gatt_read_permit_req_event	8	static
HW_Bluetooth.c:496:6:aci_gatt_write_permit_req_event	32	static
HW_Bluetooth.c:512:6:aci_gatt_attribute_modified_event	48	static
HW_Bluetooth.c:580:6:aci_gatt_proc_complete_event	8	static
HW_Bluetooth.c:591:6:aci_gatt_disc_read_char_by_uuid_resp_event	24	static
HW_Bluetooth.c:610:6:aci_hal_end_of_radio_activity_event	8	static
HW_Bluetooth.c:641:6:hci_le_advertising_report_event	32	static
HW_Bluetooth.c:666:6:aci_gap_proc_complete_event	40	static
