HW_Bluetooth.c:121:9:sam_bl_initLink	40	static
HW_Bluetooth.c:95:6:hw_bl_init	8	static
HW_Bluetooth.c:256:6:hw_bl_setDeviceConnectable	72	static
HW_Bluetooth.c:281:12:hw_bl_setDeviceNonDiscover	8	static
HW_Bluetooth.c:294:12:hw_bl_makeConnection	40	static
HW_Bluetooth.c:324:12:hw_bl_terminateConnection	16	static
HW_Bluetooth.c:341:12:hw_bl_sendPacket	72	static
HW_Bluetooth.c:420:6:aci_att_prepare_write_resp_event	8	static
HW_Bluetooth.c:428:6:aci_att_exec_write_resp_event	8	static
HW_Bluetooth.c:439:6:hci_le_connection_complete_event	8	static
HW_Bluetooth.c:465:6:hci_disconnection_complete_event	8	static
HW_Bluetooth.c:484:6:aci_gatt_read_permit_req_event	8	static
HW_Bluetooth.c:492:6:aci_gatt_write_permit_req_event	32	static
HW_Bluetooth.c:508:6:aci_gatt_attribute_modified_event	80	static
HW_Bluetooth.c:579:6:aci_gatt_proc_complete_event	8	static
HW_Bluetooth.c:590:6:aci_gatt_disc_read_char_by_uuid_resp_event	24	static
HW_Bluetooth.c:609:6:aci_hal_end_of_radio_activity_event	8	static
HW_Bluetooth.c:640:6:hci_le_advertising_report_event	32	static
HW_Bluetooth.c:665:6:aci_gap_proc_complete_event	40	static
