Archive member included to satisfy reference by file (symbol)

..\..\..\..\..\..\Library\Bluetooth_LE\library\libbluenrg1_stack.a(bluenrg_gap_aci.o)
                              Stack\stack_user_cfg.o (aci_gap_create_connection_api)
..\..\..\..\..\..\Library\Bluetooth_LE\library\libbluenrg1_stack.a(bluenrg_gatt_aci.o)
                              User\Bluetooth\BL_gatt_db.o (aci_gatt_add_char)
..\..\..\..\..\..\Library\Bluetooth_LE\library\libbluenrg1_stack.a(bluenrg_hal_aci.o)
                              User\HardwareUtil\HW_Bluetooth.o (aci_hal_set_tx_power_level)
..\..\..\..\..\..\Library\Bluetooth_LE\library\libbluenrg1_stack.a(bluenrg_l2cap_aci.o)
                              Stack\stack_user_cfg.o (aci_l2cap_connection_parameter_update_resp_api)
..\..\..\..\..\..\Library\Bluetooth_LE\library\libbluenrg1_stack.a(bluenrg_main_func.o)
                              User\HardwareUtil\HW_Bluetooth.o (BTLE_StackTick)
..\..\..\..\..\..\Library\Bluetooth_LE\library\libbluenrg1_stack.a(gap.o)
                              ..\..\..\..\..\..\Library\Bluetooth_LE\library\libbluenrg1_stack.a(bluenrg_gap_aci.o) (GAP_Create_Connection)
..\..\..\..\..\..\Library\Bluetooth_LE\library\libbluenrg1_stack.a(gatt_client.o)
                              ..\..\..\..\..\..\Library\Bluetooth_LE\library\libbluenrg1_stack.a(bluenrg_gatt_aci.o) (Gatt_Confirm_Indication)
..\..\..\..\..\..\Library\Bluetooth_LE\library\libbluenrg1_stack.a(gatt_server.o)
                              ..\..\..\..\..\..\Library\Bluetooth_LE\library\libbluenrg1_stack.a(gatt_client.o) (GATT_Send_Packet)
..\..\..\..\..\..\Library\Bluetooth_LE\library\libbluenrg1_stack.a(hal.o)
                              ..\..\..\..\..\..\Library\Bluetooth_LE\library\libbluenrg1_stack.a(bluenrg_hal_aci.o) (HAL_Read_ConfigData)
..\..\..\..\..\..\Library\Bluetooth_LE\library\libbluenrg1_stack.a(hci.o)
                              ..\..\..\..\..\..\Library\Bluetooth_LE\library\libbluenrg1_stack.a(bluenrg_main_func.o) (Controller_Process_Q)
..\..\..\..\..\..\Library\Bluetooth_LE\library\libbluenrg1_stack.a(hci_privacy.o)
                              Stack\stack_user_cfg.o (hci_le_add_device_to_resolving_list_api)
..\..\..\..\..\..\Library\Bluetooth_LE\library\libbluenrg1_stack.a(host_timer.o)
                              ..\..\..\..\..\..\Library\Bluetooth_LE\library\libbluenrg1_stack.a(bluenrg_main_func.o) (Timer_Init)
..\..\..\..\..\..\Library\Bluetooth_LE\library\libbluenrg1_stack.a(l2cap.o)
                              ..\..\..\..\..\..\Library\Bluetooth_LE\library\libbluenrg1_stack.a(bluenrg_l2cap_aci.o) (L2C_Build_Connect_Update_Req)
..\..\..\..\..\..\Library\Bluetooth_LE\library\libbluenrg1_stack.a(ll_isr.o)
                              Stack\stack_user_cfg.o (Data_Length_Update_Control_ISR)
..\..\..\..\..\..\Library\Bluetooth_LE\library\libbluenrg1_stack.a(ll_privacy.o)
                              ..\..\..\..\..\..\Library\Bluetooth_LE\library\libbluenrg1_stack.a(hci_privacy.o) (LL_LE_Add_Device_To_Resolving_List)
..\..\..\..\..\..\Library\Bluetooth_LE\library\libbluenrg1_stack.a(ll_routines.o)
                              Stack\stack_user_cfg.o (Data_Len_Update_Offline_Processing)
..\..\..\..\..\..\Library\Bluetooth_LE\library\libbluenrg1_stack.a(ll_routines_master.o)
                              ..\..\..\..\..\..\Library\Bluetooth_LE\library\libbluenrg1_stack.a(gap.o) (LL_Create_Connection)
..\..\..\..\..\..\Library\Bluetooth_LE\library\libbluenrg1_stack.a(ll_routines_support.o)
                              Stack\stack_user_cfg.o (LL_Encrypt_Plain_Data)
..\..\..\..\..\..\Library\Bluetooth_LE\library\libbluenrg1_stack.a(mem_alloc.o)
                              ..\..\..\..\..\..\Library\Bluetooth_LE\library\libbluenrg1_stack.a(bluenrg_main_func.o) (_BlueNRG_Stack_Init_params)
..\..\..\..\..\..\Library\Bluetooth_LE\library\libbluenrg1_stack.a(mem_buff.o)
                              ..\..\..\..\..\..\Library\Bluetooth_LE\library\libbluenrg1_stack.a(l2cap.o) (Mem_Buff_Append)
..\..\..\..\..\..\Library\Bluetooth_LE\library\libbluenrg1_stack.a(multi_master_time.o)
                              ..\..\..\..\..\..\Library\Bluetooth_LE\library\libbluenrg1_stack.a(hci.o) (LL_Get_Anchor_Interval)
..\..\..\..\..\..\Library\Bluetooth_LE\library\libbluenrg1_stack.a(nvm.o)
                              ..\..\..\..\..\..\Library\Bluetooth_LE\library\libbluenrg1_stack.a(ll_isr.o) (Is_Flash_Write_On_Going)
..\..\..\..\..\..\Library\Bluetooth_LE\library\libbluenrg1_stack.a(pka.o)
                              ..\..\..\..\..\..\Library\Bluetooth_LE\library\libbluenrg1_stack.a(hci.o) (PKA_Generate_ECDH_Public_Key)
..\..\..\..\..\..\Library\Bluetooth_LE\library\libbluenrg1_stack.a(pm.o)
                              ..\..\..\..\..\..\Library\Bluetooth_LE\library\libbluenrg1_stack.a(l2cap.o) (PM_Compact)
..\..\..\..\..\..\Library\Bluetooth_LE\library\libbluenrg1_stack.a(rom_att.o)
[...]
Memory Configuration

Name             Origin             Length             Attributes
REGION_RAM       0x20000000         0x00006000         xrw
REGION_FLASH_BOOTLOADER 0x10040000         0x00000000         xr
REGION_FLASH     0x10040000         0x0003f000         xr
REGION_NVM       0x1007f000         0x00001000         xr
REGION_ROM       0x10000000         0x00000800         xr
*default*        0x00000000         0xffffffff

Linker script and memory map

LOAD Hal\clock.o
LOAD Hal\context_switch.o
LOAD Hal\gp_timer.o
LOAD Hal\miscutil.o
LOAD Hal\osal.o
LOAD Library\BlueNRG1_adc.o
LOAD Library\BlueNRG1_dma.o
LOAD Library\BlueNRG1_flash.o
LOAD Library\BlueNRG1_gpio.o
LOAD Library\BlueNRG1_i2c.o
LOAD Library\BlueNRG1_mft.o
LOAD Library\BlueNRG1_pka.o
LOAD Library\BlueNRG1_rng.o
LOAD Library\BlueNRG1_rtc.o
LOAD Library\BlueNRG1_spi.o
LOAD Library\BlueNRG1_sysCtrl.o
LOAD Library\BlueNRG1_uart.o
LOAD Library\BlueNRG1_wdg.o
LOAD Library\misc.o
LOAD SDK_Eval_BlueNRG1\SDK_EVAL_Button.o
LOAD SDK_Eval_BlueNRG1\SDK_EVAL_Com.o
LOAD SDK_Eval_BlueNRG1\SDK_EVAL_Config.o
LOAD SDK_Eval_BlueNRG1\SDK_EVAL_Led.o
LOAD Stack\stack_user_cfg.o
LOAD Startup\system_bluenrg1.o
LOAD User\Bluetooth\BL_gatt_db.o
LOAD User\Debug\DB_Assert.o
LOAD User\Debug\DB_Console.o
LOAD User\Debug\DB_TestCases.o
LOAD User\HardwareUtil\HW_Bluetooth.o
LOAD User\HardwareUtil\HW_GPIO.o
LOAD User\HardwareUtil\HW_I2C.o
LOAD User\HardwareUtil\HW_Init.o
LOAD User\HardwareUtil\HW_MAC.o
LOAD User\HardwareUtil\HW_UART.o
LOAD User\Main\BlueHomeApp.o
LOAD User\RuleProcess\RP_ActionManager.o
LOAD User\RuleProcess\RP_Init.o
LOAD User\RuleProcess\RP_RuleChecker.o
LOAD User\RuleProcess\RP_SourceManager.o
LOAD User\SourceActionManager\SAM_Bluetooth.o
LOAD User\SourceActionManager\SAM_Display.o
LOAD User\SourceActionManager\SAM_Init.o
LOAD User\SourceActionManager\SAM_PWM.o
LOAD User\SourceActionManager\SAM_Pieper.o
LOAD User\SourceActionManager\SAM_Programming.o
LOAD User\SourceActionManager\SAM_RTC.o
LOAD User\SourceActionManager\SAM_Relais.o
LOAD User\SourceActionManager\SAM_TouchButton.o
LOAD ..\..\..\..\..\..\Library\Bluetooth_LE\library\libbluenrg1_stack.a
LOAD ../../../../../../Library\cryptolib\libcrypto.a
                0x00000001                ST_LINKER_OPTION = 0x1
                0x00000080                malloc_getpagesize_P = 0x80
START GROUP
LOAD c:/program files (x86)/atollic/truestudio for stm32 9.2.0/armtools/bin/../lib/gcc/arm-atollic-eabi/6.3.1/../../../../arm-atollic-eabi/lib/armv6-m\libc.a
LOAD c:/program files (x86)/atollic/truestudio for stm32 9.2.0/armtools/bin/../lib/gcc/arm-atollic-eabi/6.3.1/../../../../arm-atollic-eabi/lib/armv6-m\libm.a
END GROUP
                0x20000000                _MEMORY_RAM_BEGIN_ = 0x20000000
                0x00006000                _MEMORY_RAM_SIZE_ = 0x6000
                0x20005fff                _MEMORY_RAM_END_ = 0x20005fff
                0x10040000                _MEMORY_FLASH_BEGIN_ = 0x10040000
                0x00040000                _MEMORY_FLASH_SIZE_ = 0x40000
                0x1007ffff                _MEMORY_FLASH_END_ = 0x1007ffff
                0x10000000                _MEMORY_ROM_BEGIN_ = 0x10000000
                0x00000800                _MEMORY_ROM_SIZE_ = 0x800
                0x100007ff                _MEMORY_ROM_END_ = 0x100007ff
                0x00001000                FLASH_NVM_DATASIZE = 0x1000
                0x00000000                MEMORY_FLASH_APP_OFFSET = DEFINED (MEMORY_FLASH_APP_OFFSET)?MEMORY_FLASH_APP_OFFSET:0x0
                0x0003f000                MEMORY_FLASH_APP_SIZE = DEFINED (MEMORY_FLASH_APP_SIZE)?MEMORY_FLASH_APP_SIZE:((_MEMORY_FLASH_SIZE_ - FLASH_NVM_DATASIZE) - MEMORY_FLASH_APP_OFFSET)
                0x000002cc                MEMORY_RAM_APP_OFFSET = DEFINED (MEMORY_RAM_APP_OFFSET)?MEMORY_RAM_APP_OFFSET:0x2cc
                0x00000000                RESET_SM_MANAGER_SIZE = 0x0
                0x00000000                RESET_MANAGER_SIZE = 0x0
                [0x00000000]                RESET_MANAGER_SIZE = DEFINED (ST_OTA_HIGHER_APPLICATION)?0x800:RESET_MANAGER_SIZE
                [0x0003f000]                MEMORY_FLASH_APP_SIZE = DEFINED (ST_OTA_HIGHER_APPLICATION)?((((_MEMORY_FLASH_SIZE_ - RESET_MANAGER_SIZE) - FLASH_NVM_DATASIZE) - 0x800) / 0x2):MEMORY_FLASH_APP_SIZE
                [0x00000000]                MEMORY_FLASH_APP_OFFSET = DEFINED (ST_OTA_HIGHER_APPLICATION)?(RESET_MANAGER_SIZE + MEMORY_FLASH_APP_SIZE):MEMORY_FLASH_APP_OFFSET
                [0x00000000]                RESET_MANAGER_SIZE = DEFINED (ST_OTA_LOWER_APPLICATION)?0x800:RESET_MANAGER_SIZE
                [0x0003f000]                MEMORY_FLASH_APP_SIZE = DEFINED (ST_OTA_LOWER_APPLICATION)?((((_MEMORY_FLASH_SIZE_ - RESET_MANAGER_SIZE) - FLASH_NVM_DATASIZE) - 0x800) / 0x2):MEMORY_FLASH_APP_SIZE
                [0x00000000]                MEMORY_FLASH_APP_OFFSET = DEFINED (ST_OTA_LOWER_APPLICATION)?RESET_MANAGER_SIZE:MEMORY_FLASH_APP_OFFSET
                [0x00000000]                RESET_SM_MANAGER_SIZE = DEFINED (ST_USE_OTA_SERVICE_MANAGER_APPLICATION)?0x11800:RESET_SM_MANAGER_SIZE
                [0x0003f000]                MEMORY_FLASH_APP_SIZE = DEFINED (ST_USE_OTA_SERVICE_MANAGER_APPLICATION)?((_MEMORY_FLASH_SIZE_ - RESET_SM_MANAGER_SIZE) - FLASH_NVM_DATASIZE):MEMORY_FLASH_APP_SIZE
                [0x00000000]                MEMORY_FLASH_APP_OFFSET = DEFINED (ST_USE_OTA_SERVICE_MANAGER_APPLICATION)?RESET_SM_MANAGER_SIZE:MEMORY_FLASH_APP_OFFSET
                0x00000000                EXTERNAL_BLE_STACK_FLASH_OFFSET = DEFINED (EXTERNAL_BLE_STACK_FLASH_OFFSET)?EXTERNAL_BLE_STACK_FLASH_OFFSET:0x0
                0x100400c0                cmd_call_table = ((_MEMORY_FLASH_BEGIN_ + 0xc0) + EXTERNAL_BLE_STACK_FLASH_OFFSET)
                0x200002cc                ev_call_table = 0x200002cc
                0x00000000                _Min_Heap_Size = 0x0
                0x00000c00                _Min_Stack_Size = 0xc00

.bootloader     0x10040000        0x0
                0x10040000                . = ALIGN (0x4)
 *(.bootloader)
                0x10040000                . = ALIGN (0x4)

.intvec         0x10040000       0xc0
                0x10040000                . = ALIGN (0x4)
 *(.intvec)
 .intvec        0x10040000       0xc0 Startup\system_bluenrg1.o
                0x10040000                __vector_table
                0x100400c0                . = ALIGN (0x4)

.text           0x100400c0    0x19e60
                0x100400c0                . = ALIGN (0x4)
 *(.cmd_call_table)
 *(.text)
 .text          0x100400c0       0x64 Hal\context_switch.o
                0x100400c0                CS_contextSave
                0x100400f2                CS_contextRestore
 .text          0x10040124       0x14 c:/program files (x86)/atollic/truestudio for stm32 9.2.0/armtools/bin/../lib/gcc/arm-atollic-eabi/6.3.1/../../../../arm-atollic-eabi/lib/armv6-m\libc.a(lib_a-strcmp.o)
                0x10040124                strcmp
 .text          0x10040138        0xe c:/program files (x86)/atollic/truestudio for stm32 9.2.0/armtools/bin/../lib/gcc/arm-atollic-eabi/6.3.1/../../../../arm-atollic-eabi/lib/armv6-m\libc.a(lib_a-strlen.o)
                0x10040138                strlen
 *fill*         0x10040146        0x2 
 .text          0x10040148       0x14 c:/program files (x86)/atollic/truestudio for stm32 9.2.0/armtools/bin/../lib/gcc/arm-atollic-eabi/6.3.1/armv6-m\libgcc.a(_thumb1_case_uqi.o)
                0x10040148                __gnu_thumb1_case_uqi
 .text          0x1004015c      0x114 c:/program files (x86)/atollic/truestudio for stm32 9.2.0/armtools/bin/../lib/gcc/arm-atollic-eabi/6.3.1/armv6-m\libgcc.a(_udivsi3.o)
                0x1004015c                __aeabi_uidiv
                0x1004015c                __udivsi3
                0x10040268                __aeabi_uidivmod
 .text          0x10040270      0x1d4 c:/program files (x86)/atollic/truestudio for stm32 9.2.0/armtools/bin/../lib/gcc/arm-atollic-eabi/6.3.1/armv6-m\libgcc.a(_divsi3.o)
                0x10040270                __divsi3
                0x10040270                __aeabi_idiv
                0x1004043c                __aeabi_idivmod
 .text          0x10040444        0x4 c:/program files (x86)/atollic/truestudio for stm32 9.2.0/armtools/bin/../lib/gcc/arm-atollic-eabi/6.3.1/armv6-m\libgcc.a(_dvmd_tls.o)
                0x10040444                __aeabi_idiv0
                0x10040444                __aeabi_ldiv0
 .text          0x10040448       0x74 c:/program files (x86)/atollic/truestudio for stm32 9.2.0/armtools/bin/../lib/gcc/arm-atollic-eabi/6.3.1/armv6-m\libgcc.a(unaligned-funcs.o)
                0x10040448                __aeabi_uread4
                0x10040460                __aeabi_uwrite4
                0x10040470                __aeabi_uread8
                0x1004049c                __aeabi_uwrite8
 *(.text*)
 .text.SysCount_Handler
                0x100404bc       0x10 Hal\clock.o
                0x100404bc                SysCount_Handler
 .text.Clock_Init
                0x100404cc       0x2c Hal\clock.o
                0x100404cc                Clock_Init
 .text.HAL_GetPartInfo
                0x100404f8       0x4c Hal\miscutil.o
                0x100404f8                HAL_GetPartInfo
 .text.BLEPLAT_get_part_info
                0x10040544       0x22 Hal\miscutil.o
                0x10040544                BLEPLAT_get_part_info
 .text.Osal_MemCpy
                0x10040566        0x8 Hal\osal.o
                0x10040566                Osal_MemCpy
 .text.Osal_MemSet
                0x1004056e        0x8 Hal\osal.o
                0x1004056e                Osal_MemSet
 .text.Osal_MemCmp
                0x10040576        0x8 Hal\osal.o
                0x10040576                Osal_MemCmp
 .text.FLASH_ReadByte
                0x1004057e        0x6 Library\BlueNRG1_flash.o
                0x1004057e                FLASH_ReadByte
 .text.FLASH_WaitCmdDone
                0x10040584       0x10 Library\BlueNRG1_flash.o
                0x10040584                FLASH_WaitCmdDone
 .text.FLASH_ErasePage
                0x10040594       0x30 Library\BlueNRG1_flash.o
                0x10040594                FLASH_ErasePage
 .text.FLASH_ProgramWord
                0x100405c4       0x30 Library\BlueNRG1_flash.o
                0x100405c4                FLASH_ProgramWord
 .text.GPIO_Init
                0x100405f4       0xda Library\BlueNRG1_gpio.o
                0x100405f4                GPIO_Init
 .text.GPIO_SetBits
                0x100406ce        0x8 Library\BlueNRG1_gpio.o
                0x100406ce                GPIO_SetBits
 .text.GPIO_ResetBits
                0x100406d6        0x8 Library\BlueNRG1_gpio.o
                0x100406d6                GPIO_ResetBits
 .text.GPIO_ToggleBits
                0x100406de        0xc Library\BlueNRG1_gpio.o
                0x100406de                GPIO_ToggleBits
 .text.GPIO_ClearITPendingBit
                0x100406ea        0xc Library\BlueNRG1_gpio.o
                0x100406ea                GPIO_ClearITPendingBit
 .text.GPIO_GetITPendingBit
                0x100406f6       0x10 Library\BlueNRG1_gpio.o
                0x100406f6                GPIO_GetITPendingBit
 *fill*         0x10040706        0x2 
 .text.I2C_Init
                0x10040708       0xc8 Library\BlueNRG1_i2c.o
                0x10040708                I2C_Init
 .text.I2C_Cmd  0x100407d0       0x14 Library\BlueNRG1_i2c.o
                0x100407d0                I2C_Cmd
 .text.I2C_BeginTransaction
                0x100407e4       0x1e Library\BlueNRG1_i2c.o
                0x100407e4                I2C_BeginTransaction
 .text.I2C_ITConfig
                0x10040802       0x12 Library\BlueNRG1_i2c.o
                0x10040802                I2C_ITConfig
 .text.I2C_FillTxFIFO
                0x10040814        0x4 Library\BlueNRG1_i2c.o
                0x10040814                I2C_FillTxFIFO
 .text.I2C_GenerateStopCondition
                0x10040818       0x10 Library\BlueNRG1_i2c.o
                0x10040818                I2C_GenerateStopCondition
 .text.I2C_ClearITPendingBit
                0x10040828        0x4 Library\BlueNRG1_i2c.o
                0x10040828                I2C_ClearITPendingBit
 .text.MFT_Init
                0x1004082c       0x88 Library\BlueNRG1_mft.o
                0x1004082c                MFT_Init
 .text.MFT_Cmd  0x100408b4       0x14 Library\BlueNRG1_mft.o
                0x100408b4                MFT_Cmd
 .text.MFT_TnXEN
                0x100408c8       0x28 Library\BlueNRG1_mft.o
                0x100408c8                MFT_TnXEN
 .text.MFT_EnableIT
                0x100408f0       0x16 Library\BlueNRG1_mft.o
                0x100408f0                MFT_EnableIT
 .text.MFT_ClearIT
                0x10040906        0xa Library\BlueNRG1_mft.o
                0x10040906                MFT_ClearIT
 .text.PKA_Reset
                0x10040910       0x18 Library\BlueNRG1_pka.o
                0x10040910                PKA_Reset
 .text.PKA_StartProcessing
                0x10040928       0x14 Library\BlueNRG1_pka.o
                0x10040928                PKA_StartProcessing
 .text.PKA_GetProcessStatus
                0x1004093c        0xc Library\BlueNRG1_pka.o
                0x1004093c                PKA_GetProcessStatus
 .text.PKA_VerifyProcess
                0x10040948       0x10 Library\BlueNRG1_pka.o
                0x10040948                PKA_VerifyProcess
 .text.PKA_SetData
                0x10040958       0x40 Library\BlueNRG1_pka.o
                0x10040958                PKA_SetData
 .text.PKA_GetData
                0x10040998       0x3c Library\BlueNRG1_pka.o
                0x10040998                PKA_GetData
 .text.SysCtrl_PeripheralClockCmd
                0x100409d4       0x18 Library\BlueNRG1_sysCtrl.o
                0x100409d4                SysCtrl_PeripheralClockCmd
 .text.UART_Cmd
                0x100409ec       0x1c Library\BlueNRG1_uart.o
                0x100409ec                UART_Cmd
 .text.UART_Init
                0x10040a08      0x150 Library\BlueNRG1_uart.o
                0x10040a08                UART_Init
 .text.UART_ITConfig
                0x10040b58       0x18 Library\BlueNRG1_uart.o
                0x10040b58                UART_ITConfig
 .text.UART_SendData
                0x10040b70       0x10 Library\BlueNRG1_uart.o
                0x10040b70                UART_SendData
 .text.UART_ReceiveData
                0x10040b80        0xc Library\BlueNRG1_uart.o
                0x10040b80                UART_ReceiveData
 .text.UART_GetFlagStatus
                0x10040b8c       0x1c Library\BlueNRG1_uart.o
                0x10040b8c                UART_GetFlagStatus
 .text.UART_GetITStatus
                0x10040ba8       0x14 Library\BlueNRG1_uart.o
                0x10040ba8                UART_GetITStatus
 .text.UART_RxFifoIrqLevelConfig
                0x10040bbc       0x1c Library\BlueNRG1_uart.o
                0x10040bbc                UART_RxFifoIrqLevelConfig
 .text.NVIC_Init
                0x10040bd8       0x90 Library\misc.o
                0x10040bd8                NVIC_Init
 .text.SdkEvalComUartInit
                0x10040c68       0x94 SDK_Eval_BlueNRG1\SDK_EVAL_Com.o
                0x10040c68                SdkEvalComUartInit
 .text.SdkEvalComUartIrqConfig
                0x10040cfc       0x1e SDK_Eval_BlueNRG1\SDK_EVAL_Com.o
                0x10040cfc                SdkEvalComUartIrqConfig
 *fill*         0x10040d1a        0x2 
 .text._sbrk    0x10040d1c       0x3c SDK_Eval_BlueNRG1\SDK_EVAL_Com.o
                0x10040d1c                _sbrk
 .text.__aeabi_memcpy
                0x10040d58        0x8 SDK_Eval_BlueNRG1\SDK_EVAL_Com.o
                0x10040d58                __aeabi_memcpy
 .text.__aeabi_memcpy4
                0x10040d60        0x8 SDK_Eval_BlueNRG1\SDK_EVAL_Com.o
                0x10040d60                __aeabi_memcpy4
 .text.__aeabi_memclr4
                0x10040d68        0xc SDK_Eval_BlueNRG1\SDK_EVAL_Com.o
                0x10040d68                __aeabi_memclr4
 .text.SdkEvalIdentification
                0x10040d74        0xc SDK_Eval_BlueNRG1\SDK_EVAL_Config.o
                0x10040d74                SdkEvalIdentification
 .text.SdkEvalGetVersion
                0x10040d80        0xc SDK_Eval_BlueNRG1\SDK_EVAL_Config.o
                0x10040d80                SdkEvalGetVersion
 .text.PRIV_vGeneratePrivateAddress_ucfg
                0x10040d8c        0x8 Stack\stack_user_cfg.o
                0x10040d8c                PRIV_vGeneratePrivateAddress_ucfg
 .text.PRIV_u32ProcessAdvPacket_ucfg
                0x10040d94        0x8 Stack\stack_user_cfg.o
                0x10040d94                PRIV_u32ProcessAdvPacket_ucfg
 .text.PRIV_u8OfflineProcessing_ucfg
                0x10040d9c        0x8 Stack\stack_user_cfg.o
                0x10040d9c                PRIV_u8OfflineProcessing_ucfg
 .text.PRIV_vGenerate_hci_le_enhanced_connection_complete_event_ucfg
                0x10040da4       0x1e Stack\stack_user_cfg.o
                0x10040da4                PRIV_vGenerate_hci_le_enhanced_connection_complete_event_ucfg
 .text.PRIV_vGenerate_hci_le_direct_advertising_report_event_ucfg
                0x10040dc2       0x1a Stack\stack_user_cfg.o
                0x10040dc2                PRIV_vGenerate_hci_le_direct_advertising_report_event_ucfg
 .text.GAP_enable_controller_privacy_ucfg
                0x10040ddc        0x8 Stack\stack_user_cfg.o
                0x10040ddc                GAP_enable_controller_privacy_ucfg
 .text.LL_Encrypt_Plain_Data_ucfg
                0x10040de4        0x8 Stack\stack_user_cfg.o
                0x10040de4                LL_Encrypt_Plain_Data_ucfg
 .text.PRIV_controller_privacy_csr_ucfg
                0x10040dec        0x4 Stack\stack_user_cfg.o
                0x10040dec                PRIV_controller_privacy_csr_ucfg
 .text.aci_gap_create_connection
                0x10040df0       0x42 Stack\stack_user_cfg.o
                0x10040df0                aci_gap_create_connection
 .text.aci_gap_start_general_discovery_proc
                0x10040e32        0x8 Stack\stack_user_cfg.o
                0x10040e32                aci_gap_start_general_discovery_proc
 .text.GAP_DiscProcTimeoutcb_ucfg
                0x10040e3a        0x8 Stack\stack_user_cfg.o
                0x10040e3a                GAP_DiscProcTimeoutcb_ucfg
 .text.GAP_LimDiscTimeoutcb_ucfg
                0x10040e42        0x8 Stack\stack_user_cfg.o
                0x10040e42                GAP_LimDiscTimeoutcb_ucfg
 .text.cancel_connect_master_ucfg
                0x10040e4a        0x8 Stack\stack_user_cfg.o
                0x10040e4a                cancel_connect_master_ucfg
 .text.isr_event_handler_scan_data_ucfg
                0x10040e52        0x8 Stack\stack_user_cfg.o
                0x10040e52                isr_event_handler_scan_data_ucfg
 .text.Reclassify_All_Channels_ucfg
                0x10040e5a        0x8 Stack\stack_user_cfg.o
                0x10040e5a                Reclassify_All_Channels_ucfg
 .text.GAP_check_and_set_role_ucfg
                0x10040e62        0x8 Stack\stack_user_cfg.o
                0x10040e62                GAP_check_and_set_role_ucfg
 .text.GAP_discover_peer_name_ucfg
                0x10040e6a        0x8 Stack\stack_user_cfg.o
                0x10040e6a                GAP_discover_peer_name_ucfg
 .text.state_func_call_init_csr_ucfg
                0x10040e72        0x8 Stack\stack_user_cfg.o
                0x10040e72                state_func_call_init_csr_ucfg
 .text.smp_MI_Start_Encryption_ucfg
                0x10040e7a        0x8 Stack\stack_user_cfg.o
                0x10040e7a                smp_MI_Start_Encryption_ucfg
 .text.smp_Execute_Actions_wrt_Current_State_MI_excerpt_ucfg
                0x10040e82        0x8 Stack\stack_user_cfg.o
                0x10040e82                smp_Execute_Actions_wrt_Current_State_MI_excerpt_ucfg
 .text.smp_Process_Rx_Packet_wrt_Current_State_MI_excerpt_ucfg
                0x10040e8a        0x8 Stack\stack_user_cfg.o
                0x10040e8a                smp_Process_Rx_Packet_wrt_Current_State_MI_excerpt_ucfg
 .text.smp_Execute_Actions_wrt_Current_State_sc_MI_excerpt_phase2as2_ucfg
                0x10040e92        0x8 Stack\stack_user_cfg.o
                0x10040e92                smp_Execute_Actions_wrt_Current_State_sc_MI_excerpt_phase2as2_ucfg
 .text.Data_Len_Update_Offline_Processing_ucfg
                0x10040e9a        0x8 Stack\stack_user_cfg.o
                0x10040e9a                Data_Len_Update_Offline_Processing_ucfg
 .text.Data_Length_Update_Control_ISR_ucfg
                0x10040ea2        0x8 Stack\stack_user_cfg.o
                0x10040ea2                Data_Length_Update_Control_ISR_ucfg
 .text.ll_write_supported_data_ucfg
                0x10040eaa        0x8 Stack\stack_user_cfg.o
                0x10040eaa                ll_write_supported_data_ucfg
 .text.LL_Data_Length_Change_Event_ucfg
                0x10040eb2        0x8 Stack\stack_user_cfg.o
                0x10040eb2                LL_Data_Length_Change_Event_ucfg
 .text.LL_Send_Length_Resp_ucfg
                0x10040eba        0x8 Stack\stack_user_cfg.o
                0x10040eba                LL_Send_Length_Resp_ucfg
 .text.data_length_extension_csr_ucfg
                0x10040ec2        0x4 Stack\stack_user_cfg.o
                0x10040ec2                data_length_extension_csr_ucfg
 .text.PKA_Offline_Processing_ucfg
                0x10040ec6        0x8 Stack\stack_user_cfg.o
                0x10040ec6                PKA_Offline_Processing_ucfg
 .text.smp_sc_init_ucfg
                0x10040ece        0x8 Stack\stack_user_cfg.o
                0x10040ece                smp_sc_init_ucfg
 .text.smp_sc_continue_on_exclusive_sc_pairing_ucfg
                0x10040ed6        0x8 Stack\stack_user_cfg.o
                0x10040ed6                smp_sc_continue_on_exclusive_sc_pairing_ucfg
 .text.smp_sc_check_for_ecc_pk_generation_request_ucfg
                0x10040ede        0x8 Stack\stack_user_cfg.o
                0x10040ede                smp_sc_check_for_ecc_pk_generation_request_ucfg
 .text.smp_sc_update_statistics_on_pairing_complete_ucfg
                0x10040ee6        0x8 Stack\stack_user_cfg.o
                0x10040ee6                smp_sc_update_statistics_on_pairing_complete_ucfg
 .text.secure_connections_csr_ucfg
                0x10040eee        0x4 Stack\stack_user_cfg.o
                0x10040eee                secure_connections_csr_ucfg
 .text.smp_sc_hci_le_read_local_p256_public_key_complete_evt_hndl_ucfg
                0x10040ef2        0x8 Stack\stack_user_cfg.o
                0x10040ef2                smp_sc_hci_le_read_local_p256_public_key_complete_evt_hndl_ucfg
 .text.smp_sc_hci_le_generate_dhkey_complete_evt_hndl_ucfg
                0x10040efa        0x8 Stack\stack_user_cfg.o
                0x10040efa                smp_sc_hci_le_generate_dhkey_complete_evt_hndl_ucfg
 .text.smp_sc_MI_PairingResponse_Receive_sc_excerpt_ucfg
                0x10040f02        0x8 Stack\stack_user_cfg.o
                0x10040f02                smp_sc_MI_PairingResponse_Receive_sc_excerpt_ucfg
 .text.smp_sc_MI_Pairing_Phase_2AS1_Start_sc_excerpt_ucfg
                0x10040f0a        0x8 Stack\stack_user_cfg.o
                0x10040f0a                smp_sc_MI_Pairing_Phase_2AS1_Start_sc_excerpt_ucfg
 .text.smp_sc_SR_Pairing_Phase_2AS1_Start_sc_excerpt_ucfg
                0x10040f12        0x8 Stack\stack_user_cfg.o
                0x10040f12                smp_sc_SR_Pairing_Phase_2AS1_Start_sc_excerpt_ucfg
 .text.smp_sc_MI_PairingConfirm_Send_sc_excerpt_ucfg
                0x10040f1a        0x8 Stack\stack_user_cfg.o
                0x10040f1a                smp_sc_MI_PairingConfirm_Send_sc_excerpt_ucfg
 .text.smp_sc_MI_PairingRandom_Receive_sc_excerpt1_ucfg
                0x10040f22        0x8 Stack\stack_user_cfg.o
                0x10040f22                smp_sc_MI_PairingRandom_Receive_sc_excerpt1_ucfg
 .text.smp_sc_MI_PairingRandom_Receive_sc_excerpt2_ucfg
                0x10040f2a        0x8 Stack\stack_user_cfg.o
                0x10040f2a                smp_sc_MI_PairingRandom_Receive_sc_excerpt2_ucfg
 .text.smp_sc_SR_PairingConfirm_Receive_sc_excerpt_ucfg
                0x10040f32        0x8 Stack\stack_user_cfg.o
                0x10040f32                smp_sc_SR_PairingConfirm_Receive_sc_excerpt_ucfg
 .text.smp_sc_SR_PairingRandom_Receive_sc_excerpt_ucfg
                0x10040f3a        0x8 Stack\stack_user_cfg.o
                0x10040f3a                smp_sc_SR_PairingRandom_Receive_sc_excerpt_ucfg
 .text.smp_Execute_Actions_wrt_Current_State_sc_excerpt_phase_1_to_2_ucfg
                0x10040f42        0x8 Stack\stack_user_cfg.o
                0x10040f42                smp_Execute_Actions_wrt_Current_State_sc_excerpt_phase_1_to_2_ucfg
 .text.smp_Execute_Actions_wrt_Current_State_sc_excerpt_phase2as2_ucfg
                0x10040f4a        0x8 Stack\stack_user_cfg.o
                0x10040f4a                smp_Execute_Actions_wrt_Current_State_sc_excerpt_phase2as2_ucfg
 .text.smp_Process_Rx_Packet_wrt_Current_State_sc_excerpt_ucfg
                0x10040f52        0x8 Stack\stack_user_cfg.o
                0x10040f52                smp_Process_Rx_Packet_wrt_Current_State_sc_excerpt_ucfg
 .text.smp_Process_Rx_Packet_Exception_Cases_sc_excerpt_ucfg
                0x10040f5a        0x8 Stack\stack_user_cfg.o
                0x10040f5a                smp_Process_Rx_Packet_Exception_Cases_sc_excerpt_ucfg
 .text.PKA_Handler
                0x10040f62        0x2 Startup\system_bluenrg1.o
                0x10040f62                PKA_Handler
 .text.DMA_Handler
                0x10040f64        0x2 Startup\system_bluenrg1.o
                0x10040f64                DMA_Handler
 .text.NMI_Handler
                0x10040f66        0x2 Startup\system_bluenrg1.o
                0x10040f66                NMI_Handler
 .text.HardFault_Handler
                0x10040f68        0x2 Startup\system_bluenrg1.o
                0x10040f68                HardFault_Handler
 .text.SVC_Handler
                0x10040f6a        0x2 Startup\system_bluenrg1.o
                0x10040f6a                SVC_Handler
 .text.PendSV_Handler
                0x10040f6c        0x2 Startup\system_bluenrg1.o
                0x10040f6c                PendSV_Handler
 .text.NVM_Handler
                0x10040f6e        0x2 Startup\system_bluenrg1.o
                0x10040f6e                NVM_Handler
 .text.SPI_Handler
                0x10040f70        0x2 Startup\system_bluenrg1.o
                0x10040f70                SPI_Handler
 .text.MFT1A_Handler
                0x10040f72        0x2 Startup\system_bluenrg1.o
                0x10040f72                MFT1A_Handler
 .text.MFT1B_Handler
                0x10040f74        0x2 Startup\system_bluenrg1.o
                0x10040f74                MFT1B_Handler
 .text.MFT2A_Handler
                0x10040f76        0x2 Startup\system_bluenrg1.o
                0x10040f76                MFT2A_Handler
 .text.RTC_Handler
                0x10040f78        0x2 Startup\system_bluenrg1.o
                0x10040f78                RTC_Handler
 .text.WDG_Handler
                0x10040f7a        0x2 Startup\system_bluenrg1.o
                0x10040f7a                WDG_Handler
 .text.ADC_Handler
                0x10040f7c        0x2 Startup\system_bluenrg1.o
                0x10040f7c                ADC_Handler
 .text.I2C1_Handler
                0x10040f7e        0x2 Startup\system_bluenrg1.o
                0x10040f7e                I2C1_Handler
 .text.__low_level_init
                0x10040f80       0x38 Startup\system_bluenrg1.o
                0x10040f80                __low_level_init
 .text.RESET_HANDLER
                0x10040fb8       0x8c Startup\system_bluenrg1.o
                0x10040fb8                RESET_HANDLER
 .text.Set_RF_FrontEnd
                0x10041044       0x4c Startup\system_bluenrg1.o
                0x10041044                Set_RF_FrontEnd
 .text.BOR_ConfigSave
                0x10041090       0x60 Startup\system_bluenrg1.o
                0x10041090                BOR_ConfigSave
 .text.DeviceConfiguration
                0x100410f0      0x124 Startup\system_bluenrg1.o
                0x100410f0                DeviceConfiguration
 .text.SystemInit
                0x10041214      0x120 Startup\system_bluenrg1.o
                0x10041214                SystemInit
 .text.bl_gatt_getUUID
                0x10041334       0x5e User\Bluetooth\BL_gatt_db.o
                0x10041334                bl_gatt_getUUID
 *fill*         0x10041392        0x2 
 .text.bl_gatt_addHWInfoService
                0x10041394      0x23c User\Bluetooth\BL_gatt_db.o
                0x10041394                bl_gatt_addHWInfoService
 .text.bl_gatt_addCMDService
                0x100415d0       0xf8 User\Bluetooth\BL_gatt_db.o
                0x100415d0                bl_gatt_addCMDService
 .text.bl_gatt_addDirectService
                0x100416c8      0x1dc User\Bluetooth\BL_gatt_db.o
                0x100416c8                bl_gatt_addDirectService
 .text.bl_gatt_updateDirectParam
                0x100418a4       0x50 User\Bluetooth\BL_gatt_db.o
                0x100418a4                bl_gatt_updateDirectParam
 .text.bl_gatt_initHWInfo
                0x100418f4       0xac User\Bluetooth\BL_gatt_db.o
                0x100418f4                bl_gatt_initHWInfo
 .text.db_as_init
                0x100419a0       0x5c User\Debug\DB_Assert.o
                0x100419a0                db_as_init
 .text.db_as_checkInit
                0x100419fc       0x38 User\Debug\DB_Assert.o
                0x100419fc                db_as_checkInit
 .text.db_as_assert
                0x10041a34       0x30 User\Debug\DB_Assert.o
                0x10041a34                db_as_assert
 .text.db_cs_printString
                0x10041a64        0x8 User\Debug\DB_Console.o
                0x10041a64                db_cs_printString
 .text.db_cs_printMAC
                0x10041a6c       0x60 User\Debug\DB_Console.o
                0x10041a6c                db_cs_printMAC
 .text.db_cs_itoa
                0x10041acc       0x58 User\Debug\DB_Console.o
                0x10041acc                db_cs_itoa
 .text.db_cs_printInt
                0x10041b24       0x12 User\Debug\DB_Console.o
                0x10041b24                db_cs_printInt
 *fill*         0x10041b36        0x2 
 .text.db_cs_executeCommand
                0x10041b38      0x3c0 User\Debug\DB_Console.o
                0x10041b38                db_cs_executeCommand
 .text.db_cs_printAction
                0x10041ef8       0x70 User\Debug\DB_Console.o
                0x10041ef8                db_cs_printAction
 .text.db_cs_printSource
                0x10041f68       0x60 User\Debug\DB_Console.o
                0x10041f68                db_cs_printSource
 .text.db_tc_init_Eval
                0x10041fc8       0x20 User\Debug\DB_TestCases.o
                0x10041fc8                db_tc_init_Eval
 .text.hw_bl_initLink
                0x10041fe8      0x168 User\HardwareUtil\HW_Bluetooth.o
                0x10041fe8                hw_bl_initLink
 .text.hw_bl_init
                0x10042150       0x64 User\HardwareUtil\HW_Bluetooth.o
                0x10042150                hw_bl_init
 .text.hw_bl_setDeviceConnectable
                0x100421b4       0x64 User\HardwareUtil\HW_Bluetooth.o
                0x100421b4                hw_bl_setDeviceConnectable
 .text.hw_bl_setDeviceNonDiscover
                0x10042218       0x28 User\HardwareUtil\HW_Bluetooth.o
                0x10042218                hw_bl_setDeviceNonDiscover
 .text.hw_bl_makeConnection
                0x10042240       0x74 User\HardwareUtil\HW_Bluetooth.o
                0x10042240                hw_bl_makeConnection
 .text.hw_bl_terminateConnection
                0x100422b4       0x40 User\HardwareUtil\HW_Bluetooth.o
                0x100422b4                hw_bl_terminateConnection
 .text.hw_bl_sendPacket
                0x100422f4      0x13c User\HardwareUtil\HW_Bluetooth.o
                0x100422f4                hw_bl_sendPacket
 .text.aci_att_prepare_write_resp_event
                0x10042430       0x10 User\HardwareUtil\HW_Bluetooth.o
                0x10042430                aci_att_prepare_write_resp_event
 .text.aci_att_exec_write_resp_event
                0x10042440       0x10 User\HardwareUtil\HW_Bluetooth.o
                0x10042440                aci_att_exec_write_resp_event
 .text.hci_le_connection_complete_event
                0x10042450       0x3c User\HardwareUtil\HW_Bluetooth.o
                0x10042450                hci_le_connection_complete_event
 .text.hci_disconnection_complete_event
                0x1004248c       0x2c User\HardwareUtil\HW_Bluetooth.o
                0x1004248c                hci_disconnection_complete_event
 .text.aci_gatt_read_permit_req_event
                0x100424b8       0x18 User\HardwareUtil\HW_Bluetooth.o
                0x100424b8                aci_gatt_read_permit_req_event
 .text.aci_gatt_write_permit_req_event
                0x100424d0       0x28 User\HardwareUtil\HW_Bluetooth.o
                0x100424d0                aci_gatt_write_permit_req_event
 .text.aci_gatt_attribute_modified_event
                0x100424f8      0x128 User\HardwareUtil\HW_Bluetooth.o
                0x100424f8                aci_gatt_attribute_modified_event
 .text.aci_gatt_proc_complete_event
                0x10042620       0x44 User\HardwareUtil\HW_Bluetooth.o
                0x10042620                aci_gatt_proc_complete_event
 .text.aci_gatt_disc_read_char_by_uuid_resp_event
                0x10042664       0x54 User\HardwareUtil\HW_Bluetooth.o
                0x10042664                aci_gatt_disc_read_char_by_uuid_resp_event
 .text.aci_hal_end_of_radio_activity_event
                0x100426b8       0x10 User\HardwareUtil\HW_Bluetooth.o
                0x100426b8                aci_hal_end_of_radio_activity_event
 .text.hci_le_advertising_report_event
                0x100426c8       0x58 User\HardwareUtil\HW_Bluetooth.o
                0x100426c8                hci_le_advertising_report_event
 .text.aci_gap_proc_complete_event
                0x10042720       0xbc User\HardwareUtil\HW_Bluetooth.o
                0x10042720                aci_gap_proc_complete_event
 .text.hw_gpio_init
                0x100427dc        0xc User\HardwareUtil\HW_GPIO.o
                0x100427dc                hw_gpio_init
 .text.hw_gpio_init_PinOut
                0x100427e8       0x18 User\HardwareUtil\HW_GPIO.o
                0x100427e8                hw_gpio_init_PinOut
 .text.hw_gpio_init_PinSerial0
                0x10042800       0x18 User\HardwareUtil\HW_GPIO.o
                0x10042800                hw_gpio_init_PinSerial0
 .text.hw_gpio_init_PinSerial1
                0x10042818       0x18 User\HardwareUtil\HW_GPIO.o
                0x10042818                hw_gpio_init_PinSerial1
 .text.hw_gpio_init_PinSerial2
                0x10042830       0x18 User\HardwareUtil\HW_GPIO.o
                0x10042830                hw_gpio_init_PinSerial2
 .text.hw_i2c_init
                0x10042848       0xf8 User\HardwareUtil\HW_I2C.o
                0x10042848                hw_i2c_init
 .text.hw_init_init
                0x10042940       0xa0 User\HardwareUtil\HW_Init.o
                0x10042940                hw_init_init
 .text.hw_init_registerPinIdentfier
                0x100429e0       0x10 User\HardwareUtil\HW_Init.o
                0x100429e0                hw_init_registerPinIdentfier
 .text.hw_init_registerBusAddrIdentfier
                0x100429f0       0x10 User\HardwareUtil\HW_Init.o
                0x100429f0                hw_init_registerBusAddrIdentfier
 .text.hw_init_getIntPinFromSAM
                0x10042a00       0x20 User\HardwareUtil\HW_Init.o
                0x10042a00                hw_init_getIntPinFromSAM
 .text.hw_init_pins
                0x10042a20      0x100 User\HardwareUtil\HW_Init.o
                0x10042a20                hw_init_pins
 .text.hw_mac_reload
                0x10042b20       0x50 User\HardwareUtil\HW_MAC.o
                0x10042b20                hw_mac_reload
 .text.hw_mac_writeMacToFlash
                0x10042b70       0x54 User\HardwareUtil\HW_MAC.o
                0x10042b70                hw_mac_writeMacToFlash
 .text.hw_mac_writeCurrentMacToFlash
                0x10042bc4       0x10 User\HardwareUtil\HW_MAC.o
                0x10042bc4                hw_mac_writeCurrentMacToFlash
 .text.hw_mac_generateDeviceName
                0x10042bd4       0x88 User\HardwareUtil\HW_MAC.o
                0x10042bd4                hw_mac_generateDeviceName
 .text.hw_mac_generateDeviceAddress
                0x10042c5c       0x3c User\HardwareUtil\HW_MAC.o
                0x10042c5c                hw_mac_generateDeviceAddress
 .text.hw_mac_compareMac
                0x10042c98       0x3c User\HardwareUtil\HW_MAC.o
                0x10042c98                hw_mac_compareMac
 .text.hw_mac_init
                0x10042cd4       0x94 User\HardwareUtil\HW_MAC.o
                0x10042cd4                hw_mac_init
 .text.hw_mac_getMacId
                0x10042d68       0x38 User\HardwareUtil\HW_MAC.o
                0x10042d68                hw_mac_getMacId
 .text.hw_mac_getMac
                0x10042da0       0x38 User\HardwareUtil\HW_MAC.o
                0x10042da0                hw_mac_getMac
 .text.hw_uart_receiveISR
                0x10042dd8       0x4c User\HardwareUtil\HW_UART.o
                0x10042dd8                hw_uart_receiveISR
 .text.hw_uart_sendChar
                0x10042e24       0x16 User\HardwareUtil\HW_UART.o
                0x10042e24                hw_uart_sendChar
 .text.hw_uart_sendString
                0x10042e3a       0x14 User\HardwareUtil\HW_UART.o
                0x10042e3a                hw_uart_sendString
 *fill*         0x10042e4e        0x2 
 .text.APP_Tick
                0x10042e50       0x2c User\Main\BlueHomeApp.o
                0x10042e50                APP_Tick
 .text.startup.main
                0x10042e7c       0x58 User\Main\BlueHomeApp.o
                0x10042e7c                main
 .text.rp_am_noAction
                0x10042ed4       0x10 User\RuleProcess\RP_ActionManager.o
                0x10042ed4                rp_am_noAction
 .text.rp_am_noValue
                0x10042ee4       0x14 User\RuleProcess\RP_ActionManager.o
                0x10042ee4                rp_am_noValue
 .text.rp_am_unknownValue
                0x10042ef8       0x14 User\RuleProcess\RP_ActionManager.o
                0x10042ef8                rp_am_unknownValue
 .text.rp_am_sourceValue
                0x10042f0c       0x24 User\RuleProcess\RP_ActionManager.o
                0x10042f0c                rp_am_sourceValue
 .text.rp_am_loadActions
                0x10042f30       0x5c User\RuleProcess\RP_ActionManager.o
                0x10042f30                rp_am_loadActions
 .text.rp_am_init
                0x10042f8c       0x78 User\RuleProcess\RP_ActionManager.o
                0x10042f8c                rp_am_init
 .text.rp_am_registerSAMActionIdentfier
                0x10043004       0x10 User\RuleProcess\RP_ActionManager.o
                0x10043004                rp_am_registerSAMActionIdentfier
 .text.rp_am_addAction
                0x10043014       0x64 User\RuleProcess\RP_ActionManager.o
                0x10043014                rp_am_addAction
 .text.rp_am_addActionID
                0x10043078       0x18 User\RuleProcess\RP_ActionManager.o
                0x10043078                rp_am_addActionID
 .text.rp_am_replaceMask
                0x10043090       0x2c User\RuleProcess\RP_ActionManager.o
                0x10043090                rp_am_replaceMask
 .text.rp_am_triggerAction
                0x100430bc       0x40 User\RuleProcess\RP_ActionManager.o
                0x100430bc                rp_am_triggerAction
 .text.rp_am_tick
                0x100430fc       0x48 User\RuleProcess\RP_ActionManager.o
                0x100430fc                rp_am_tick
 .text.rp_init_init
                0x10043144       0x10 User\RuleProcess\RP_Init.o
                0x10043144                rp_init_init
 .text.rp_rc_loadRules
                0x10043154       0x90 User\RuleProcess\RP_RuleChecker.o
                0x10043154                rp_rc_loadRules
 .text.rp_rc_init
                0x100431e4       0x34 User\RuleProcess\RP_RuleChecker.o
                0x100431e4                rp_rc_init
 .text.rp_rc_addSource
                0x10043218       0x68 User\RuleProcess\RP_RuleChecker.o
                0x10043218                rp_rc_addSource
 .text.rp_rc_check
                0x10043280       0x78 User\RuleProcess\RP_RuleChecker.o
                0x10043280                rp_rc_check
 .text.rp_rc_tick
                0x100432f8       0x48 User\RuleProcess\RP_RuleChecker.o
                0x100432f8                rp_rc_tick
 .text.rp_im_init
                0x10043340        0x2 User\RuleProcess\RP_SourceManager.o
                0x10043340                rp_im_init
 *fill*         0x10043342        0x2 
 .text.rp_sm_registerSAMSourceIdentfier
                0x10043344       0x10 User\RuleProcess\RP_SourceManager.o
                0x10043344                rp_sm_registerSAMSourceIdentfier
 .text.rp_sm_triggerSource
                0x10043354       0x24 User\RuleProcess\RP_SourceManager.o
                0x10043354                rp_sm_triggerSource
 .text.Blue_Handler
                0x10043378        0x8 User\RuleProcess\RP_SourceManager.o
                0x10043378                Blue_Handler
 .text.SysTick_Handler
                0x10043380        0x8 User\RuleProcess\RP_SourceManager.o
                0x10043380                SysTick_Handler
 .text.UART_Handler
                0x10043388        0x8 User\RuleProcess\RP_SourceManager.o
                0x10043388                UART_Handler
 .text.GPIO_Handler
                0x10043390       0x38 User\RuleProcess\RP_SourceManager.o
                0x10043390                GPIO_Handler
 .text.MFT2B_Handler
                0x100433c8        0x8 User\RuleProcess\RP_SourceManager.o
                0x100433c8                MFT2B_Handler
 .text.I2C2_Handler
                0x100433d0       0x1c User\RuleProcess\RP_SourceManager.o
                0x100433d0                I2C2_Handler
 .text.sam_bl_triggerSource
                0x100433ec       0x48 User\SourceActionManager\SAM_Bluetooth.o
                0x100433ec                sam_bl_triggerSource
 .text.sam_bl_triggerAction
                0x10043434       0x40 User\SourceActionManager\SAM_Bluetooth.o
                0x10043434                sam_bl_triggerAction
 .text.sam_bl_init
                0x10043474       0x1c User\SourceActionManager\SAM_Bluetooth.o
                0x10043474                sam_bl_init
 .text.sam_init_init
                0x10043490       0x1c User\SourceActionManager\SAM_Init.o
                0x10043490                sam_init_init
 .text.sam_init_initHW
                0x100434ac        0x8 User\SourceActionManager\SAM_Init.o
                0x100434ac                sam_init_initHW
 .text.sam_pieper_triggerAction
                0x100434b4       0x80 User\SourceActionManager\SAM_Pieper.o
                0x100434b4                sam_pieper_triggerAction
 .text.sam_pieper_init
                0x10043534       0x24 User\SourceActionManager\SAM_Pieper.o
                0x10043534                sam_pieper_init
 .text.sam_pieper_initHW
                0x10043558       0x6c User\SourceActionManager\SAM_Pieper.o
                0x10043558                sam_pieper_initHW
 .text.sam_pieper_isr
                0x100435c4       0x20 User\SourceActionManager\SAM_Pieper.o
                0x100435c4                sam_pieper_isr
 .text.sam_prog_triggerSource
                0x100435e4       0x10 User\SourceActionManager\SAM_Programming.o
                0x100435e4                sam_prog_triggerSource
 .text.sam_prog_triggerAction
                0x100435f4       0x90 User\SourceActionManager\SAM_Programming.o
                0x100435f4                sam_prog_triggerAction
 .text.sam_prog_init
                0x10043684       0x1c User\SourceActionManager\SAM_Programming.o
                0x10043684                sam_prog_init
 .text.sam_rtc_triggerSource
                0x100436a0       0x10 User\SourceActionManager\SAM_RTC.o
                0x100436a0                sam_rtc_triggerSource
 .text.sam_rtc_triggerAction
                0x100436b0       0x10 User\SourceActionManager\SAM_RTC.o
                0x100436b0                sam_rtc_triggerAction
 .text.sam_rtc_init
                0x100436c0       0x3c User\SourceActionManager\SAM_RTC.o
                0x100436c0                sam_rtc_init
 .text.sam_relay_triggerSource
                0x100436fc       0x10 User\SourceActionManager\SAM_Relais.o
                0x100436fc                sam_relay_triggerSource
 .text.sam_relay_triggerAction
                0x1004370c       0xfc User\SourceActionManager\SAM_Relais.o
                0x1004370c                sam_relay_triggerAction
 .text.sam_relay_init
                0x10043808       0x60 User\SourceActionManager\SAM_Relais.o
                0x10043808                sam_relay_init
 .text.sam_tb_init
                0x10043868       0x18 User\SourceActionManager\SAM_TouchButton.o
                0x10043868                sam_tb_init
 .text.__aeabi_memmove
                0x10043880        0x8 c:/program files (x86)/atollic/truestudio for stm32 9.2.0/armtools/bin/../lib/gcc/arm-atollic-eabi/6.3.1/../../../../arm-atollic-eabi/lib/armv6-m\libc.a(lib_a-aeabi_memmove.o)
                0x10043880                __aeabi_memmove
                0x10043880                __aeabi_memmove4
                0x10043880                __aeabi_memmove8
 .text.atoi     0x10043888        0xc c:/program files (x86)/atollic/truestudio for stm32 9.2.0/armtools/bin/../lib/gcc/arm-atollic-eabi/6.3.1/../../../../arm-atollic-eabi/lib/armv6-m\libc.a(lib_a-atoi.o)
                0x10043888                atoi
 .text.memcmp   0x10043894       0x1e c:/program files (x86)/atollic/truestudio for stm32 9.2.0/armtools/bin/../lib/gcc/arm-atollic-eabi/6.3.1/../../../../arm-atollic-eabi/lib/armv6-m\libc.a(lib_a-memcmp.o)
                0x10043894                memcmp
 .text.memcpy   0x100438b2       0x12 c:/program files (x86)/atollic/truestudio for stm32 9.2.0/armtools/bin/../lib/gcc/arm-atollic-eabi/6.3.1/../../../../arm-atollic-eabi/lib/armv6-m\libc.a(lib_a-memcpy-stub.o)
                0x100438b2                memcpy
 .text.memmove  0x100438c4       0x24 c:/program files (x86)/atollic/truestudio for stm32 9.2.0/armtools/bin/../lib/gcc/arm-atollic-eabi/6.3.1/../../../../arm-atollic-eabi/lib/armv6-m\libc.a(lib_a-memmove.o)
                0x100438c4                memmove
 .text.memset   0x100438e8       0x10 c:/program files (x86)/atollic/truestudio for stm32 9.2.0/armtools/bin/../lib/gcc/arm-atollic-eabi/6.3.1/../../../../arm-atollic-eabi/lib/armv6-m\libc.a(lib_a-memset.o)
                0x100438e8                memset
 .text.strcpy   0x100438f8       0x10 c:/program files (x86)/atollic/truestudio for stm32 9.2.0/armtools/bin/../lib/gcc/arm-atollic-eabi/6.3.1/../../../../arm-atollic-eabi/lib/armv6-m\libc.a(lib_a-strcpy.o)
                0x100438f8                strcpy
 .text.strtok   0x10043908       0x54 c:/program files (x86)/atollic/truestudio for stm32 9.2.0/armtools/bin/../lib/gcc/arm-atollic-eabi/6.3.1/../../../../arm-atollic-eabi/lib/armv6-m\libc.a(lib_a-strtok.o)
                0x10043908                strtok
 .text.__strtok_r
                0x1004395c       0x5c c:/program files (x86)/atollic/truestudio for stm32 9.2.0/armtools/bin/../lib/gcc/arm-atollic-eabi/6.3.1/../../../../arm-atollic-eabi/lib/armv6-m\libc.a(lib_a-strtok_r.o)
                0x1004395c                __strtok_r
 .text._strtol_l.isra.0
                0x100439b8      0x10c c:/program files (x86)/atollic/truestudio for stm32 9.2.0/armtools/bin/../lib/gcc/arm-atollic-eabi/6.3.1/../../../../arm-atollic-eabi/lib/armv6-m\libc.a(lib_a-strtol.o)
 .text.strtol   0x10043ac4       0x28 c:/program files (x86)/atollic/truestudio for stm32 9.2.0/armtools/bin/../lib/gcc/arm-atollic-eabi/6.3.1/../../../../arm-atollic-eabi/lib/armv6-m\libc.a(lib_a-strtol.o)
                0x10043ac4                strtol
 .text._malloc_trim_r
                0x10043aec       0xa8 c:/program files (x86)/atollic/truestudio for stm32 9.2.0/armtools/bin/../lib/gcc/arm-atollic-eabi/6.3.1/../../../../arm-atollic-eabi/lib/armv6-m\libc.a(lib_a-freer.o)
                0x10043aec                _malloc_trim_r
 .text._free_r  0x10043b94      0x168 c:/program files (x86)/atollic/truestudio for stm32 9.2.0/armtools/bin/../lib/gcc/arm-atollic-eabi/6.3.1/../../../../arm-atollic-eabi/lib/armv6-m\libc.a(lib_a-freer.o)
                0x10043b94                _free_r
 .text.__locale_ctype_ptr_l
                0x10043cfc        0x6 c:/program files (x86)/atollic/truestudio for stm32 9.2.0/armtools/bin/../lib/gcc/arm-atollic-eabi/6.3.1/../../../../arm-atollic-eabi/lib/armv6-m\libc.a(lib_a-locale.o)
                0x10043cfc                __locale_ctype_ptr_l
 .text.__retarget_lock_acquire_recursive
                0x10043d02        0x2 c:/program files (x86)/atollic/truestudio for stm32 9.2.0/armtools/bin/../lib/gcc/arm-atollic-eabi/6.3.1/../../../../arm-atollic-eabi/lib/armv6-m\libc.a(lib_a-lock.o)
                0x10043d02                __retarget_lock_acquire_recursive
 .text.__retarget_lock_release_recursive
                0x10043d04        0x2 c:/program files (x86)/atollic/truestudio for stm32 9.2.0/armtools/bin/../lib/gcc/arm-atollic-eabi/6.3.1/../../../../arm-atollic-eabi/lib/armv6-m\libc.a(lib_a-lock.o)
                0x10043d04                __retarget_lock_release_recursive
 *fill*         0x10043d06        0x2 
 .text.malloc   0x10043d08       0x14 c:/program files (x86)/atollic/truestudio for stm32 9.2.0/armtools/bin/../lib/gcc/arm-atollic-eabi/6.3.1/../../../../arm-atollic-eabi/lib/armv6-m\libc.a(lib_a-malloc.o)
                0x10043d08                malloc
 .text._malloc_r
                0x10043d1c      0x408 c:/program files (x86)/atollic/truestudio for stm32 9.2.0/armtools/bin/../lib/gcc/arm-atollic-eabi/6.3.1/../../../../arm-atollic-eabi/lib/armv6-m\libc.a(lib_a-mallocr.o)
                0x10043d1c                _malloc_r
 .text.__ascii_mbtowc
                0x10044124       0x24 c:/program files (x86)/atollic/truestudio for stm32 9.2.0/armtools/bin/../lib/gcc/arm-atollic-eabi/6.3.1/../../../../arm-atollic-eabi/lib/armv6-m\libc.a(lib_a-mbtowc_r.o)
                0x10044124                __ascii_mbtowc
 .text.__malloc_lock
                0x10044148       0x10 c:/program files (x86)/atollic/truestudio for stm32 9.2.0/armtools/bin/../lib/gcc/arm-atollic-eabi/6.3.1/../../../../arm-atollic-eabi/lib/armv6-m\libc.a(lib_a-mlock.o)
                0x10044148                __malloc_lock
 .text.__malloc_unlock
                0x10044158       0x10 c:/program files (x86)/atollic/truestudio for stm32 9.2.0/armtools/bin/../lib/gcc/arm-atollic-eabi/6.3.1/../../../../arm-atollic-eabi/lib/armv6-m\libc.a(lib_a-mlock.o)
                0x10044158                __malloc_unlock
 .text._sbrk_r  0x10044168       0x24 c:/program files (x86)/atollic/truestudio for stm32 9.2.0/armtools/bin/../lib/gcc/arm-atollic-eabi/6.3.1/../../../../arm-atollic-eabi/lib/armv6-m\libc.a(lib_a-sbrkr.o)
                0x10044168                _sbrk_r
 .text.__ascii_wctomb
                0x1004418c       0x18 c:/program files (x86)/atollic/truestudio for stm32 9.2.0/armtools/bin/../lib/gcc/arm-atollic-eabi/6.3.1/../../../../arm-atollic-eabi/lib/armv6-m\libc.a(lib_a-wctomb_r.o)
                0x1004418c                __ascii_wctomb
 *(i.*)
 i._aci_gap_set_discoverable_param_check
                0x100441a4       0x5c ..\..\..\..\..\..\Library\Bluetooth_LE\library\libbluenrg1_stack.a(bluenrg_gap_aci.o)
 i.aci_gap_create_connection_api
                0x10044200       0x5a ..\..\..\..\..\..\Library\Bluetooth_LE\library\libbluenrg1_stack.a(bluenrg_gap_aci.o)
                0x10044200                aci_gap_create_connection_api
 i.aci_gap_init
                0x1004425a       0x30 ..\..\..\..\..\..\Library\Bluetooth_LE\library\libbluenrg1_stack.a(bluenrg_gap_aci.o)
                0x1004425a                aci_gap_init
 *fill*         0x1004428a        0x2 
 i.aci_gap_set_authentication_requirement
                0x1004428c       0x90 ..\..\..\..\..\..\Library\Bluetooth_LE\library\libbluenrg1_stack.a(bluenrg_gap_aci.o)
                0x1004428c                aci_gap_set_authentication_requirement
 i.aci_gap_set_discoverable
                0x1004431c       0x42 ..\..\..\..\..\..\Library\Bluetooth_LE\library\libbluenrg1_stack.a(bluenrg_gap_aci.o)
                0x1004431c                aci_gap_set_discoverable
 i.aci_gap_set_non_discoverable
                0x1004435e       0x14 ..\..\..\..\..\..\Library\Bluetooth_LE\library\libbluenrg1_stack.a(bluenrg_gap_aci.o)
                0x1004435e                aci_gap_set_non_discoverable
 i.aci_gap_start_general_discovery_proc_api
                0x10044372        0x8 ..\..\..\..\..\..\Library\Bluetooth_LE\library\libbluenrg1_stack.a(bluenrg_gap_aci.o)
                0x10044372                aci_gap_start_general_discovery_proc_api
 i.aci_gap_terminate
                0x1004437a        0x8 ..\..\..\..\..\..\Library\Bluetooth_LE\library\libbluenrg1_stack.a(bluenrg_gap_aci.o)
                0x1004437a                aci_gap_terminate
 i._load_uuid   0x10044382       0x26 ..\..\..\..\..\..\Library\Bluetooth_LE\library\libbluenrg1_stack.a(bluenrg_gatt_aci.o)
 i.aci_gatt_add_char
                0x100443a8       0x3e ..\..\..\..\..\..\Library\Bluetooth_LE\library\libbluenrg1_stack.a(bluenrg_gatt_aci.o)
                0x100443a8                aci_gatt_add_char
 i.aci_gatt_add_service
                0x100443e6       0x36 ..\..\..\..\..\..\Library\Bluetooth_LE\library\libbluenrg1_stack.a(bluenrg_gatt_aci.o)
                0x100443e6                aci_gatt_add_service
 i.aci_gatt_allow_read
                0x1004441c        0xc ..\..\..\..\..\..\Library\Bluetooth_LE\library\libbluenrg1_stack.a(bluenrg_gatt_aci.o)
                0x1004441c                aci_gatt_allow_read
 i.aci_gatt_disc_char_by_uuid
                0x10044428       0x28 ..\..\..\..\..\..\Library\Bluetooth_LE\library\libbluenrg1_stack.a(bluenrg_gatt_aci.o)
                0x10044428                aci_gatt_disc_char_by_uuid
 i.aci_gatt_init
                0x10044450        0x8 ..\..\..\..\..\..\Library\Bluetooth_LE\library\libbluenrg1_stack.a(bluenrg_gatt_aci.o)
                0x10044450                aci_gatt_init
 i.aci_gatt_update_char_value
                0x10044458       0x14 ..\..\..\..\..\..\Library\Bluetooth_LE\library\libbluenrg1_stack.a(bluenrg_gatt_aci.o)
                0x10044458                aci_gatt_update_char_value
 i.aci_gatt_update_char_value_ext
                0x1004446c       0x22 ..\..\..\..\..\..\Library\Bluetooth_LE\library\libbluenrg1_stack.a(bluenrg_gatt_aci.o)
                0x1004446c                aci_gatt_update_char_value_ext
 i.aci_gatt_write_resp
                0x1004448e       0x1c ..\..\..\..\..\..\Library\Bluetooth_LE\library\libbluenrg1_stack.a(bluenrg_gatt_aci.o)
                0x1004448e                aci_gatt_write_resp
 i.aci_gatt_write_without_resp
                0x100444aa        0x8 ..\..\..\..\..\..\Library\Bluetooth_LE\library\libbluenrg1_stack.a(bluenrg_gatt_aci.o)
                0x100444aa                aci_gatt_write_without_resp
 i.aci_hal_set_tx_power_level
                0x100444b2        0x8 ..\..\..\..\..\..\Library\Bluetooth_LE\library\libbluenrg1_stack.a(bluenrg_hal_aci.o)
                0x100444b2                aci_hal_set_tx_power_level
 i.aci_hal_write_config_data
                0x100444ba        0x8 ..\..\..\..\..\..\Library\Bluetooth_LE\library\libbluenrg1_stack.a(bluenrg_hal_aci.o)
                0x100444ba                aci_hal_write_config_data
 *fill*         0x100444c2        0x2 
 i.BTLE_StackTick
                0x100444c4       0x88 ..\..\..\..\..\..\Library\Bluetooth_LE\library\libbluenrg1_stack.a(bluenrg_main_func.o)
                0x100444c4                BTLE_StackTick
 i.BlueNRG_Stack_Initialization
                0x1004454c       0x44 ..\..\..\..\..\..\Library\Bluetooth_LE\library\libbluenrg1_stack.a(bluenrg_main_func.o)
                0x1004454c                BlueNRG_Stack_Initialization
 i.BlueNRG_Stack_Initialize_ConfigData
                0x10044590       0x64 ..\..\..\..\..\..\Library\Bluetooth_LE\library\libbluenrg1_stack.a(bluenrg_main_func.o)
 i.BlueNRG_Stack_Initialize_Layers
                0x100445f4       0x84 ..\..\..\..\..\..\Library\Bluetooth_LE\library\libbluenrg1_stack.a(bluenrg_main_func.o)
 i.BlueNRG_Stack_Initialize_RAM_check
                0x10044678       0x80 ..\..\..\..\..\..\Library\Bluetooth_LE\library\libbluenrg1_stack.a(bluenrg_main_func.o)
 i.BlueNRG_Stack_Perform_Crystal_Check
                0x100446f8       0xc4 ..\..\..\..\..\..\Library\Bluetooth_LE\library\libbluenrg1_stack.a(bluenrg_main_func.o)
 i.BlueNRG_Start_Crystal_Measurement
                0x100447bc       0x1c ..\..\..\..\..\..\Library\Bluetooth_LE\library\libbluenrg1_stack.a(bluenrg_main_func.o)
 i._BlueNRG_Stack_Initialization
                0x100447d8       0xfc ..\..\..\..\..\..\Library\Bluetooth_LE\library\libbluenrg1_stack.a(bluenrg_main_func.o)
                0x100447d8                _BlueNRG_Stack_Initialization
 i.GAP_Connection_Complete_Handler
                0x100448d4       0x68 ..\..\..\..\..\..\Library\Bluetooth_LE\library\libbluenrg1_stack.a(gap.o)
                0x100448d4                GAP_Connection_Complete_Handler
 i.GAP_Create_Connection
                0x1004493c       0x64 ..\..\..\..\..\..\Library\Bluetooth_LE\library\libbluenrg1_stack.a(gap.o)
                0x1004493c                GAP_Create_Connection
 i.GAP_DiscProcTimeoutcb
                0x100449a0       0x48 ..\..\..\..\..\..\Library\Bluetooth_LE\library\libbluenrg1_stack.a(gap.o)
                0x100449a0                GAP_DiscProcTimeoutcb
 i.GAP_Init     0x100449e8      0x1fc ..\..\..\..\..\..\Library\Bluetooth_LE\library\libbluenrg1_stack.a(gap.o)
                0x100449e8                GAP_Init
 i.GAP_Init_Context
                0x10044be4       0x14 ..\..\..\..\..\..\Library\Bluetooth_LE\library\libbluenrg1_stack.a(gap.o)
                0x10044be4                GAP_Init_Context
 i.GAP_Internal_Evt_Handler
                0x10044bf8       0x3c ..\..\..\..\..\..\Library\Bluetooth_LE\library\libbluenrg1_stack.a(gap.o)
                0x10044bf8                GAP_Internal_Evt_Handler
 i.GAP_LL_Event_Handler_ISR
                0x10044c34       0x68 ..\..\..\..\..\..\Library\Bluetooth_LE\library\libbluenrg1_stack.a(gap.o)
                0x10044c34                GAP_LL_Event_Handler_ISR
 i.GAP_LimDiscTimeoutcb
                0x10044c9c       0x2c ..\..\..\..\..\..\Library\Bluetooth_LE\library\libbluenrg1_stack.a(gap.o)
                0x10044c9c                GAP_LimDiscTimeoutcb
 i.GAP_Process_Q
                0x10044cc8       0x40 ..\..\..\..\..\..\Library\Bluetooth_LE\library\libbluenrg1_stack.a(gap.o)
                0x10044cc8                GAP_Process_Q
 i.GAP_Set_Discoverable_Mode
                0x10044d08       0x38 ..\..\..\..\..\..\Library\Bluetooth_LE\library\libbluenrg1_stack.a(gap.o)
                0x10044d08                GAP_Set_Discoverable_Mode
 i.GAP_Set_Non_Discoverable_Mode
                0x10044d40       0x2c ..\..\..\..\..\..\Library\Bluetooth_LE\library\libbluenrg1_stack.a(gap.o)
                0x10044d40                GAP_Set_Non_Discoverable_Mode
 i.GAP_Start_General_Discovery_Procedure
                0x10044d6c       0x48 ..\..\..\..\..\..\Library\Bluetooth_LE\library\libbluenrg1_stack.a(gap.o)
                0x10044d6c                GAP_Start_General_Discovery_Procedure
 i.GAP_Started_Gatt_Proc
                0x10044db4       0x2c ..\..\..\..\..\..\Library\Bluetooth_LE\library\libbluenrg1_stack.a(gap.o)
                0x10044db4                GAP_Started_Gatt_Proc
 i.GAP_check_and_set_role
                0x10044de0        0xe ..\..\..\..\..\..\Library\Bluetooth_LE\library\libbluenrg1_stack.a(gap.o)
                0x10044de0                GAP_check_and_set_role
 *fill*         0x10044dee        0x2 
 i.GAP_discover_peer_name
                0x10044df0       0x44 ..\..\..\..\..\..\Library\Bluetooth_LE\library\libbluenrg1_stack.a(gap.o)
                0x10044df0                GAP_discover_peer_name
 i.GAP_enable_controller_privacy
                0x10044e34       0x44 ..\..\..\..\..\..\Library\Bluetooth_LE\library\libbluenrg1_stack.a(gap.o)
                0x10044e34                GAP_enable_controller_privacy
 i._GAP_Parse_Advertising_Report
                0x10044e78       0x64 ..\..\..\..\..\..\Library\Bluetooth_LE\library\libbluenrg1_stack.a(gap.o)
 i._gap_set_discoverable_connectable
                0x10044edc      0x174 ..\..\..\..\..\..\Library\Bluetooth_LE\library\libbluenrg1_stack.a(gap.o)
                0x10044edc                _gap_set_discoverable_connectable
 i.aci_gap_limited_discoverable_event_push
                0x10045050       0x50 ..\..\..\..\..\..\Library\Bluetooth_LE\library\libbluenrg1_stack.a(gap.o)
 i.aci_gap_proc_complete_event_push
                0x100450a0       0x74 ..\..\..\..\..\..\Library\Bluetooth_LE\library\libbluenrg1_stack.a(gap.o)
 i.advParamsCheckAndSet
                0x10045114       0x94 ..\..\..\..\..\..\Library\Bluetooth_LE\library\libbluenrg1_stack.a(gap.o)
                0x10045114                advParamsCheckAndSet
 i.gapClearAllModeFlags
                0x100451a8       0x14 ..\..\..\..\..\..\Library\Bluetooth_LE\library\libbluenrg1_stack.a(gap.o)
                0x100451a8                gapClearAllModeFlags
 i.setGapAdvData
                0x100451bc      0x100 ..\..\..\..\..\..\Library\Bluetooth_LE\library\libbluenrg1_stack.a(gap.o)
                0x100451bc                setGapAdvData
 i.Check_and_find_gatt_client
                0x100452bc       0x18 ..\..\..\..\..\..\Library\Bluetooth_LE\library\libbluenrg1_stack.a(gatt_client.o)
 i.Find_Gatt_Client
                0x100452d4       0x3c ..\..\..\..\..\..\Library\Bluetooth_LE\library\libbluenrg1_stack.a(gatt_client.o)
                0x100452d4                Find_Gatt_Client
 i.GATT_Server_Set_Flag
                0x10045310       0x18 ..\..\..\..\..\..\Library\Bluetooth_LE\library\libbluenrg1_stack.a(gatt_client.o)
 i.Gatt_Check_Not_Error_Resp
                0x10045328       0x52 ..\..\..\..\..\..\Library\Bluetooth_LE\library\libbluenrg1_stack.a(gatt_client.o)
 i.Gatt_Disc_All_Charac_By_Uuid_Cb
                0x1004537a        0xa ..\..\..\..\..\..\Library\Bluetooth_LE\library\libbluenrg1_stack.a(gatt_client.o)
 i.Gatt_Disc_Charac_By_Uuid
                0x10045384       0xac ..\..\..\..\..\..\Library\Bluetooth_LE\library\libbluenrg1_stack.a(gatt_client.o)
                0x10045384                Gatt_Disc_Charac_By_Uuid
 i.Gatt_Read_Charac_By_Uuid
                0x10045430       0x80 ..\..\..\..\..\..\Library\Bluetooth_LE\library\libbluenrg1_stack.a(gatt_client.o)
                0x10045430                Gatt_Read_Charac_By_Uuid
 i.Gatt_Read_Charac_By_Uuid_Cb
                0x100454b0        0xa ..\..\..\..\..\..\Library\Bluetooth_LE\library\libbluenrg1_stack.a(gatt_client.o)
 *fill*         0x100454ba        0x2 
 i.Gatt_Super_Handler
                0x100454bc      0x328 ..\..\..\..\..\..\Library\Bluetooth_LE\library\libbluenrg1_stack.a(gatt_client.o)
 i.Gatt_Super_Handler_Task7
                0x100457e4      0x188 ..\..\..\..\..\..\Library\Bluetooth_LE\library\libbluenrg1_stack.a(gatt_client.o)
 i.Gatt_Write_Without_Resp
                0x1004596c       0x80 ..\..\..\..\..\..\Library\Bluetooth_LE\library\libbluenrg1_stack.a(gatt_client.o)
                0x1004596c                Gatt_Write_Without_Resp
 i.aci_att_find_by_type_value_resp_event_push
                0x100459ec       0x78 ..\..\..\..\..\..\Library\Bluetooth_LE\library\libbluenrg1_stack.a(gatt_client.o)
 i.aci_att_find_info_resp_event_push
                0x10045a64       0x7c ..\..\..\..\..\..\Library\Bluetooth_LE\library\libbluenrg1_stack.a(gatt_client.o)
 i.aci_att_read_blob_resp_event_push
                0x10045ae0       0x74 ..\..\..\..\..\..\Library\Bluetooth_LE\library\libbluenrg1_stack.a(gatt_client.o)
 i.aci_att_read_by_group_type_resp_event_push
                0x10045b54       0x7c ..\..\..\..\..\..\Library\Bluetooth_LE\library\libbluenrg1_stack.a(gatt_client.o)
 i.aci_att_read_by_type_resp_event_push
                0x10045bd0       0x7c ..\..\..\..\..\..\Library\Bluetooth_LE\library\libbluenrg1_stack.a(gatt_client.o)
 i.aci_att_read_multiple_resp_event_push
                0x10045c4c       0x74 ..\..\..\..\..\..\Library\Bluetooth_LE\library\libbluenrg1_stack.a(gatt_client.o)
 i.aci_att_read_resp_event_push
                0x10045cc0       0x74 ..\..\..\..\..\..\Library\Bluetooth_LE\library\libbluenrg1_stack.a(gatt_client.o)
 i.aci_gatt_disc_read_char_by_uuid_resp_event_push
                0x10045d34       0x84 ..\..\..\..\..\..\Library\Bluetooth_LE\library\libbluenrg1_stack.a(gatt_client.o)
 i.aci_gatt_error_resp_event_push
                0x10045db8       0x78 ..\..\..\..\..\..\Library\Bluetooth_LE\library\libbluenrg1_stack.a(gatt_client.o)
 i.aci_gatt_proc_complete_event_push
                0x10045e30       0x58 ..\..\..\..\..\..\Library\Bluetooth_LE\library\libbluenrg1_stack.a(gatt_client.o)
 i.int16ToLe2Byte
                0x10045e88        0x8 ..\..\..\..\..\..\Library\Bluetooth_LE\library\libbluenrg1_stack.a(gatt_client.o)
 i.le2ByteToInt16
                0x10045e90        0xa ..\..\..\..\..\..\Library\Bluetooth_LE\library\libbluenrg1_stack.a(gatt_client.o)
 i.send_gatt_event
                0x10045e9a       0x46 ..\..\..\..\..\..\Library\Bluetooth_LE\library\libbluenrg1_stack.a(gatt_client.o)
 i.Build_Notif_Or_Ind
                0x10045ee0       0x3e ..\..\..\..\..\..\Library\Bluetooth_LE\library\libbluenrg1_stack.a(gatt_server.o)
                0x10045ee0                Build_Notif_Or_Ind
 *fill*         0x10045f1e        0x2 
 i.Check_For_Service_Change
                0x10045f20      0x348 ..\..\..\..\..\..\Library\Bluetooth_LE\library\libbluenrg1_stack.a(gatt_server.o)
                0x10045f20                Check_For_Service_Change
 i.Find_Attr_Index
                0x10046268       0x50 ..\..\..\..\..\..\Library\Bluetooth_LE\library\libbluenrg1_stack.a(gatt_server.o)
                0x10046268                Find_Attr_Index
 i.Find_Timed_Out_Connection
                0x100462b8       0x34 ..\..\..\..\..\..\Library\Bluetooth_LE\library\libbluenrg1_stack.a(gatt_server.o)
                0x100462b8                Find_Timed_Out_Connection
 i.GATT_Connection_Complete_Handler
                0x100462ec       0x44 ..\..\..\..\..\..\Library\Bluetooth_LE\library\libbluenrg1_stack.a(gatt_server.o)
                0x100462ec                GATT_Connection_Complete_Handler
 i.GATT_Send_Packet
                0x10046330       0x2c ..\..\..\..\..\..\Library\Bluetooth_LE\library\libbluenrg1_stack.a(gatt_server.o)
                0x10046330                GATT_Send_Packet
 i.GATT_Server_Set_Flag
                0x1004635c       0x18 ..\..\..\..\..\..\Library\Bluetooth_LE\library\libbluenrg1_stack.a(gatt_server.o)
 i.GATT_TimeOut_Handler
                0x10046374       0x1a ..\..\..\..\..\..\Library\Bluetooth_LE\library\libbluenrg1_stack.a(gatt_server.o)
                0x10046374                GATT_TimeOut_Handler
 *fill*         0x1004638e        0x2 
 i.Gatt_Add_Charac_Desc
                0x10046390      0x160 ..\..\..\..\..\..\Library\Bluetooth_LE\library\libbluenrg1_stack.a(gatt_server.o)
                0x10046390                Gatt_Add_Charac_Desc
 i.Gatt_Add_Characteristic
                0x100464f0      0x338 ..\..\..\..\..\..\Library\Bluetooth_LE\library\libbluenrg1_stack.a(gatt_server.o)
                0x100464f0                Gatt_Add_Characteristic
 i.Gatt_Add_Descriptor
                0x10046828      0x154 ..\..\..\..\..\..\Library\Bluetooth_LE\library\libbluenrg1_stack.a(gatt_server.o)
                0x10046828                Gatt_Add_Descriptor
 i.Gatt_Add_Service
                0x1004697c      0x160 ..\..\..\..\..\..\Library\Bluetooth_LE\library\libbluenrg1_stack.a(gatt_server.o)
                0x1004697c                Gatt_Add_Service
 i.Gatt_Appl_Auth_For_Read
                0x10046adc       0xf0 ..\..\..\..\..\..\Library\Bluetooth_LE\library\libbluenrg1_stack.a(gatt_server.o)
                0x10046adc                Gatt_Appl_Auth_For_Read
 i.Gatt_Appl_Auth_For_Write
                0x10046bcc      0x1b8 ..\..\..\..\..\..\Library\Bluetooth_LE\library\libbluenrg1_stack.a(gatt_server.o)
                0x10046bcc                Gatt_Appl_Auth_For_Write
 i.Gatt_Find_Srv_From_Handle
                0x10046d84       0x2c ..\..\..\..\..\..\Library\Bluetooth_LE\library\libbluenrg1_stack.a(gatt_server.o)
                0x10046d84                Gatt_Find_Srv_From_Handle
 i.Gatt_Find_Srv_Owner_Of_Handle
                0x10046db0       0x48 ..\..\..\..\..\..\Library\Bluetooth_LE\library\libbluenrg1_stack.a(gatt_server.o)
                0x10046db0                Gatt_Find_Srv_Owner_Of_Handle
 i.Gatt_Find_Timed_Out_Connection_Index
                0x10046df8       0x38 ..\..\..\..\..\..\Library\Bluetooth_LE\library\libbluenrg1_stack.a(gatt_server.o)
                0x10046df8                Gatt_Find_Timed_Out_Connection_Index
 i.Gatt_Flush_Pending_AclPacket_Lists
                0x10046e30       0x34 ..\..\..\..\..\..\Library\Bluetooth_LE\library\libbluenrg1_stack.a(gatt_server.o)
 i.Gatt_Process_Q
                0x10046e64      0x19c ..\..\..\..\..\..\Library\Bluetooth_LE\library\libbluenrg1_stack.a(gatt_server.o)
                0x10046e64                Gatt_Process_Q
 i.Gatt_Reset_To_Closed_State
                0x10047000       0xfc ..\..\..\..\..\..\Library\Bluetooth_LE\library\libbluenrg1_stack.a(gatt_server.o)
 i.Gatt_Server_Db_Check
                0x100470fc       0x34 ..\..\..\..\..\..\Library\Bluetooth_LE\library\libbluenrg1_stack.a(gatt_server.o)
                0x100470fc                Gatt_Server_Db_Check
 i.Gatt_Server_Init
                0x10047130      0x190 ..\..\..\..\..\..\Library\Bluetooth_LE\library\libbluenrg1_stack.a(gatt_server.o)
                0x10047130                Gatt_Server_Init
 i.Gatt_Server_L2C_Handler
                0x100472c0      0x200 ..\..\..\..\..\..\Library\Bluetooth_LE\library\libbluenrg1_stack.a(gatt_server.o)
                0x100472c0                Gatt_Server_L2C_Handler
 i.Gatt_Server_L2C_Handler_ISR
                0x100474c0       0x4c ..\..\..\..\..\..\Library\Bluetooth_LE\library\libbluenrg1_stack.a(gatt_server.o)
                0x100474c0                Gatt_Server_L2C_Handler_ISR
 i.Gatt_Store_Server_Database_And_Reset_CCCD
                0x1004750c      0x16c ..\..\..\..\..\..\Library\Bluetooth_LE\library\libbluenrg1_stack.a(gatt_server.o)
 i.Gatt_Update_Charac_Value
                0x10047678       0x68 ..\..\..\..\..\..\Library\Bluetooth_LE\library\libbluenrg1_stack.a(gatt_server.o)
                0x10047678                Gatt_Update_Charac_Value
 i.Gatt_Update_Charac_Value_Ext
                0x100476e0      0x38c ..\..\..\..\..\..\Library\Bluetooth_LE\library\libbluenrg1_stack.a(gatt_server.o)
                0x100476e0                Gatt_Update_Charac_Value_Ext
 i.Gatt_fetch_handle
                0x10047a6c       0x3c ..\..\..\..\..\..\Library\Bluetooth_LE\library\libbluenrg1_stack.a(gatt_server.o)
                0x10047a6c                Gatt_fetch_handle
 i.Gatt_search_handle
                0x10047aa8       0x1e ..\..\..\..\..\..\Library\Bluetooth_LE\library\libbluenrg1_stack.a(gatt_server.o)
                0x10047aa8                Gatt_search_handle
 *fill*         0x10047ac6        0x2 
 i.Gatt_search_service_handle
                0x10047ac8       0x2c ..\..\..\..\..\..\Library\Bluetooth_LE\library\libbluenrg1_stack.a(gatt_server.o)
                0x10047ac8                Gatt_search_service_handle
 i.Ind_Service_Change_Charac
                0x10047af4       0x44 ..\..\..\..\..\..\Library\Bluetooth_LE\library\libbluenrg1_stack.a(gatt_server.o)
                0x10047af4                Ind_Service_Change_Charac
 i.Pm_Resize_Host_Acl_Pckt
                0x10047b38        0xe ..\..\..\..\..\..\Library\Bluetooth_LE\library\libbluenrg1_stack.a(gatt_server.o)
 *fill*         0x10047b46        0x2 
 i.Process_Peer_Client_Data
                0x10047b48      0x1fc ..\..\..\..\..\..\Library\Bluetooth_LE\library\libbluenrg1_stack.a(gatt_server.o)
                0x10047b48                Process_Peer_Client_Data
 i.Process_Peer_Server_Data
                0x10047d44      0x194 ..\..\..\..\..\..\Library\Bluetooth_LE\library\libbluenrg1_stack.a(gatt_server.o)
                0x10047d44                Process_Peer_Server_Data
 i.Select_Next_Notification_Client
                0x10047ed8       0x50 ..\..\..\..\..\..\Library\Bluetooth_LE\library\libbluenrg1_stack.a(gatt_server.o)
                0x10047ed8                Select_Next_Notification_Client
 i.Send_Notif_Or_Ind
                0x10047f28       0x4c ..\..\..\..\..\..\Library\Bluetooth_LE\library\libbluenrg1_stack.a(gatt_server.o)
                0x10047f28                Send_Notif_Or_Ind
 i.aci_gatt_indication_event_push
                0x10047f74       0x90 ..\..\..\..\..\..\Library\Bluetooth_LE\library\libbluenrg1_stack.a(gatt_server.o)
 i.aci_gatt_notification_event_push
                0x10048004       0x90 ..\..\..\..\..\..\Library\Bluetooth_LE\library\libbluenrg1_stack.a(gatt_server.o)
 i.store_data   0x10048094       0x1e ..\..\..\..\..\..\Library\Bluetooth_LE\library\libbluenrg1_stack.a(gatt_server.o)
                0x10048094                store_data
 i.__ARM_common_switch8
                0x100480b2       0x1a ..\..\..\..\..\..\Library\Bluetooth_LE\library\libbluenrg1_stack.a(gatt_server.o)
                0x100480b2                __ARM_common_switch8
 i.HAL_Flash_Store_Data
                0x100480cc       0x54 ..\..\..\..\..\..\Library\Bluetooth_LE\library\libbluenrg1_stack.a(hal.o)
                0x100480cc                HAL_Flash_Store_Data
 i.HAL_Generate_Random_Bytes_To
                0x10048120       0x20 ..\..\..\..\..\..\Library\Bluetooth_LE\library\libbluenrg1_stack.a(hal.o)
                0x10048120                HAL_Generate_Random_Bytes_To
 i.HAL_Set_TX_Power_Level
                0x10048140       0x44 ..\..\..\..\..\..\Library\Bluetooth_LE\library\libbluenrg1_stack.a(hal.o)
                0x10048140                HAL_Set_TX_Power_Level
 i.HAL_Write_ConfigData
                0x10048184      0x10c ..\..\..\..\..\..\Library\Bluetooth_LE\library\libbluenrg1_stack.a(hal.o)
                0x10048184                HAL_Write_ConfigData
 i.Hal_Get_Random_Number
                0x10048290       0x3a ..\..\..\..\..\..\Library\Bluetooth_LE\library\libbluenrg1_stack.a(hal.o)
                0x10048290                Hal_Get_Random_Number
 i.Hal_Get_Random_Number32
                0x100482ca       0x12 ..\..\..\..\..\..\Library\Bluetooth_LE\library\libbluenrg1_stack.a(hal.o)
                0x100482ca                Hal_Get_Random_Number32
 i.ble_HAL_Init
                0x100482dc       0x1c ..\..\..\..\..\..\Library\Bluetooth_LE\library\libbluenrg1_stack.a(hal.o)
                0x100482dc                ble_HAL_Init
 i.char_copy    0x100482f8       0x12 ..\..\..\..\..\..\Library\Bluetooth_LE\library\libbluenrg1_stack.a(hal.o)
                0x100482f8                char_copy
 *fill*         0x1004830a        0x2 
 i.hal_radio_activity_state_callback_check
                0x1004830c       0x34 ..\..\..\..\..\..\Library\Bluetooth_LE\library\libbluenrg1_stack.a(hal.o)
                0x1004830c                hal_radio_activity_state_callback_check
 i.hal_radio_activity_state_init
                0x10048340       0x1c ..\..\..\..\..\..\Library\Bluetooth_LE\library\libbluenrg1_stack.a(hal.o)
                0x10048340                hal_radio_activity_state_init
 i.hal_read_radio_activity_state
                0x1004835c       0x40 ..\..\..\..\..\..\Library\Bluetooth_LE\library\libbluenrg1_stack.a(hal.o)
                0x1004835c                hal_read_radio_activity_state
 i.set_string   0x1004839c       0x10 ..\..\..\..\..\..\Library\Bluetooth_LE\library\libbluenrg1_stack.a(hal.o)
                0x1004839c                set_string
 i.Controller_Process_Q
                0x100483ac       0x1c ..\..\..\..\..\..\Library\Bluetooth_LE\library\libbluenrg1_stack.a(hci.o)
                0x100483ac                Controller_Process_Q
 i.HCI_Init     0x100483c8       0x74 ..\..\..\..\..\..\Library\Bluetooth_LE\library\libbluenrg1_stack.a(hci.o)
                0x100483c8                HCI_Init
 i.PKA_Offline_Processing
                0x1004843c       0xc0 ..\..\..\..\..\..\Library\Bluetooth_LE\library\libbluenrg1_stack.a(hci.o)
                0x1004843c                PKA_Offline_Processing
 i.hci_acl_Process_Q
                0x100484fc       0x60 ..\..\..\..\..\..\Library\Bluetooth_LE\library\libbluenrg1_stack.a(hci.o)
                0x100484fc                hci_acl_Process_Q
 i.hci_le_generate_dhkey_api
                0x1004855c       0x98 ..\..\..\..\..\..\Library\Bluetooth_LE\library\libbluenrg1_stack.a(hci.o)
                0x1004855c                hci_le_generate_dhkey_api
 i.hci_le_generate_dhkey_complete_event_push
                0x100485f4       0x68 ..\..\..\..\..\..\Library\Bluetooth_LE\library\libbluenrg1_stack.a(hci.o)
 i.hci_le_rand  0x1004865c        0x8 ..\..\..\..\..\..\Library\Bluetooth_LE\library\libbluenrg1_stack.a(hci.o)
                0x1004865c                hci_le_rand
 i.hci_le_read_local_p256_public_key_api
                0x10048664       0x60 ..\..\..\..\..\..\Library\Bluetooth_LE\library\libbluenrg1_stack.a(hci.o)
                0x10048664                hci_le_read_local_p256_public_key_api
 i.hci_le_read_local_p256_public_key_complete_event_push
                0x100486c4       0x68 ..\..\..\..\..\..\Library\Bluetooth_LE\library\libbluenrg1_stack.a(hci.o)
 i.hci_le_set_event_mask
                0x1004872c       0x40 ..\..\..\..\..\..\Library\Bluetooth_LE\library\libbluenrg1_stack.a(hci.o)
                0x1004872c                hci_le_set_event_mask
 i.hci_le_set_scan_response_data
                0x1004876c       0x16 ..\..\..\..\..\..\Library\Bluetooth_LE\library\libbluenrg1_stack.a(hci.o)
                0x1004876c                hci_le_set_scan_response_data
 *fill*         0x10048782        0x2 
 i.hci_load_connParams
                0x10048784       0x64 ..\..\..\..\..\..\Library\Bluetooth_LE\library\libbluenrg1_stack.a(hci.o)
                0x10048784                hci_load_connParams
 i.hci_rx_acl_data
                0x100487e8       0x6c ..\..\..\..\..\..\Library\Bluetooth_LE\library\libbluenrg1_stack.a(hci.o)
                0x100487e8                hci_rx_acl_data
 i.hci_tx_acl_data_done
                0x10048854       0x48 ..\..\..\..\..\..\Library\Bluetooth_LE\library\libbluenrg1_stack.a(hci.o)
                0x10048854                hci_tx_acl_data_done
 i.HAL_VTimerAcc_sysT32_ms
                0x1004889c       0x24 ..\..\..\..\..\..\Library\Bluetooth_LE\library\libbluenrg1_stack.a(host_timer.o)
                0x1004889c                HAL_VTimerAcc_sysT32_ms
 i.HAL_VTimerGetCurrentTime_sysT32
                0x100488c0       0x12 ..\..\..\..\..\..\Library\Bluetooth_LE\library\libbluenrg1_stack.a(host_timer.o)
                0x100488c0                HAL_VTimerGetCurrentTime_sysT32
 i.HAL_VTimerTimeoutCallback
                0x100488d2        0x2 ..\..\..\..\..\..\Library\Bluetooth_LE\library\libbluenrg1_stack.a(host_timer.o)
                0x100488d2                HAL_VTimerTimeoutCallback
 i.Set_Host_Timer_value
                0x100488d4       0x50 ..\..\..\..\..\..\Library\Bluetooth_LE\library\libbluenrg1_stack.a(host_timer.o)
                0x100488d4                Set_Host_Timer_value
 i.TimerCallback
                0x10048924       0x7c ..\..\..\..\..\..\Library\Bluetooth_LE\library\libbluenrg1_stack.a(host_timer.o)
 i.Timer_ExpiryCallback
                0x100489a0       0x14 ..\..\..\..\..\..\Library\Bluetooth_LE\library\libbluenrg1_stack.a(host_timer.o)
                0x100489a0                Timer_ExpiryCallback
 i.Timer_Init   0x100489b4       0x38 ..\..\..\..\..\..\Library\Bluetooth_LE\library\libbluenrg1_stack.a(host_timer.o)
                0x100489b4                Timer_Init
 i.Timer_ProcessQ
                0x100489ec      0x11c ..\..\..\..\..\..\Library\Bluetooth_LE\library\libbluenrg1_stack.a(host_timer.o)
                0x100489ec                Timer_ProcessQ
 i.Timer_StartOneShot
                0x10048b08       0x22 ..\..\..\..\..\..\Library\Bluetooth_LE\library\libbluenrg1_stack.a(host_timer.o)
                0x10048b08                Timer_StartOneShot
 *fill*         0x10048b2a        0x2 
 i.Timer_StartOneShot_sysTime32
                0x10048b2c       0x78 ..\..\..\..\..\..\Library\Bluetooth_LE\library\libbluenrg1_stack.a(host_timer.o)
                0x10048b2c                Timer_StartOneShot_sysTime32
 i.Timer_StopOneShot
                0x10048ba4       0x58 ..\..\..\..\..\..\Library\Bluetooth_LE\library\libbluenrg1_stack.a(host_timer.o)
                0x10048ba4                Timer_StopOneShot
 i.Timer_sysTime32_convMachineTime
                0x10048bfc       0x24 ..\..\..\..\..\..\Library\Bluetooth_LE\library\libbluenrg1_stack.a(host_timer.o)
                0x10048bfc                Timer_sysTime32_convMachineTime
 i.L2C_Build_Command_Reject_Pdu
                0x10048c20       0x7c ..\..\..\..\..\..\Library\Bluetooth_LE\library\libbluenrg1_stack.a(l2cap.o)
                0x10048c20                L2C_Build_Command_Reject_Pdu
 i.L2C_Connection_Complete_Handler
                0x10048c9c       0x24 ..\..\..\..\..\..\Library\Bluetooth_LE\library\libbluenrg1_stack.a(l2cap.o)
                0x10048c9c                L2C_Connection_Complete_Handler
 i.L2C_Connection_Complete_Signal_Handler
                0x10048cc0       0x2a ..\..\..\..\..\..\Library\Bluetooth_LE\library\libbluenrg1_stack.a(l2cap.o)
                0x10048cc0                L2C_Connection_Complete_Signal_Handler
 *fill*         0x10048cea        0x2 
 i.L2C_Get_Connection_Info
                0x10048cec       0x34 ..\..\..\..\..\..\Library\Bluetooth_LE\library\libbluenrg1_stack.a(l2cap.o)
 i.L2C_Get_Connection_Info_Index
                0x10048d20       0x30 ..\..\..\..\..\..\Library\Bluetooth_LE\library\libbluenrg1_stack.a(l2cap.o)
 i.L2C_Get_PDU_Len
                0x10048d50        0xe ..\..\..\..\..\..\Library\Bluetooth_LE\library\libbluenrg1_stack.a(l2cap.o)
                0x10048d50                L2C_Get_PDU_Len
 *fill*         0x10048d5e        0x2 
 i.L2C_Init     0x10048d60       0x58 ..\..\..\..\..\..\Library\Bluetooth_LE\library\libbluenrg1_stack.a(l2cap.o)
                0x10048d60                L2C_Init
 i.L2C_Mux_Acl_Packet
                0x10048db8       0x58 ..\..\..\..\..\..\Library\Bluetooth_LE\library\libbluenrg1_stack.a(l2cap.o)
 i.L2C_Rcv_Data
                0x10048e10       0xa6 ..\..\..\..\..\..\Library\Bluetooth_LE\library\libbluenrg1_stack.a(l2cap.o)
 i.L2C_Rcv_Event_Handler
                0x10048eb6       0x1e ..\..\..\..\..\..\Library\Bluetooth_LE\library\libbluenrg1_stack.a(l2cap.o)
                0x10048eb6                L2C_Rcv_Event_Handler
 i.L2C_Rcv_Event_Handler_ISR
                0x10048ed4       0x52 ..\..\..\..\..\..\Library\Bluetooth_LE\library\libbluenrg1_stack.a(l2cap.o)
                0x10048ed4                L2C_Rcv_Event_Handler_ISR
 *fill*         0x10048f26        0x2 
 i.L2C_Reset_To_Closed_State
                0x10048f28       0x7c ..\..\..\..\..\..\Library\Bluetooth_LE\library\libbluenrg1_stack.a(l2cap.o)
 i.L2C_Send_Data
                0x10048fa4       0x4c ..\..\..\..\..\..\Library\Bluetooth_LE\library\libbluenrg1_stack.a(l2cap.o)
                0x10048fa4                L2C_Send_Data
 i.L2C_SigChan_Req_TimeOut_Handler
                0x10048ff0       0x60 ..\..\..\..\..\..\Library\Bluetooth_LE\library\libbluenrg1_stack.a(l2cap.o)
                0x10048ff0                L2C_SigChan_Req_TimeOut_Handler
 i.L2C_Signal_Channel_Handler
                0x10049050      0x1b4 ..\..\..\..\..\..\Library\Bluetooth_LE\library\libbluenrg1_stack.a(l2cap.o)
                0x10049050                L2C_Signal_Channel_Handler
 i.L2C_Signal_Channel_Handler_ISR
                0x10049204       0x24 ..\..\..\..\..\..\Library\Bluetooth_LE\library\libbluenrg1_stack.a(l2cap.o)
                0x10049204                L2C_Signal_Channel_Handler_ISR
 i.L2C_discard_corrupted_acl_packet
                0x10049228       0x5c ..\..\..\..\..\..\Library\Bluetooth_LE\library\libbluenrg1_stack.a(l2cap.o)
 i.aci_l2cap_connection_update_req_event_push
                0x10049284       0x98 ..\..\..\..\..\..\Library\Bluetooth_LE\library\libbluenrg1_stack.a(l2cap.o)
 i.Data_Length_Update_Control_ISR
                0x1004931c      0x12c ..\..\..\..\..\..\Library\Bluetooth_LE\library\libbluenrg1_stack.a(ll_isr.o)
                0x1004931c                Data_Length_Update_Control_ISR
 i.RAL_Isr      0x10049448      0x21c ..\..\..\..\..\..\Library\Bluetooth_LE\library\libbluenrg1_stack.a(ll_isr.o)
                0x10049448                RAL_Isr
 i.copy_4_u32   0x10049664       0x12 ..\..\..\..\..\..\Library\Bluetooth_LE\library\libbluenrg1_stack.a(ll_isr.o)
                0x10049664                copy_4_u32
 *fill*         0x10049676        0x2 
 i.copy_tx_data_packet
                0x10049678       0x84 ..\..\..\..\..\..\Library\Bluetooth_LE\library\libbluenrg1_stack.a(ll_isr.o)
                0x10049678                copy_tx_data_packet
 i.encrypt      0x100496fc       0x74 ..\..\..\..\..\..\Library\Bluetooth_LE\library\libbluenrg1_stack.a(ll_isr.o)
                0x100496fc                encrypt
 i.full_state_func_call_init
                0x10049770       0x18 ..\..\..\..\..\..\Library\Bluetooth_LE\library\libbluenrg1_stack.a(ll_isr.o)
                0x10049770                full_state_func_call_init
 i.isr_advertise_state
                0x10049788      0x390 ..\..\..\..\..\..\Library\Bluetooth_LE\library\libbluenrg1_stack.a(ll_isr.o)
 i.isr_connect_master_state
                0x10049b18      0x6d8 ..\..\..\..\..\..\Library\Bluetooth_LE\library\libbluenrg1_stack.a(ll_isr.o)
 i.isr_connect_slave_state
                0x1004a1f0      0x7d4 ..\..\..\..\..\..\Library\Bluetooth_LE\library\libbluenrg1_stack.a(ll_isr.o)
 i.isr_scan_state
                0x1004a9c4      0x610 ..\..\..\..\..\..\Library\Bluetooth_LE\library\libbluenrg1_stack.a(ll_isr.o)
 i.isr_test_rx_state
                0x1004afd4       0x38 ..\..\..\..\..\..\Library\Bluetooth_LE\library\libbluenrg1_stack.a(ll_isr.o)
 i.isr_test_tx_state
                0x1004b00c       0x68 ..\..\..\..\..\..\Library\Bluetooth_LE\library\libbluenrg1_stack.a(ll_isr.o)
 i.isr_unknown_state
                0x1004b074       0x2c ..\..\..\..\..\..\Library\Bluetooth_LE\library\libbluenrg1_stack.a(ll_isr.o)
 i.__ARM_common_memcpy1_6
                0x1004b0a0       0x1a ..\..\..\..\..\..\Library\Bluetooth_LE\library\libbluenrg1_stack.a(ll_isr.o)
                0x1004b0a0                __ARM_common_memcpy1_6
 *fill*         0x1004b0ba        0x2 
 i.LL_LE_Clear_White_List
                0x1004b0bc       0x28 ..\..\..\..\..\..\Library\Bluetooth_LE\library\libbluenrg1_stack.a(ll_privacy.o)
                0x1004b0bc                LL_LE_Clear_White_List
 i.LL_LE_Set_Address_Resolution_Enable
                0x1004b0e4       0x20 ..\..\..\..\..\..\Library\Bluetooth_LE\library\libbluenrg1_stack.a(ll_privacy.o)
                0x1004b0e4                LL_LE_Set_Address_Resolution_Enable
 i.LL_LE_Set_Resolvable_Private_Address_Timeout
                0x1004b104       0x24 ..\..\..\..\..\..\Library\Bluetooth_LE\library\libbluenrg1_stack.a(ll_privacy.o)
                0x1004b104                LL_LE_Set_Resolvable_Private_Address_Timeout
 i.PRIVWHIT_u8AddAddrInList
                0x1004b128      0x1f0 ..\..\..\..\..\..\Library\Bluetooth_LE\library\libbluenrg1_stack.a(ll_privacy.o)
                0x1004b128                PRIVWHIT_u8AddAddrInList
 i.PRIVWHIT_u8RemoveAddrInList
                0x1004b318      0x12c ..\..\..\..\..\..\Library\Bluetooth_LE\library\libbluenrg1_stack.a(ll_privacy.o)
                0x1004b318                PRIVWHIT_u8RemoveAddrInList
 i.PRIVWHIT_u8SearchAddrInList
                0x1004b444       0x84 ..\..\..\..\..\..\Library\Bluetooth_LE\library\libbluenrg1_stack.a(ll_privacy.o)
                0x1004b444                PRIVWHIT_u8SearchAddrInList
 i.PRIVWHIT_vInit_Struct
                0x1004b4c8       0xb4 ..\..\..\..\..\..\Library\Bluetooth_LE\library\libbluenrg1_stack.a(ll_privacy.o)
                0x1004b4c8                PRIVWHIT_vInit_Struct
 i.PRIV_SearchAddrInRPAList
                0x1004b57c       0x50 ..\..\..\..\..\..\Library\Bluetooth_LE\library\libbluenrg1_stack.a(ll_privacy.o)
                0x1004b57c                PRIV_SearchAddrInRPAList
 i.PRIV_SearchAddrInScratchList
                0x1004b5cc       0x50 ..\..\..\..\..\..\Library\Bluetooth_LE\library\libbluenrg1_stack.a(ll_privacy.o)
                0x1004b5cc                PRIV_SearchAddrInScratchList
 i.PRIV_SearchAddrInWhiteList
                0x1004b61c       0x58 ..\..\..\..\..\..\Library\Bluetooth_LE\library\libbluenrg1_stack.a(ll_privacy.o)
                0x1004b61c                PRIV_SearchAddrInWhiteList
 i.PRIV_u32ProcessAdvPacket
                0x1004b674      0x574 ..\..\..\..\..\..\Library\Bluetooth_LE\library\libbluenrg1_stack.a(ll_privacy.o)
                0x1004b674                PRIV_u32ProcessAdvPacket
 i.PRIV_u8OfflineProcessing
                0x1004bbe8      0x114 ..\..\..\..\..\..\Library\Bluetooth_LE\library\libbluenrg1_stack.a(ll_privacy.o)
                0x1004bbe8                PRIV_u8OfflineProcessing
 i.PRIV_u8ResolvePrivateAddress
                0x1004bcfc      0x110 ..\..\..\..\..\..\Library\Bluetooth_LE\library\libbluenrg1_stack.a(ll_privacy.o)
                0x1004bcfc                PRIV_u8ResolvePrivateAddress
 i.PRIV_u8ResolvePrivateAddressUnit
                0x1004be0c       0x34 ..\..\..\..\..\..\Library\Bluetooth_LE\library\libbluenrg1_stack.a(ll_privacy.o)
                0x1004be0c                PRIV_u8ResolvePrivateAddressUnit
 i.PRIV_vGeneratePrivateAddress
                0x1004be40       0x62 ..\..\..\..\..\..\Library\Bluetooth_LE\library\libbluenrg1_stack.a(ll_privacy.o)
                0x1004be40                PRIV_vGeneratePrivateAddress
 *fill*         0x1004bea2        0x2 
 i.PRIV_vGenerate_hci_le_direct_advertising_report_event
                0x1004bea4      0x17c ..\..\..\..\..\..\Library\Bluetooth_LE\library\libbluenrg1_stack.a(ll_privacy.o)
                0x1004bea4                PRIV_vGenerate_hci_le_direct_advertising_report_event
 i.PRIV_vGenerate_hci_le_enhanced_connection_complete_event
                0x1004c020      0x1d4 ..\..\..\..\..\..\Library\Bluetooth_LE\library\libbluenrg1_stack.a(ll_privacy.o)
                0x1004c020                PRIV_vGenerate_hci_le_enhanced_connection_complete_event
 i.hci_le_direct_advertising_report_event_push
                0x1004c1f4       0x8c ..\..\..\..\..\..\Library\Bluetooth_LE\library\libbluenrg1_stack.a(ll_privacy.o)
 i.scan_connection_or_advertiser
                0x1004c280       0x1a ..\..\..\..\..\..\Library\Bluetooth_LE\library\libbluenrg1_stack.a(ll_privacy.o)
 *fill*         0x1004c29a        0x2 
 i.Data_Len_Update_Offline_Processing
                0x1004c29c       0x58 ..\..\..\..\..\..\Library\Bluetooth_LE\library\libbluenrg1_stack.a(ll_routines.o)
                0x1004c29c                Data_Len_Update_Offline_Processing
 i.Disconnection_Offline_Processing
                0x1004c2f4       0x48 ..\..\..\..\..\..\Library\Bluetooth_LE\library\libbluenrg1_stack.a(ll_routines.o)
                0x1004c2f4                Disconnection_Offline_Processing
 i.LL_Data_Length_Change_Event
                0x1004c33c       0x54 ..\..\..\..\..\..\Library\Bluetooth_LE\library\libbluenrg1_stack.a(ll_routines.o)
                0x1004c33c                LL_Data_Length_Change_Event
 i.LL_Data_Length_Update
                0x1004c390       0x38 ..\..\..\..\..\..\Library\Bluetooth_LE\library\libbluenrg1_stack.a(ll_routines.o)
                0x1004c390                LL_Data_Length_Update
 i.LL_Disconnect_Link
                0x1004c3c8       0x30 ..\..\..\..\..\..\Library\Bluetooth_LE\library\libbluenrg1_stack.a(ll_routines.o)
                0x1004c3c8                LL_Disconnect_Link
 i.LL_Send_Disconnection_Req