Archive member included to satisfy reference by file (symbol)

..\..\..\..\..\..\Library\Bluetooth_LE\library\libbluenrg1_stack.a(bluenrg_gap_aci.o)
                              Stack\stack_user_cfg.o (aci_gap_create_connection_api)
..\..\..\..\..\..\Library\Bluetooth_LE\library\libbluenrg1_stack.a(bluenrg_gatt_aci.o)
                              User\Bluetooth\BL_gatt_db.o (aci_gatt_add_char)
..\..\..\..\..\..\Library\Bluetooth_LE\library\libbluenrg1_stack.a(bluenrg_hal_aci.o)
                              User\HardwareUtil\HW_Bluetooth.o (aci_hal_set_tx_power_level)
..\..\..\..\..\..\Library\Bluetooth_LE\library\libbluenrg1_stack.a(bluenrg_l2cap_aci.o)
                              Stack\stack_user_cfg.o (aci_l2cap_connection_parameter_update_resp_api)
..\..\..\..\..\..\Library\Bluetooth_LE\library\libbluenrg1_stack.a(bluenrg_main_func.o)
                              User\HardwareUtil\HW_Bluetooth.o (BTLE_StackTick)
..\..\..\..\..\..\Library\Bluetooth_LE\library\libbluenrg1_stack.a(gap.o)
                              ..\..\..\..\..\..\Library\Bluetooth_LE\library\libbluenrg1_stack.a(bluenrg_gap_aci.o) (GAP_Create_Connection)
..\..\..\..\..\..\Library\Bluetooth_LE\library\libbluenrg1_stack.a(gatt_client.o)
                              ..\..\..\..\..\..\Library\Bluetooth_LE\library\libbluenrg1_stack.a(bluenrg_gatt_aci.o) (Gatt_Confirm_Indication)
..\..\..\..\..\..\Library\Bluetooth_LE\library\libbluenrg1_stack.a(gatt_server.o)
                              ..\..\..\..\..\..\Library\Bluetooth_LE\library\libbluenrg1_stack.a(gatt_client.o) (GATT_Send_Packet)
..\..\..\..\..\..\Library\Bluetooth_LE\library\libbluenrg1_stack.a(hal.o)
                              ..\..\..\..\..\..\Library\Bluetooth_LE\library\libbluenrg1_stack.a(bluenrg_hal_aci.o) (HAL_Read_ConfigData)
..\..\..\..\..\..\Library\Bluetooth_LE\library\libbluenrg1_stack.a(hci.o)
                              ..\..\..\..\..\..\Library\Bluetooth_LE\library\libbluenrg1_stack.a(bluenrg_main_func.o) (Controller_Process_Q)
..\..\..\..\..\..\Library\Bluetooth_LE\library\libbluenrg1_stack.a(hci_privacy.o)
                              Stack\stack_user_cfg.o (hci_le_add_device_to_resolving_list_api)
..\..\..\..\..\..\Library\Bluetooth_LE\library\libbluenrg1_stack.a(host_timer.o)
                              ..\..\..\..\..\..\Library\Bluetooth_LE\library\libbluenrg1_stack.a(bluenrg_main_func.o) (Timer_Init)
..\..\..\..\..\..\Library\Bluetooth_LE\library\libbluenrg1_stack.a(l2cap.o)
                              ..\..\..\..\..\..\Library\Bluetooth_LE\library\libbluenrg1_stack.a(bluenrg_l2cap_aci.o) (L2C_Build_Connect_Update_Req)
..\..\..\..\..\..\Library\Bluetooth_LE\library\libbluenrg1_stack.a(ll_isr.o)
                              Stack\stack_user_cfg.o (Data_Length_Update_Control_ISR)
..\..\..\..\..\..\Library\Bluetooth_LE\library\libbluenrg1_stack.a(ll_privacy.o)
                              ..\..\..\..\..\..\Library\Bluetooth_LE\library\libbluenrg1_stack.a(hci_privacy.o) (LL_LE_Add_Device_To_Resolving_List)
..\..\..\..\..\..\Library\Bluetooth_LE\library\libbluenrg1_stack.a(ll_routines.o)
                              Stack\stack_user_cfg.o (Data_Len_Update_Offline_Processing)
..\..\..\..\..\..\Library\Bluetooth_LE\library\libbluenrg1_stack.a(ll_routines_master.o)
                              ..\..\..\..\..\..\Library\Bluetooth_LE\library\libbluenrg1_stack.a(gap.o) (LL_Create_Connection)
..\..\..\..\..\..\Library\Bluetooth_LE\library\libbluenrg1_stack.a(ll_routines_support.o)
                              Stack\stack_user_cfg.o (LL_Encrypt_Plain_Data)
..\..\..\..\..\..\Library\Bluetooth_LE\library\libbluenrg1_stack.a(mem_alloc.o)
                              ..\..\..\..\..\..\Library\Bluetooth_LE\library\libbluenrg1_stack.a(bluenrg_main_func.o) (_BlueNRG_Stack_Init_params)
..\..\..\..\..\..\Library\Bluetooth_LE\library\libbluenrg1_stack.a(mem_buff.o)
                              ..\..\..\..\..\..\Library\Bluetooth_LE\library\libbluenrg1_stack.a(l2cap.o) (Mem_Buff_Append)
..\..\..\..\..\..\Library\Bluetooth_LE\library\libbluenrg1_stack.a(multi_master_time.o)
                              ..\..\..\..\..\..\Library\Bluetooth_LE\library\libbluenrg1_stack.a(hci.o) (LL_Get_Anchor_Interval)
..\..\..\..\..\..\Library\Bluetooth_LE\library\libbluenrg1_stack.a(nvm.o)
                              ..\..\..\..\..\..\Library\Bluetooth_LE\library\libbluenrg1_stack.a(ll_isr.o) (Is_Flash_Write_On_Going)
..\..\..\..\..\..\Library\Bluetooth_LE\library\libbluenrg1_stack.a(pka.o)
                              ..\..\..\..\..\..\Library\Bluetooth_LE\library\libbluenrg1_stack.a(hci.o) (PKA_Generate_ECDH_Public_Key)
..\..\..\..\..\..\Library\Bluetooth_LE\library\libbluenrg1_stack.a(pm.o)
                              ..\..\..\..\..\..\Library\Bluetooth_LE\library\libbluenrg1_stack.a(l2cap.o) (PM_Compact)
..\..\..\..\..\..\Library\Bluetooth_LE\library\libbluenrg1_stack.a(rom_att.o)
[...]
Memory Configuration

Name             Origin             Length             Attributes
REGION_RAM       0x20000000         0x00006000         xrw
REGION_FLASH_BOOTLOADER 0x10040000         0x00000000         xr
REGION_FLASH     0x10040000         0x0003f000         xr
REGION_NVM       0x1007f000         0x00001000         xr
REGION_ROM       0x10000000         0x00000800         xr
*default*        0x00000000         0xffffffff

Linker script and memory map

LOAD Hal\clock.o
LOAD Hal\context_switch.o
LOAD Hal\gp_timer.o
LOAD Hal\miscutil.o
LOAD Hal\osal.o
LOAD Library\BlueNRG1_adc.o
LOAD Library\BlueNRG1_dma.o
LOAD Library\BlueNRG1_flash.o
LOAD Library\BlueNRG1_gpio.o
LOAD Library\BlueNRG1_i2c.o
LOAD Library\BlueNRG1_mft.o
LOAD Library\BlueNRG1_pka.o
LOAD Library\BlueNRG1_rng.o
LOAD Library\BlueNRG1_rtc.o
LOAD Library\BlueNRG1_spi.o
LOAD Library\BlueNRG1_sysCtrl.o
LOAD Library\BlueNRG1_uart.o
LOAD Library\BlueNRG1_wdg.o
LOAD Library\misc.o
LOAD SDK_Eval_BlueNRG1\SDK_EVAL_Button.o
LOAD SDK_Eval_BlueNRG1\SDK_EVAL_Com.o
LOAD SDK_Eval_BlueNRG1\SDK_EVAL_Config.o
LOAD SDK_Eval_BlueNRG1\SDK_EVAL_Led.o
LOAD Stack\stack_user_cfg.o
LOAD Startup\system_bluenrg1.o
LOAD User\Bluetooth\BL_gatt_db.o
LOAD User\Debug\DB_Assert.o
LOAD User\Debug\DB_Console.o
LOAD User\Debug\DB_TestCases.o
LOAD User\HardwareUtil\HW_Bluetooth.o
LOAD User\HardwareUtil\HW_GPIO.o
LOAD User\HardwareUtil\HW_I2C.o
LOAD User\HardwareUtil\HW_Init.o
LOAD User\HardwareUtil\HW_MAC.o
LOAD User\HardwareUtil\HW_UART.o
LOAD User\Main\BlueHomeApp.o
LOAD User\RuleProcess\RP_ActionManager.o
LOAD User\RuleProcess\RP_Init.o
LOAD User\RuleProcess\RP_RuleChecker.o
LOAD User\RuleProcess\RP_SourceManager.o
LOAD User\SourceActionManager\SAM_Bluetooth.o
LOAD User\SourceActionManager\SAM_Display.o
LOAD User\SourceActionManager\SAM_Init.o
LOAD User\SourceActionManager\SAM_PWM.o
LOAD User\SourceActionManager\SAM_Programming.o
LOAD User\SourceActionManager\SAM_RTC.o
LOAD User\SourceActionManager\SAM_Relais.o
LOAD User\SourceActionManager\SAM_TouchButton.o
LOAD ..\..\..\..\..\..\Library\Bluetooth_LE\library\libbluenrg1_stack.a
LOAD ../../../../../../Library\cryptolib\libcrypto.a
                0x00000001                ST_LINKER_OPTION = 0x1
                0x00000080                malloc_getpagesize_P = 0x80
START GROUP
LOAD c:/program files (x86)/atollic/truestudio for stm32 9.1.0/armtools/bin/../lib/gcc/arm-atollic-eabi/6.3.1/../../../../arm-atollic-eabi/lib/armv6-m\libc.a
LOAD c:/program files (x86)/atollic/truestudio for stm32 9.1.0/armtools/bin/../lib/gcc/arm-atollic-eabi/6.3.1/../../../../arm-atollic-eabi/lib/armv6-m\libm.a
END GROUP
                0x20000000                _MEMORY_RAM_BEGIN_ = 0x20000000
                0x00006000                _MEMORY_RAM_SIZE_ = 0x6000
                0x20005fff                _MEMORY_RAM_END_ = 0x20005fff
                0x10040000                _MEMORY_FLASH_BEGIN_ = 0x10040000
                0x00040000                _MEMORY_FLASH_SIZE_ = 0x40000
                0x1007ffff                _MEMORY_FLASH_END_ = 0x1007ffff
                0x10000000                _MEMORY_ROM_BEGIN_ = 0x10000000
                0x00000800                _MEMORY_ROM_SIZE_ = 0x800
                0x100007ff                _MEMORY_ROM_END_ = 0x100007ff
                0x00001000                FLASH_NVM_DATASIZE = 0x1000
                0x00000000                MEMORY_FLASH_APP_OFFSET = DEFINED (MEMORY_FLASH_APP_OFFSET)?MEMORY_FLASH_APP_OFFSET:0x0
                0x0003f000                MEMORY_FLASH_APP_SIZE = DEFINED (MEMORY_FLASH_APP_SIZE)?MEMORY_FLASH_APP_SIZE:((_MEMORY_FLASH_SIZE_ - FLASH_NVM_DATASIZE) - MEMORY_FLASH_APP_OFFSET)
                0x000002cc                MEMORY_RAM_APP_OFFSET = DEFINED (MEMORY_RAM_APP_OFFSET)?MEMORY_RAM_APP_OFFSET:0x2cc
                0x00000000                RESET_SM_MANAGER_SIZE = 0x0
                0x00000000                RESET_MANAGER_SIZE = 0x0
                [0x00000000]                RESET_MANAGER_SIZE = DEFINED (ST_OTA_HIGHER_APPLICATION)?0x800:RESET_MANAGER_SIZE
                [0x0003f000]                MEMORY_FLASH_APP_SIZE = DEFINED (ST_OTA_HIGHER_APPLICATION)?((((_MEMORY_FLASH_SIZE_ - RESET_MANAGER_SIZE) - FLASH_NVM_DATASIZE) - 0x800) / 0x2):MEMORY_FLASH_APP_SIZE
                [0x00000000]                MEMORY_FLASH_APP_OFFSET = DEFINED (ST_OTA_HIGHER_APPLICATION)?(RESET_MANAGER_SIZE + MEMORY_FLASH_APP_SIZE):MEMORY_FLASH_APP_OFFSET
                [0x00000000]                RESET_MANAGER_SIZE = DEFINED (ST_OTA_LOWER_APPLICATION)?0x800:RESET_MANAGER_SIZE
                [0x0003f000]                MEMORY_FLASH_APP_SIZE = DEFINED (ST_OTA_LOWER_APPLICATION)?((((_MEMORY_FLASH_SIZE_ - RESET_MANAGER_SIZE) - FLASH_NVM_DATASIZE) - 0x800) / 0x2):MEMORY_FLASH_APP_SIZE
                [0x00000000]                MEMORY_FLASH_APP_OFFSET = DEFINED (ST_OTA_LOWER_APPLICATION)?RESET_MANAGER_SIZE:MEMORY_FLASH_APP_OFFSET
                [0x00000000]                RESET_SM_MANAGER_SIZE = DEFINED (ST_USE_OTA_SERVICE_MANAGER_APPLICATION)?0x11800:RESET_SM_MANAGER_SIZE
                [0x0003f000]                MEMORY_FLASH_APP_SIZE = DEFINED (ST_USE_OTA_SERVICE_MANAGER_APPLICATION)?((_MEMORY_FLASH_SIZE_ - RESET_SM_MANAGER_SIZE) - FLASH_NVM_DATASIZE):MEMORY_FLASH_APP_SIZE
                [0x00000000]                MEMORY_FLASH_APP_OFFSET = DEFINED (ST_USE_OTA_SERVICE_MANAGER_APPLICATION)?RESET_SM_MANAGER_SIZE:MEMORY_FLASH_APP_OFFSET
                0x00000000                EXTERNAL_BLE_STACK_FLASH_OFFSET = DEFINED (EXTERNAL_BLE_STACK_FLASH_OFFSET)?EXTERNAL_BLE_STACK_FLASH_OFFSET:0x0
                0x100400c0                cmd_call_table = ((_MEMORY_FLASH_BEGIN_ + 0xc0) + EXTERNAL_BLE_STACK_FLASH_OFFSET)
                0x200002cc                ev_call_table = 0x200002cc
                0x00000000                _Min_Heap_Size = 0x0
                0x00000c00                _Min_Stack_Size = 0xc00

.bootloader     0x10040000        0x0
                0x10040000                . = ALIGN (0x4)
 *(.bootloader)
                0x10040000                . = ALIGN (0x4)

.intvec         0x10040000       0xc0
                0x10040000                . = ALIGN (0x4)
 *(.intvec)
 .intvec        0x10040000       0xc0 Startup\system_bluenrg1.o
                0x10040000                __vector_table
                0x100400c0                . = ALIGN (0x4)

.text           0x100400c0    0x18734
                0x100400c0                . = ALIGN (0x4)
 *(.cmd_call_table)
 *(.text)
 .text          0x100400c0       0x64 Hal\context_switch.o
                0x100400c0                CS_contextSave
                0x100400f2                CS_contextRestore
 .text          0x10040124       0x14 c:/program files (x86)/atollic/truestudio for stm32 9.1.0/armtools/bin/../lib/gcc/arm-atollic-eabi/6.3.1/../../../../arm-atollic-eabi/lib/armv6-m\libc.a(lib_a-strcmp.o)
                0x10040124                strcmp
 .text          0x10040138      0x114 c:/program files (x86)/atollic/truestudio for stm32 9.1.0/armtools/bin/../lib/gcc/arm-atollic-eabi/6.3.1/armv6-m\libgcc.a(_udivsi3.o)
                0x10040138                __aeabi_uidiv
                0x10040138                __udivsi3
                0x10040244                __aeabi_uidivmod
 .text          0x1004024c      0x1d4 c:/program files (x86)/atollic/truestudio for stm32 9.1.0/armtools/bin/../lib/gcc/arm-atollic-eabi/6.3.1/armv6-m\libgcc.a(_divsi3.o)
                0x1004024c                __divsi3
                0x1004024c                __aeabi_idiv
                0x10040418                __aeabi_idivmod
 .text          0x10040420        0x4 c:/program files (x86)/atollic/truestudio for stm32 9.1.0/armtools/bin/../lib/gcc/arm-atollic-eabi/6.3.1/armv6-m\libgcc.a(_dvmd_tls.o)
                0x10040420                __aeabi_idiv0
                0x10040420                __aeabi_ldiv0
 .text          0x10040424       0x74 c:/program files (x86)/atollic/truestudio for stm32 9.1.0/armtools/bin/../lib/gcc/arm-atollic-eabi/6.3.1/armv6-m\libgcc.a(unaligned-funcs.o)
                0x10040424                __aeabi_uread4
                0x1004043c                __aeabi_uwrite4
                0x1004044c                __aeabi_uread8
                0x10040478                __aeabi_uwrite8
 *(.text*)
 .text.SysCount_Handler
                0x10040498       0x10 Hal\clock.o
                0x10040498                SysCount_Handler
 .text.Clock_Init
                0x100404a8       0x2c Hal\clock.o
                0x100404a8                Clock_Init
 .text.HAL_GetPartInfo
                0x100404d4       0x4c Hal\miscutil.o
                0x100404d4                HAL_GetPartInfo
 .text.BLEPLAT_get_part_info
                0x10040520       0x22 Hal\miscutil.o
                0x10040520                BLEPLAT_get_part_info
 .text.Osal_MemCpy
                0x10040542        0x8 Hal\osal.o
                0x10040542                Osal_MemCpy
 .text.Osal_MemSet
                0x1004054a        0x8 Hal\osal.o
                0x1004054a                Osal_MemSet
 .text.Osal_MemCmp
                0x10040552        0x8 Hal\osal.o
                0x10040552                Osal_MemCmp
 .text.FLASH_ReadByte
                0x1004055a        0x6 Library\BlueNRG1_flash.o
                0x1004055a                FLASH_ReadByte
 .text.FLASH_WaitCmdDone
                0x10040560       0x10 Library\BlueNRG1_flash.o
                0x10040560                FLASH_WaitCmdDone
 .text.FLASH_ErasePage
                0x10040570       0x30 Library\BlueNRG1_flash.o
                0x10040570                FLASH_ErasePage
 .text.FLASH_ProgramWord
                0x100405a0       0x30 Library\BlueNRG1_flash.o
                0x100405a0                FLASH_ProgramWord
 .text.GPIO_Init
                0x100405d0       0xda Library\BlueNRG1_gpio.o
                0x100405d0                GPIO_Init
 .text.GPIO_WriteBit
                0x100406aa       0x10 Library\BlueNRG1_gpio.o
                0x100406aa                GPIO_WriteBit
 .text.GPIO_EXTIConfig
                0x100406ba       0x4c Library\BlueNRG1_gpio.o
                0x100406ba                GPIO_EXTIConfig
 .text.GPIO_EXTICmd
                0x10040706       0x16 Library\BlueNRG1_gpio.o
                0x10040706                GPIO_EXTICmd
 .text.GPIO_ClearITPendingBit
                0x1004071c        0xc Library\BlueNRG1_gpio.o
                0x1004071c                GPIO_ClearITPendingBit
 .text.GPIO_GetITPendingBit
                0x10040728       0x10 Library\BlueNRG1_gpio.o
                0x10040728                GPIO_GetITPendingBit
 .text.PKA_Reset
                0x10040738       0x18 Library\BlueNRG1_pka.o
                0x10040738                PKA_Reset
 .text.PKA_StartProcessing
                0x10040750       0x14 Library\BlueNRG1_pka.o
                0x10040750                PKA_StartProcessing
 .text.PKA_GetProcessStatus
                0x10040764        0xc Library\BlueNRG1_pka.o
                0x10040764                PKA_GetProcessStatus
 .text.PKA_VerifyProcess
                0x10040770       0x10 Library\BlueNRG1_pka.o
                0x10040770                PKA_VerifyProcess
 .text.PKA_SetData
                0x10040780       0x40 Library\BlueNRG1_pka.o
                0x10040780                PKA_SetData
 .text.PKA_GetData
                0x100407c0       0x3c Library\BlueNRG1_pka.o
                0x100407c0                PKA_GetData
 .text.SysCtrl_PeripheralClockCmd
                0x100407fc       0x18 Library\BlueNRG1_sysCtrl.o
                0x100407fc                SysCtrl_PeripheralClockCmd
 .text.UART_Cmd
                0x10040814       0x1c Library\BlueNRG1_uart.o
                0x10040814                UART_Cmd
 .text.UART_Init
                0x10040830      0x150 Library\BlueNRG1_uart.o
                0x10040830                UART_Init
 .text.UART_ITConfig
                0x10040980       0x18 Library\BlueNRG1_uart.o
                0x10040980                UART_ITConfig
 .text.UART_SendData
                0x10040998       0x10 Library\BlueNRG1_uart.o
                0x10040998                UART_SendData
 .text.UART_ReceiveData
                0x100409a8        0xc Library\BlueNRG1_uart.o
                0x100409a8                UART_ReceiveData
 .text.UART_GetFlagStatus
                0x100409b4       0x1c Library\BlueNRG1_uart.o
                0x100409b4                UART_GetFlagStatus
 .text.UART_GetITStatus
                0x100409d0       0x14 Library\BlueNRG1_uart.o
                0x100409d0                UART_GetITStatus
 .text.UART_RxFifoIrqLevelConfig
                0x100409e4       0x1c Library\BlueNRG1_uart.o
                0x100409e4                UART_RxFifoIrqLevelConfig
 .text.NVIC_Init
                0x10040a00       0x90 Library\misc.o
                0x10040a00                NVIC_Init
 .text.Get_ButtonGpioPin
                0x10040a90       0x2c SDK_Eval_BlueNRG1\SDK_EVAL_Button.o
                0x10040a90                Get_ButtonGpioPin
 .text.SdkEvalComUartInit
                0x10040abc       0x94 SDK_Eval_BlueNRG1\SDK_EVAL_Com.o
                0x10040abc                SdkEvalComUartInit
 .text.SdkEvalComUartIrqConfig
                0x10040b50       0x1e SDK_Eval_BlueNRG1\SDK_EVAL_Com.o
                0x10040b50                SdkEvalComUartIrqConfig
 .text.__aeabi_memcpy
                0x10040b6e        0x8 SDK_Eval_BlueNRG1\SDK_EVAL_Com.o
                0x10040b6e                __aeabi_memcpy
 .text.__aeabi_memcpy4
                0x10040b76        0x8 SDK_Eval_BlueNRG1\SDK_EVAL_Com.o
                0x10040b76                __aeabi_memcpy4
 .text.__aeabi_memclr4
                0x10040b7e        0xc SDK_Eval_BlueNRG1\SDK_EVAL_Com.o
                0x10040b7e                __aeabi_memclr4
 *fill*         0x10040b8a        0x2 
 .text.SdkEvalIdentification
                0x10040b8c        0xc SDK_Eval_BlueNRG1\SDK_EVAL_Config.o
                0x10040b8c                SdkEvalIdentification
 .text.SdkEvalGetVersion
                0x10040b98        0xc SDK_Eval_BlueNRG1\SDK_EVAL_Config.o
                0x10040b98                SdkEvalGetVersion
 .text.Get_LedGpioPin
                0x10040ba4       0x44 SDK_Eval_BlueNRG1\SDK_EVAL_Led.o
                0x10040ba4                Get_LedGpioPin
 .text.SdkEvalLedOn
                0x10040be8        0xe SDK_Eval_BlueNRG1\SDK_EVAL_Led.o
                0x10040be8                SdkEvalLedOn
 .text.SdkEvalLedOff
                0x10040bf6        0xe SDK_Eval_BlueNRG1\SDK_EVAL_Led.o
                0x10040bf6                SdkEvalLedOff
 .text.SdkEvalLedInit
                0x10040c04       0x2e SDK_Eval_BlueNRG1\SDK_EVAL_Led.o
                0x10040c04                SdkEvalLedInit
 .text.PRIV_vGeneratePrivateAddress_ucfg
                0x10040c32        0x8 Stack\stack_user_cfg.o
                0x10040c32                PRIV_vGeneratePrivateAddress_ucfg
 .text.PRIV_u32ProcessAdvPacket_ucfg
                0x10040c3a        0x8 Stack\stack_user_cfg.o
                0x10040c3a                PRIV_u32ProcessAdvPacket_ucfg
 .text.PRIV_u8OfflineProcessing_ucfg
                0x10040c42        0x8 Stack\stack_user_cfg.o
                0x10040c42                PRIV_u8OfflineProcessing_ucfg
 .text.PRIV_vGenerate_hci_le_enhanced_connection_complete_event_ucfg
                0x10040c4a       0x1e Stack\stack_user_cfg.o
                0x10040c4a                PRIV_vGenerate_hci_le_enhanced_connection_complete_event_ucfg
 .text.PRIV_vGenerate_hci_le_direct_advertising_report_event_ucfg
                0x10040c68       0x1a Stack\stack_user_cfg.o
                0x10040c68                PRIV_vGenerate_hci_le_direct_advertising_report_event_ucfg
 .text.GAP_enable_controller_privacy_ucfg
                0x10040c82        0x8 Stack\stack_user_cfg.o
                0x10040c82                GAP_enable_controller_privacy_ucfg
 .text.LL_Encrypt_Plain_Data_ucfg
                0x10040c8a        0x8 Stack\stack_user_cfg.o
                0x10040c8a                LL_Encrypt_Plain_Data_ucfg
 .text.PRIV_controller_privacy_csr_ucfg
                0x10040c92        0x4 Stack\stack_user_cfg.o
                0x10040c92                PRIV_controller_privacy_csr_ucfg
 .text.aci_gap_create_connection
                0x10040c96       0x42 Stack\stack_user_cfg.o
                0x10040c96                aci_gap_create_connection
 .text.aci_gap_start_general_discovery_proc
                0x10040cd8        0x8 Stack\stack_user_cfg.o
                0x10040cd8                aci_gap_start_general_discovery_proc
 .text.GAP_DiscProcTimeoutcb_ucfg
                0x10040ce0        0x8 Stack\stack_user_cfg.o
                0x10040ce0                GAP_DiscProcTimeoutcb_ucfg
 .text.GAP_LimDiscTimeoutcb_ucfg
                0x10040ce8        0x8 Stack\stack_user_cfg.o
                0x10040ce8                GAP_LimDiscTimeoutcb_ucfg
 .text.cancel_connect_master_ucfg
                0x10040cf0        0x8 Stack\stack_user_cfg.o
                0x10040cf0                cancel_connect_master_ucfg
 .text.isr_event_handler_scan_data_ucfg
                0x10040cf8        0x8 Stack\stack_user_cfg.o
                0x10040cf8                isr_event_handler_scan_data_ucfg
 .text.Reclassify_All_Channels_ucfg
                0x10040d00        0x8 Stack\stack_user_cfg.o
                0x10040d00                Reclassify_All_Channels_ucfg
 .text.GAP_check_and_set_role_ucfg
                0x10040d08        0x8 Stack\stack_user_cfg.o
                0x10040d08                GAP_check_and_set_role_ucfg
 .text.GAP_discover_peer_name_ucfg
                0x10040d10        0x8 Stack\stack_user_cfg.o
                0x10040d10                GAP_discover_peer_name_ucfg
 .text.state_func_call_init_csr_ucfg
                0x10040d18        0x8 Stack\stack_user_cfg.o
                0x10040d18                state_func_call_init_csr_ucfg
 .text.smp_MI_Start_Encryption_ucfg
                0x10040d20        0x8 Stack\stack_user_cfg.o
                0x10040d20                smp_MI_Start_Encryption_ucfg
 .text.smp_Execute_Actions_wrt_Current_State_MI_excerpt_ucfg
                0x10040d28        0x8 Stack\stack_user_cfg.o
                0x10040d28                smp_Execute_Actions_wrt_Current_State_MI_excerpt_ucfg
 .text.smp_Process_Rx_Packet_wrt_Current_State_MI_excerpt_ucfg
                0x10040d30        0x8 Stack\stack_user_cfg.o
                0x10040d30                smp_Process_Rx_Packet_wrt_Current_State_MI_excerpt_ucfg
 .text.smp_Execute_Actions_wrt_Current_State_sc_MI_excerpt_phase2as2_ucfg
                0x10040d38        0x8 Stack\stack_user_cfg.o
                0x10040d38                smp_Execute_Actions_wrt_Current_State_sc_MI_excerpt_phase2as2_ucfg
 .text.Data_Len_Update_Offline_Processing_ucfg
                0x10040d40        0x8 Stack\stack_user_cfg.o
                0x10040d40                Data_Len_Update_Offline_Processing_ucfg
 .text.Data_Length_Update_Control_ISR_ucfg
                0x10040d48        0x8 Stack\stack_user_cfg.o
                0x10040d48                Data_Length_Update_Control_ISR_ucfg
 .text.ll_write_supported_data_ucfg
                0x10040d50        0x8 Stack\stack_user_cfg.o
                0x10040d50                ll_write_supported_data_ucfg
 .text.LL_Data_Length_Change_Event_ucfg
                0x10040d58        0x8 Stack\stack_user_cfg.o
                0x10040d58                LL_Data_Length_Change_Event_ucfg
 .text.LL_Send_Length_Resp_ucfg
                0x10040d60        0x8 Stack\stack_user_cfg.o
                0x10040d60                LL_Send_Length_Resp_ucfg
 .text.data_length_extension_csr_ucfg
                0x10040d68        0x4 Stack\stack_user_cfg.o
                0x10040d68                data_length_extension_csr_ucfg
 .text.PKA_Offline_Processing_ucfg
                0x10040d6c        0x8 Stack\stack_user_cfg.o
                0x10040d6c                PKA_Offline_Processing_ucfg
 .text.smp_sc_init_ucfg
                0x10040d74        0x8 Stack\stack_user_cfg.o
                0x10040d74                smp_sc_init_ucfg
 .text.smp_sc_continue_on_exclusive_sc_pairing_ucfg
                0x10040d7c        0x8 Stack\stack_user_cfg.o
                0x10040d7c                smp_sc_continue_on_exclusive_sc_pairing_ucfg
 .text.smp_sc_check_for_ecc_pk_generation_request_ucfg
                0x10040d84        0x8 Stack\stack_user_cfg.o
                0x10040d84                smp_sc_check_for_ecc_pk_generation_request_ucfg
 .text.smp_sc_update_statistics_on_pairing_complete_ucfg
                0x10040d8c        0x8 Stack\stack_user_cfg.o
                0x10040d8c                smp_sc_update_statistics_on_pairing_complete_ucfg
 .text.secure_connections_csr_ucfg
                0x10040d94        0x4 Stack\stack_user_cfg.o
                0x10040d94                secure_connections_csr_ucfg
 .text.smp_sc_hci_le_read_local_p256_public_key_complete_evt_hndl_ucfg
                0x10040d98        0x8 Stack\stack_user_cfg.o
                0x10040d98                smp_sc_hci_le_read_local_p256_public_key_complete_evt_hndl_ucfg
 .text.smp_sc_hci_le_generate_dhkey_complete_evt_hndl_ucfg
                0x10040da0        0x8 Stack\stack_user_cfg.o
                0x10040da0                smp_sc_hci_le_generate_dhkey_complete_evt_hndl_ucfg
 .text.smp_sc_MI_PairingResponse_Receive_sc_excerpt_ucfg
                0x10040da8        0x8 Stack\stack_user_cfg.o
                0x10040da8                smp_sc_MI_PairingResponse_Receive_sc_excerpt_ucfg
 .text.smp_sc_MI_Pairing_Phase_2AS1_Start_sc_excerpt_ucfg
                0x10040db0        0x8 Stack\stack_user_cfg.o
                0x10040db0                smp_sc_MI_Pairing_Phase_2AS1_Start_sc_excerpt_ucfg
 .text.smp_sc_SR_Pairing_Phase_2AS1_Start_sc_excerpt_ucfg
                0x10040db8        0x8 Stack\stack_user_cfg.o
                0x10040db8                smp_sc_SR_Pairing_Phase_2AS1_Start_sc_excerpt_ucfg
 .text.smp_sc_MI_PairingConfirm_Send_sc_excerpt_ucfg
                0x10040dc0        0x8 Stack\stack_user_cfg.o
                0x10040dc0                smp_sc_MI_PairingConfirm_Send_sc_excerpt_ucfg
 .text.smp_sc_MI_PairingRandom_Receive_sc_excerpt1_ucfg
                0x10040dc8        0x8 Stack\stack_user_cfg.o
                0x10040dc8                smp_sc_MI_PairingRandom_Receive_sc_excerpt1_ucfg
 .text.smp_sc_MI_PairingRandom_Receive_sc_excerpt2_ucfg
                0x10040dd0        0x8 Stack\stack_user_cfg.o
                0x10040dd0                smp_sc_MI_PairingRandom_Receive_sc_excerpt2_ucfg
 .text.smp_sc_SR_PairingConfirm_Receive_sc_excerpt_ucfg
                0x10040dd8        0x8 Stack\stack_user_cfg.o
                0x10040dd8                smp_sc_SR_PairingConfirm_Receive_sc_excerpt_ucfg
 .text.smp_sc_SR_PairingRandom_Receive_sc_excerpt_ucfg
                0x10040de0        0x8 Stack\stack_user_cfg.o
                0x10040de0                smp_sc_SR_PairingRandom_Receive_sc_excerpt_ucfg
 .text.smp_Execute_Actions_wrt_Current_State_sc_excerpt_phase_1_to_2_ucfg
                0x10040de8        0x8 Stack\stack_user_cfg.o
                0x10040de8                smp_Execute_Actions_wrt_Current_State_sc_excerpt_phase_1_to_2_ucfg
 .text.smp_Execute_Actions_wrt_Current_State_sc_excerpt_phase2as2_ucfg
                0x10040df0        0x8 Stack\stack_user_cfg.o
                0x10040df0                smp_Execute_Actions_wrt_Current_State_sc_excerpt_phase2as2_ucfg
 .text.smp_Process_Rx_Packet_wrt_Current_State_sc_excerpt_ucfg
                0x10040df8        0x8 Stack\stack_user_cfg.o
                0x10040df8                smp_Process_Rx_Packet_wrt_Current_State_sc_excerpt_ucfg
 .text.smp_Process_Rx_Packet_Exception_Cases_sc_excerpt_ucfg
                0x10040e00        0x8 Stack\stack_user_cfg.o
                0x10040e00                smp_Process_Rx_Packet_Exception_Cases_sc_excerpt_ucfg
 .text.PKA_Handler
                0x10040e08        0x2 Startup\system_bluenrg1.o
                0x10040e08                PKA_Handler
 .text.DMA_Handler
                0x10040e0a        0x2 Startup\system_bluenrg1.o
                0x10040e0a                DMA_Handler
 .text.NMI_Handler
                0x10040e0c        0x2 Startup\system_bluenrg1.o
                0x10040e0c                NMI_Handler
 .text.HardFault_Handler
                0x10040e0e        0x2 Startup\system_bluenrg1.o
                0x10040e0e                HardFault_Handler
 .text.SVC_Handler
                0x10040e10        0x2 Startup\system_bluenrg1.o
                0x10040e10                SVC_Handler
 .text.PendSV_Handler
                0x10040e12        0x2 Startup\system_bluenrg1.o
                0x10040e12                PendSV_Handler
 .text.NVM_Handler
                0x10040e14        0x2 Startup\system_bluenrg1.o
                0x10040e14                NVM_Handler
 .text.SPI_Handler
                0x10040e16        0x2 Startup\system_bluenrg1.o
                0x10040e16                SPI_Handler
 .text.MFT1A_Handler
                0x10040e18        0x2 Startup\system_bluenrg1.o
                0x10040e18                MFT1A_Handler
 .text.MFT1B_Handler
                0x10040e1a        0x2 Startup\system_bluenrg1.o
                0x10040e1a                MFT1B_Handler
 .text.MFT2A_Handler
                0x10040e1c        0x2 Startup\system_bluenrg1.o
                0x10040e1c                MFT2A_Handler
 .text.MFT2B_Handler
                0x10040e1e        0x2 Startup\system_bluenrg1.o
                0x10040e1e                MFT2B_Handler
 .text.RTC_Handler
                0x10040e20        0x2 Startup\system_bluenrg1.o
                0x10040e20                RTC_Handler
 .text.WDG_Handler
                0x10040e22        0x2 Startup\system_bluenrg1.o
                0x10040e22                WDG_Handler
 .text.ADC_Handler
                0x10040e24        0x2 Startup\system_bluenrg1.o
                0x10040e24                ADC_Handler
 .text.I2C2_Handler
                0x10040e26        0x2 Startup\system_bluenrg1.o
                0x10040e26                I2C2_Handler
 .text.I2C1_Handler
                0x10040e28        0x2 Startup\system_bluenrg1.o
                0x10040e28                I2C1_Handler
 *fill*         0x10040e2a        0x2 
 .text.__low_level_init
                0x10040e2c       0x38 Startup\system_bluenrg1.o
                0x10040e2c                __low_level_init
 .text.RESET_HANDLER
                0x10040e64       0x8c Startup\system_bluenrg1.o
                0x10040e64                RESET_HANDLER
 .text.Set_RF_FrontEnd
                0x10040ef0       0x4c Startup\system_bluenrg1.o
                0x10040ef0                Set_RF_FrontEnd
 .text.BOR_ConfigSave
                0x10040f3c       0x60 Startup\system_bluenrg1.o
                0x10040f3c                BOR_ConfigSave
 .text.DeviceConfiguration
                0x10040f9c      0x148 Startup\system_bluenrg1.o
                0x10040f9c                DeviceConfiguration
 .text.SystemInit
                0x100410e4      0x120 Startup\system_bluenrg1.o
                0x100410e4                SystemInit
 .text.bl_gatt_addHWInfoService
                0x10041204      0x23c User\Bluetooth\BL_gatt_db.o
                0x10041204                bl_gatt_addHWInfoService
 .text.bl_gatt_addCMDService
                0x10041440       0xf8 User\Bluetooth\BL_gatt_db.o
                0x10041440                bl_gatt_addCMDService
 .text.bl_gatt_addDirectService
                0x10041538      0x1dc User\Bluetooth\BL_gatt_db.o
                0x10041538                bl_gatt_addDirectService
 .text.bl_gatt_updateDirectParam
                0x10041714       0x50 User\Bluetooth\BL_gatt_db.o
                0x10041714                bl_gatt_updateDirectParam
 .text.bl_gatt_initHWInfo
                0x10041764       0xac User\Bluetooth\BL_gatt_db.o
                0x10041764                bl_gatt_initHWInfo
 .text.db_as_init
                0x10041810       0x4c User\Debug\DB_Assert.o
                0x10041810                db_as_init
 .text.db_as_checkInit
                0x1004185c       0x2c User\Debug\DB_Assert.o
                0x1004185c                db_as_checkInit
 .text.db_as_assert
                0x10041888       0x30 User\Debug\DB_Assert.o
                0x10041888                db_as_assert
 .text.db_cs_executeCommand
                0x100418b8       0x88 User\Debug\DB_Console.o
                0x100418b8                db_cs_executeCommand
 .text.db_cs_printString
                0x10041940        0x8 User\Debug\DB_Console.o
                0x10041940                db_cs_printString
 .text.db_cs_printMAC
                0x10041948       0x60 User\Debug\DB_Console.o
                0x10041948                db_cs_printMAC
 .text.db_cs_itoa
                0x100419a8       0x58 User\Debug\DB_Console.o
                0x100419a8                db_cs_itoa
 .text.db_cs_printInt
                0x10041a00       0x12 User\Debug\DB_Console.o
                0x10041a00                db_cs_printInt
 *fill*         0x10041a12        0x2 
 .text.db_cs_printAction
                0x10041a14       0x70 User\Debug\DB_Console.o
                0x10041a14                db_cs_printAction
 .text.db_cs_printSource
                0x10041a84       0x60 User\Debug\DB_Console.o
                0x10041a84                db_cs_printSource
 .text.db_tc_init_Eval
                0x10041ae4       0x44 User\Debug\DB_TestCases.o
                0x10041ae4                db_tc_init_Eval
 .text.db_tc_init_GPIO_Int
                0x10041b28       0x64 User\Debug\DB_TestCases.o
                0x10041b28                db_tc_init_GPIO_Int
 .text.sam_bl_initLink
                0x10041b8c      0x168 User\HardwareUtil\HW_Bluetooth.o
                0x10041b8c                sam_bl_initLink
 .text.hw_bl_init
                0x10041cf4       0x64 User\HardwareUtil\HW_Bluetooth.o
                0x10041cf4                hw_bl_init
 .text.hw_bl_setDeviceConnectable
                0x10041d58       0x64 User\HardwareUtil\HW_Bluetooth.o
                0x10041d58                hw_bl_setDeviceConnectable
 .text.hw_bl_setDeviceNonDiscover
                0x10041dbc       0x28 User\HardwareUtil\HW_Bluetooth.o
                0x10041dbc                hw_bl_setDeviceNonDiscover
 .text.hw_bl_makeConnection
                0x10041de4       0x74 User\HardwareUtil\HW_Bluetooth.o
                0x10041de4                hw_bl_makeConnection
 .text.hw_bl_terminateConnection
                0x10041e58       0x40 User\HardwareUtil\HW_Bluetooth.o
                0x10041e58                hw_bl_terminateConnection
 .text.hw_bl_sendPacket
                0x10041e98      0x124 User\HardwareUtil\HW_Bluetooth.o
                0x10041e98                hw_bl_sendPacket
 .text.aci_att_prepare_write_resp_event
                0x10041fbc       0x10 User\HardwareUtil\HW_Bluetooth.o
                0x10041fbc                aci_att_prepare_write_resp_event
 .text.aci_att_exec_write_resp_event
                0x10041fcc       0x10 User\HardwareUtil\HW_Bluetooth.o
                0x10041fcc                aci_att_exec_write_resp_event
 .text.hci_le_connection_complete_event
                0x10041fdc       0x3c User\HardwareUtil\HW_Bluetooth.o
                0x10041fdc                hci_le_connection_complete_event
 .text.hci_disconnection_complete_event
                0x10042018       0x2c User\HardwareUtil\HW_Bluetooth.o
                0x10042018                hci_disconnection_complete_event
 .text.aci_gatt_read_permit_req_event
                0x10042044       0x18 User\HardwareUtil\HW_Bluetooth.o
                0x10042044                aci_gatt_read_permit_req_event
 .text.aci_gatt_write_permit_req_event
                0x1004205c       0x28 User\HardwareUtil\HW_Bluetooth.o
                0x1004205c                aci_gatt_write_permit_req_event
 .text.aci_gatt_attribute_modified_event
                0x10042084      0x158 User\HardwareUtil\HW_Bluetooth.o
                0x10042084                aci_gatt_attribute_modified_event
 .text.aci_gatt_proc_complete_event
                0x100421dc       0x44 User\HardwareUtil\HW_Bluetooth.o
                0x100421dc                aci_gatt_proc_complete_event
 .text.aci_gatt_disc_read_char_by_uuid_resp_event
                0x10042220       0x54 User\HardwareUtil\HW_Bluetooth.o
                0x10042220                aci_gatt_disc_read_char_by_uuid_resp_event
 .text.aci_hal_end_of_radio_activity_event
                0x10042274       0x10 User\HardwareUtil\HW_Bluetooth.o
                0x10042274                aci_hal_end_of_radio_activity_event
 .text.hci_le_advertising_report_event
                0x10042284       0x58 User\HardwareUtil\HW_Bluetooth.o
                0x10042284                hci_le_advertising_report_event
 .text.aci_gap_proc_complete_event
                0x100422dc       0xbc User\HardwareUtil\HW_Bluetooth.o
                0x100422dc                aci_gap_proc_complete_event
 .text.hw_init_init
                0x10042398       0x80 User\HardwareUtil\HW_Init.o
                0x10042398                hw_init_init
 .text.hw_init_registerPinIdentfier
                0x10042418       0x10 User\HardwareUtil\HW_Init.o
                0x10042418                hw_init_registerPinIdentfier
 .text.hw_init_registerBusAddrIdentfier
                0x10042428       0x10 User\HardwareUtil\HW_Init.o
                0x10042428                hw_init_registerBusAddrIdentfier
 .text.hw_init_getIntPinFromSAM
                0x10042438       0x20 User\HardwareUtil\HW_Init.o
                0x10042438                hw_init_getIntPinFromSAM
 .text.hw_init_gpio
                0x10042458       0x90 User\HardwareUtil\HW_Init.o
                0x10042458                hw_init_gpio
 .text.hw_mac_writeMacToFlash
                0x100424e8       0x4c User\HardwareUtil\HW_MAC.o
                0x100424e8                hw_mac_writeMacToFlash
 .text.hw_mac_writeCurrentMacToFlash
                0x10042534       0x10 User\HardwareUtil\HW_MAC.o
                0x10042534                hw_mac_writeCurrentMacToFlash
 .text.hw_mac_generateDeviceName
                0x10042544       0x88 User\HardwareUtil\HW_MAC.o
                0x10042544                hw_mac_generateDeviceName
 .text.hw_mac_generateDeviceAddress
                0x100425cc       0x3c User\HardwareUtil\HW_MAC.o
                0x100425cc                hw_mac_generateDeviceAddress
 .text.hw_mac_compareMac
                0x10042608       0x3c User\HardwareUtil\HW_MAC.o
                0x10042608                hw_mac_compareMac
 .text.hw_mac_init
                0x10042644       0xc0 User\HardwareUtil\HW_MAC.o
                0x10042644                hw_mac_init
 .text.hw_mac_getMacId
                0x10042704       0x38 User\HardwareUtil\HW_MAC.o
                0x10042704                hw_mac_getMacId
 .text.hw_mac_getMac
                0x1004273c       0x38 User\HardwareUtil\HW_MAC.o
                0x1004273c                hw_mac_getMac
 .text.hw_uart_receiveISR
                0x10042774       0x4c User\HardwareUtil\HW_UART.o
                0x10042774                hw_uart_receiveISR
 .text.hw_uart_sendChar
                0x100427c0       0x16 User\HardwareUtil\HW_UART.o
                0x100427c0                hw_uart_sendChar
 .text.hw_uart_sendString
                0x100427d6       0x14 User\HardwareUtil\HW_UART.o
                0x100427d6                hw_uart_sendString
 *fill*         0x100427ea        0x2 
 .text.APP_Tick
                0x100427ec       0x2c User\Main\BlueHomeApp.o
                0x100427ec                APP_Tick
 .text.startup.main
                0x10042818       0x42 User\Main\BlueHomeApp.o
                0x10042818                main
 *fill*         0x1004285a        0x2 
 .text.rp_am_noAction
                0x1004285c       0x10 User\RuleProcess\RP_ActionManager.o
                0x1004285c                rp_am_noAction
 .text.rp_am_noValue
                0x1004286c       0x14 User\RuleProcess\RP_ActionManager.o
                0x1004286c                rp_am_noValue
 .text.rp_am_unknownValue
                0x10042880       0x14 User\RuleProcess\RP_ActionManager.o
                0x10042880                rp_am_unknownValue
 .text.rp_am_sourceValue
                0x10042894       0x24 User\RuleProcess\RP_ActionManager.o
                0x10042894                rp_am_sourceValue
 .text.rp_am_loadActions
                0x100428b8       0x5c User\RuleProcess\RP_ActionManager.o
                0x100428b8                rp_am_loadActions
 .text.rp_am_init
                0x10042914       0x78 User\RuleProcess\RP_ActionManager.o
                0x10042914                rp_am_init
 .text.rp_am_registerSAMActionIdentfier
                0x1004298c       0x10 User\RuleProcess\RP_ActionManager.o
                0x1004298c                rp_am_registerSAMActionIdentfier
 .text.rp_am_addAction
                0x1004299c       0x70 User\RuleProcess\RP_ActionManager.o
                0x1004299c                rp_am_addAction
 .text.rp_am_replaceMask
                0x10042a0c       0x2c User\RuleProcess\RP_ActionManager.o
                0x10042a0c                rp_am_replaceMask
 .text.rp_am_triggerAction
                0x10042a38       0x40 User\RuleProcess\RP_ActionManager.o
                0x10042a38                rp_am_triggerAction
 .text.rp_am_tick
                0x10042a78       0x48 User\RuleProcess\RP_ActionManager.o
                0x10042a78                rp_am_tick
 .text.rp_init_init
                0x10042ac0       0x10 User\RuleProcess\RP_Init.o
                0x10042ac0                rp_init_init
 .text.rp_rc_tick
                0x10042ad0        0x4 User\RuleProcess\RP_RuleChecker.o
                0x10042ad0                rp_rc_tick
 .text.rp_rc_loadRules
                0x10042ad4       0x94 User\RuleProcess\RP_RuleChecker.o
                0x10042ad4                rp_rc_loadRules
 .text.rp_rc_init
                0x10042b68       0x34 User\RuleProcess\RP_RuleChecker.o
                0x10042b68                rp_rc_init
 .text.rp_rc_addSource
                0x10042b9c       0x68 User\RuleProcess\RP_RuleChecker.o
                0x10042b9c                rp_rc_addSource
 .text.rp_im_init
                0x10042c04        0x2 User\RuleProcess\RP_SourceManager.o
                0x10042c04                rp_im_init
 *fill*         0x10042c06        0x2 
 .text.rp_sm_registerSAMSourceIdentfier
                0x10042c08       0x10 User\RuleProcess\RP_SourceManager.o
                0x10042c08                rp_sm_registerSAMSourceIdentfier
 .text.rp_sm_triggerSource
                0x10042c18       0x24 User\RuleProcess\RP_SourceManager.o
                0x10042c18                rp_sm_triggerSource
 .text.Blue_Handler
                0x10042c3c        0x8 User\RuleProcess\RP_SourceManager.o
                0x10042c3c                Blue_Handler
 .text.SysTick_Handler
                0x10042c44        0x8 User\RuleProcess\RP_SourceManager.o
                0x10042c44                SysTick_Handler
 .text.UART_Handler
                0x10042c4c        0x8 User\RuleProcess\RP_SourceManager.o
                0x10042c4c                UART_Handler
 .text.GPIO_Handler
                0x10042c54       0x38 User\RuleProcess\RP_SourceManager.o
                0x10042c54                GPIO_Handler
 .text.sam_bl_triggerSource
                0x10042c8c       0x48 User\SourceActionManager\SAM_Bluetooth.o
                0x10042c8c                sam_bl_triggerSource
 .text.sam_bl_triggerAction
                0x10042cd4       0x38 User\SourceActionManager\SAM_Bluetooth.o
                0x10042cd4                sam_bl_triggerAction
 .text.sam_bl_init
                0x10042d0c       0x1c User\SourceActionManager\SAM_Bluetooth.o
                0x10042d0c                sam_bl_init
 .text.sam_init_init
                0x10042d28       0x14 User\SourceActionManager\SAM_Init.o
                0x10042d28                sam_init_init
 .text.sam_prog_triggerSource
                0x10042d3c       0x10 User\SourceActionManager\SAM_Programming.o
                0x10042d3c                sam_prog_triggerSource
 .text.sam_prog_triggerAction
                0x10042d4c       0x8c User\SourceActionManager\SAM_Programming.o
                0x10042d4c                sam_prog_triggerAction
 .text.sam_prog_init
                0x10042dd8       0x1c User\SourceActionManager\SAM_Programming.o
                0x10042dd8                sam_prog_init
 .text.sam_rtc_triggerSource
                0x10042df4       0x10 User\SourceActionManager\SAM_RTC.o
                0x10042df4                sam_rtc_triggerSource
 .text.sam_rtc_triggerAction
                0x10042e04       0x10 User\SourceActionManager\SAM_RTC.o
                0x10042e04                sam_rtc_triggerAction
 .text.sam_rtc_init
                0x10042e14       0x3c User\SourceActionManager\SAM_RTC.o
                0x10042e14                sam_rtc_init
 .text.sam_tb_init
                0x10042e50       0x18 User\SourceActionManager\SAM_TouchButton.o
                0x10042e50                sam_tb_init
 .text.__aeabi_memmove
                0x10042e68        0x8 c:/program files (x86)/atollic/truestudio for stm32 9.1.0/armtools/bin/../lib/gcc/arm-atollic-eabi/6.3.1/../../../../arm-atollic-eabi/lib/armv6-m\libc.a(lib_a-aeabi_memmove.o)
                0x10042e68                __aeabi_memmove
                0x10042e68                __aeabi_memmove4
                0x10042e68                __aeabi_memmove8
 .text.memcmp   0x10042e70       0x1e c:/program files (x86)/atollic/truestudio for stm32 9.1.0/armtools/bin/../lib/gcc/arm-atollic-eabi/6.3.1/../../../../arm-atollic-eabi/lib/armv6-m\libc.a(lib_a-memcmp.o)
                0x10042e70                memcmp
 .text.memcpy   0x10042e8e       0x12 c:/program files (x86)/atollic/truestudio for stm32 9.1.0/armtools/bin/../lib/gcc/arm-atollic-eabi/6.3.1/../../../../arm-atollic-eabi/lib/armv6-m\libc.a(lib_a-memcpy-stub.o)
                0x10042e8e                memcpy
 .text.memmove  0x10042ea0       0x24 c:/program files (x86)/atollic/truestudio for stm32 9.1.0/armtools/bin/../lib/gcc/arm-atollic-eabi/6.3.1/../../../../arm-atollic-eabi/lib/armv6-m\libc.a(lib_a-memmove.o)
                0x10042ea0                memmove
 .text.memset   0x10042ec4       0x10 c:/program files (x86)/atollic/truestudio for stm32 9.1.0/armtools/bin/../lib/gcc/arm-atollic-eabi/6.3.1/../../../../arm-atollic-eabi/lib/armv6-m\libc.a(lib_a-memset.o)
                0x10042ec4                memset
 .text.strcpy   0x10042ed4       0x10 c:/program files (x86)/atollic/truestudio for stm32 9.1.0/armtools/bin/../lib/gcc/arm-atollic-eabi/6.3.1/../../../../arm-atollic-eabi/lib/armv6-m\libc.a(lib_a-strcpy.o)
                0x10042ed4                strcpy
 *(i.*)
 i._aci_gap_set_discoverable_param_check
                0x10042ee4       0x5c ..\..\..\..\..\..\Library\Bluetooth_LE\library\libbluenrg1_stack.a(bluenrg_gap_aci.o)
 i.aci_gap_create_connection_api
                0x10042f40       0x5a ..\..\..\..\..\..\Library\Bluetooth_LE\library\libbluenrg1_stack.a(bluenrg_gap_aci.o)
                0x10042f40                aci_gap_create_connection_api
 i.aci_gap_init
                0x10042f9a       0x30 ..\..\..\..\..\..\Library\Bluetooth_LE\library\libbluenrg1_stack.a(bluenrg_gap_aci.o)
                0x10042f9a                aci_gap_init
 *fill*         0x10042fca        0x2 
 i.aci_gap_set_authentication_requirement
                0x10042fcc       0x90 ..\..\..\..\..\..\Library\Bluetooth_LE\library\libbluenrg1_stack.a(bluenrg_gap_aci.o)
                0x10042fcc                aci_gap_set_authentication_requirement
 i.aci_gap_set_discoverable
                0x1004305c       0x42 ..\..\..\..\..\..\Library\Bluetooth_LE\library\libbluenrg1_stack.a(bluenrg_gap_aci.o)
                0x1004305c                aci_gap_set_discoverable
 i.aci_gap_set_non_discoverable
                0x1004309e       0x14 ..\..\..\..\..\..\Library\Bluetooth_LE\library\libbluenrg1_stack.a(bluenrg_gap_aci.o)
                0x1004309e                aci_gap_set_non_discoverable
 i.aci_gap_start_general_discovery_proc_api
                0x100430b2        0x8 ..\..\..\..\..\..\Library\Bluetooth_LE\library\libbluenrg1_stack.a(bluenrg_gap_aci.o)
                0x100430b2                aci_gap_start_general_discovery_proc_api
 i.aci_gap_terminate
                0x100430ba        0x8 ..\..\..\..\..\..\Library\Bluetooth_LE\library\libbluenrg1_stack.a(bluenrg_gap_aci.o)
                0x100430ba                aci_gap_terminate
 i._load_uuid   0x100430c2       0x26 ..\..\..\..\..\..\Library\Bluetooth_LE\library\libbluenrg1_stack.a(bluenrg_gatt_aci.o)
 i.aci_gatt_add_char
                0x100430e8       0x3e ..\..\..\..\..\..\Library\Bluetooth_LE\library\libbluenrg1_stack.a(bluenrg_gatt_aci.o)
                0x100430e8                aci_gatt_add_char
 i.aci_gatt_add_service
                0x10043126       0x36 ..\..\..\..\..\..\Library\Bluetooth_LE\library\libbluenrg1_stack.a(bluenrg_gatt_aci.o)
                0x10043126                aci_gatt_add_service
 i.aci_gatt_allow_read
                0x1004315c        0xc ..\..\..\..\..\..\Library\Bluetooth_LE\library\libbluenrg1_stack.a(bluenrg_gatt_aci.o)
                0x1004315c                aci_gatt_allow_read
 i.aci_gatt_disc_char_by_uuid
                0x10043168       0x28 ..\..\..\..\..\..\Library\Bluetooth_LE\library\libbluenrg1_stack.a(bluenrg_gatt_aci.o)
                0x10043168                aci_gatt_disc_char_by_uuid
 i.aci_gatt_init
                0x10043190        0x8 ..\..\..\..\..\..\Library\Bluetooth_LE\library\libbluenrg1_stack.a(bluenrg_gatt_aci.o)
                0x10043190                aci_gatt_init
 i.aci_gatt_update_char_value
                0x10043198       0x14 ..\..\..\..\..\..\Library\Bluetooth_LE\library\libbluenrg1_stack.a(bluenrg_gatt_aci.o)
                0x10043198                aci_gatt_update_char_value
 i.aci_gatt_update_char_value_ext
                0x100431ac       0x22 ..\..\..\..\..\..\Library\Bluetooth_LE\library\libbluenrg1_stack.a(bluenrg_gatt_aci.o)
                0x100431ac                aci_gatt_update_char_value_ext
 i.aci_gatt_write_resp
                0x100431ce       0x1c ..\..\..\..\..\..\Library\Bluetooth_LE\library\libbluenrg1_stack.a(bluenrg_gatt_aci.o)
                0x100431ce                aci_gatt_write_resp
 i.aci_gatt_write_without_resp
                0x100431ea        0x8 ..\..\..\..\..\..\Library\Bluetooth_LE\library\libbluenrg1_stack.a(bluenrg_gatt_aci.o)
                0x100431ea                aci_gatt_write_without_resp
 i.aci_hal_set_tx_power_level
                0x100431f2        0x8 ..\..\..\..\..\..\Library\Bluetooth_LE\library\libbluenrg1_stack.a(bluenrg_hal_aci.o)
                0x100431f2                aci_hal_set_tx_power_level
 i.aci_hal_write_config_data
                0x100431fa        0x8 ..\..\..\..\..\..\Library\Bluetooth_LE\library\libbluenrg1_stack.a(bluenrg_hal_aci.o)
                0x100431fa                aci_hal_write_config_data
 *fill*         0x10043202        0x2 
 i.BTLE_StackTick
                0x10043204       0x88 ..\..\..\..\..\..\Library\Bluetooth_LE\library\libbluenrg1_stack.a(bluenrg_main_func.o)
                0x10043204                BTLE_StackTick
 i.BlueNRG_Stack_Initialization
                0x1004328c       0x44 ..\..\..\..\..\..\Library\Bluetooth_LE\library\libbluenrg1_stack.a(bluenrg_main_func.o)
                0x1004328c                BlueNRG_Stack_Initialization
 i.BlueNRG_Stack_Initialize_ConfigData
                0x100432d0       0x64 ..\..\..\..\..\..\Library\Bluetooth_LE\library\libbluenrg1_stack.a(bluenrg_main_func.o)
 i.BlueNRG_Stack_Initialize_Layers
                0x10043334       0x84 ..\..\..\..\..\..\Library\Bluetooth_LE\library\libbluenrg1_stack.a(bluenrg_main_func.o)
 i.BlueNRG_Stack_Initialize_RAM_check
                0x100433b8       0x80 ..\..\..\..\..\..\Library\Bluetooth_LE\library\libbluenrg1_stack.a(bluenrg_main_func.o)
 i.BlueNRG_Stack_Perform_Crystal_Check
                0x10043438       0xc4 ..\..\..\..\..\..\Library\Bluetooth_LE\library\libbluenrg1_stack.a(bluenrg_main_func.o)
 i.BlueNRG_Start_Crystal_Measurement
                0x100434fc       0x1c ..\..\..\..\..\..\Library\Bluetooth_LE\library\libbluenrg1_stack.a(bluenrg_main_func.o)
 i._BlueNRG_Stack_Initialization
                0x10043518       0xfc ..\..\..\..\..\..\Library\Bluetooth_LE\library\libbluenrg1_stack.a(bluenrg_main_func.o)
                0x10043518                _BlueNRG_Stack_Initialization
 i.GAP_Connection_Complete_Handler
                0x10043614       0x68 ..\..\..\..\..\..\Library\Bluetooth_LE\library\libbluenrg1_stack.a(gap.o)
                0x10043614                GAP_Connection_Complete_Handler
 i.GAP_Create_Connection
                0x1004367c       0x64 ..\..\..\..\..\..\Library\Bluetooth_LE\library\libbluenrg1_stack.a(gap.o)
                0x1004367c                GAP_Create_Connection
 i.GAP_DiscProcTimeoutcb
                0x100436e0       0x48 ..\..\..\..\..\..\Library\Bluetooth_LE\library\libbluenrg1_stack.a(gap.o)
                0x100436e0                GAP_DiscProcTimeoutcb
 i.GAP_Init     0x10043728      0x1fc ..\..\..\..\..\..\Library\Bluetooth_LE\library\libbluenrg1_stack.a(gap.o)
                0x10043728                GAP_Init
 i.GAP_Init_Context
                0x10043924       0x14 ..\..\..\..\..\..\Library\Bluetooth_LE\library\libbluenrg1_stack.a(gap.o)
                0x10043924                GAP_Init_Context
 i.GAP_Internal_Evt_Handler
                0x10043938       0x3c ..\..\..\..\..\..\Library\Bluetooth_LE\library\libbluenrg1_stack.a(gap.o)
                0x10043938                GAP_Internal_Evt_Handler
 i.GAP_LL_Event_Handler_ISR
                0x10043974       0x68 ..\..\..\..\..\..\Library\Bluetooth_LE\library\libbluenrg1_stack.a(gap.o)
                0x10043974                GAP_LL_Event_Handler_ISR
 i.GAP_LimDiscTimeoutcb
                0x100439dc       0x2c ..\..\..\..\..\..\Library\Bluetooth_LE\library\libbluenrg1_stack.a(gap.o)
                0x100439dc                GAP_LimDiscTimeoutcb
 i.GAP_Process_Q
                0x10043a08       0x40 ..\..\..\..\..\..\Library\Bluetooth_LE\library\libbluenrg1_stack.a(gap.o)
                0x10043a08                GAP_Process_Q
 i.GAP_Set_Discoverable_Mode
                0x10043a48       0x38 ..\..\..\..\..\..\Library\Bluetooth_LE\library\libbluenrg1_stack.a(gap.o)
                0x10043a48                GAP_Set_Discoverable_Mode
 i.GAP_Set_Non_Discoverable_Mode
                0x10043a80       0x2c ..\..\..\..\..\..\Library\Bluetooth_LE\library\libbluenrg1_stack.a(gap.o)
                0x10043a80                GAP_Set_Non_Discoverable_Mode
 i.GAP_Start_General_Discovery_Procedure
                0x10043aac       0x48 ..\..\..\..\..\..\Library\Bluetooth_LE\library\libbluenrg1_stack.a(gap.o)
                0x10043aac                GAP_Start_General_Discovery_Procedure
 i.GAP_Started_Gatt_Proc
                0x10043af4       0x2c ..\..\..\..\..\..\Library\Bluetooth_LE\library\libbluenrg1_stack.a(gap.o)
                0x10043af4                GAP_Started_Gatt_Proc
 i.GAP_check_and_set_role
                0x10043b20        0xe ..\..\..\..\..\..\Library\Bluetooth_LE\library\libbluenrg1_stack.a(gap.o)
                0x10043b20                GAP_check_and_set_role
 *fill*         0x10043b2e        0x2 
 i.GAP_discover_peer_name
                0x10043b30       0x44 ..\..\..\..\..\..\Library\Bluetooth_LE\library\libbluenrg1_stack.a(gap.o)
                0x10043b30                GAP_discover_peer_name
 i.GAP_enable_controller_privacy
                0x10043b74       0x44 ..\..\..\..\..\..\Library\Bluetooth_LE\library\libbluenrg1_stack.a(gap.o)
                0x10043b74                GAP_enable_controller_privacy
 i._GAP_Parse_Advertising_Report
                0x10043bb8       0x64 ..\..\..\..\..\..\Library\Bluetooth_LE\library\libbluenrg1_stack.a(gap.o)
 i._gap_set_discoverable_connectable
                0x10043c1c      0x174 ..\..\..\..\..\..\Library\Bluetooth_LE\library\libbluenrg1_stack.a(gap.o)
                0x10043c1c                _gap_set_discoverable_connectable
 i.aci_gap_limited_discoverable_event_push
                0x10043d90       0x50 ..\..\..\..\..\..\Library\Bluetooth_LE\library\libbluenrg1_stack.a(gap.o)
 i.aci_gap_proc_complete_event_push
                0x10043de0       0x74 ..\..\..\..\..\..\Library\Bluetooth_LE\library\libbluenrg1_stack.a(gap.o)
 i.advParamsCheckAndSet
                0x10043e54       0x94 ..\..\..\..\..\..\Library\Bluetooth_LE\library\libbluenrg1_stack.a(gap.o)
                0x10043e54                advParamsCheckAndSet
 i.gapClearAllModeFlags
                0x10043ee8       0x14 ..\..\..\..\..\..\Library\Bluetooth_LE\library\libbluenrg1_stack.a(gap.o)
                0x10043ee8                gapClearAllModeFlags
 i.setGapAdvData
                0x10043efc      0x100 ..\..\..\..\..\..\Library\Bluetooth_LE\library\libbluenrg1_stack.a(gap.o)
                0x10043efc                setGapAdvData
 i.Check_and_find_gatt_client
                0x10043ffc       0x18 ..\..\..\..\..\..\Library\Bluetooth_LE\library\libbluenrg1_stack.a(gatt_client.o)
 i.Find_Gatt_Client
                0x10044014       0x3c ..\..\..\..\..\..\Library\Bluetooth_LE\library\libbluenrg1_stack.a(gatt_client.o)
                0x10044014                Find_Gatt_Client
 i.GATT_Server_Set_Flag
                0x10044050       0x18 ..\..\..\..\..\..\Library\Bluetooth_LE\library\libbluenrg1_stack.a(gatt_client.o)
 i.Gatt_Check_Not_Error_Resp
                0x10044068       0x52 ..\..\..\..\..\..\Library\Bluetooth_LE\library\libbluenrg1_stack.a(gatt_client.o)
 i.Gatt_Disc_All_Charac_By_Uuid_Cb
                0x100440ba        0xa ..\..\..\..\..\..\Library\Bluetooth_LE\library\libbluenrg1_stack.a(gatt_client.o)
 i.Gatt_Disc_Charac_By_Uuid
                0x100440c4       0xac ..\..\..\..\..\..\Library\Bluetooth_LE\library\libbluenrg1_stack.a(gatt_client.o)
                0x100440c4                Gatt_Disc_Charac_By_Uuid
 i.Gatt_Read_Charac_By_Uuid
                0x10044170       0x80 ..\..\..\..\..\..\Library\Bluetooth_LE\library\libbluenrg1_stack.a(gatt_client.o)
                0x10044170                Gatt_Read_Charac_By_Uuid
 i.Gatt_Read_Charac_By_Uuid_Cb
                0x100441f0        0xa ..\..\..\..\..\..\Library\Bluetooth_LE\library\libbluenrg1_stack.a(gatt_client.o)
 *fill*         0x100441fa        0x2 
 i.Gatt_Super_Handler
                0x100441fc      0x328 ..\..\..\..\..\..\Library\Bluetooth_LE\library\libbluenrg1_stack.a(gatt_client.o)
 i.Gatt_Super_Handler_Task7
                0x10044524      0x188 ..\..\..\..\..\..\Library\Bluetooth_LE\library\libbluenrg1_stack.a(gatt_client.o)
 i.Gatt_Write_Without_Resp
                0x100446ac       0x80 ..\..\..\..\..\..\Library\Bluetooth_LE\library\libbluenrg1_stack.a(gatt_client.o)
                0x100446ac                Gatt_Write_Without_Resp
 i.aci_att_find_by_type_value_resp_event_push
                0x1004472c       0x78 ..\..\..\..\..\..\Library\Bluetooth_LE\library\libbluenrg1_stack.a(gatt_client.o)
 i.aci_att_find_info_resp_event_push
                0x100447a4       0x7c ..\..\..\..\..\..\Library\Bluetooth_LE\library\libbluenrg1_stack.a(gatt_client.o)
 i.aci_att_read_blob_resp_event_push
                0x10044820       0x74 ..\..\..\..\..\..\Library\Bluetooth_LE\library\libbluenrg1_stack.a(gatt_client.o)
 i.aci_att_read_by_group_type_resp_event_push
                0x10044894       0x7c ..\..\..\..\..\..\Library\Bluetooth_LE\library\libbluenrg1_stack.a(gatt_client.o)
 i.aci_att_read_by_type_resp_event_push
                0x10044910       0x7c ..\..\..\..\..\..\Library\Bluetooth_LE\library\libbluenrg1_stack.a(gatt_client.o)
 i.aci_att_read_multiple_resp_event_push
                0x1004498c       0x74 ..\..\..\..\..\..\Library\Bluetooth_LE\library\libbluenrg1_stack.a(gatt_client.o)
 i.aci_att_read_resp_event_push
                0x10044a00       0x74 ..\..\..\..\..\..\Library\Bluetooth_LE\library\libbluenrg1_stack.a(gatt_client.o)
 i.aci_gatt_disc_read_char_by_uuid_resp_event_push
                0x10044a74       0x84 ..\..\..\..\..\..\Library\Bluetooth_LE\library\libbluenrg1_stack.a(gatt_client.o)
 i.aci_gatt_error_resp_event_push
                0x10044af8       0x78 ..\..\..\..\..\..\Library\Bluetooth_LE\library\libbluenrg1_stack.a(gatt_client.o)
 i.aci_gatt_proc_complete_event_push
                0x10044b70       0x58 ..\..\..\..\..\..\Library\Bluetooth_LE\library\libbluenrg1_stack.a(gatt_client.o)
 i.int16ToLe2Byte
                0x10044bc8        0x8 ..\..\..\..\..\..\Library\Bluetooth_LE\library\libbluenrg1_stack.a(gatt_client.o)
 i.le2ByteToInt16
                0x10044bd0        0xa ..\..\..\..\..\..\Library\Bluetooth_LE\library\libbluenrg1_stack.a(gatt_client.o)
 i.send_gatt_event
                0x10044bda       0x46 ..\..\..\..\..\..\Library\Bluetooth_LE\library\libbluenrg1_stack.a(gatt_client.o)
 i.Build_Notif_Or_Ind
                0x10044c20       0x3e ..\..\..\..\..\..\Library\Bluetooth_LE\library\libbluenrg1_stack.a(gatt_server.o)
                0x10044c20                Build_Notif_Or_Ind
 *fill*         0x10044c5e        0x2 
 i.Check_For_Service_Change
                0x10044c60      0x348 ..\..\..\..\..\..\Library\Bluetooth_LE\library\libbluenrg1_stack.a(gatt_server.o)
                0x10044c60                Check_For_Service_Change
 i.Find_Attr_Index
                0x10044fa8       0x50 ..\..\..\..\..\..\Library\Bluetooth_LE\library\libbluenrg1_stack.a(gatt_server.o)
                0x10044fa8                Find_Attr_Index
 i.Find_Timed_Out_Connection
                0x10044ff8       0x34 ..\..\..\..\..\..\Library\Bluetooth_LE\library\libbluenrg1_stack.a(gatt_server.o)
                0x10044ff8                Find_Timed_Out_Connection
 i.GATT_Connection_Complete_Handler
                0x1004502c       0x44 ..\..\..\..\..\..\Library\Bluetooth_LE\library\libbluenrg1_stack.a(gatt_server.o)
                0x1004502c                GATT_Connection_Complete_Handler
 i.GATT_Send_Packet
                0x10045070       0x2c ..\..\..\..\..\..\Library\Bluetooth_LE\library\libbluenrg1_stack.a(gatt_server.o)
                0x10045070                GATT_Send_Packet
 i.GATT_Server_Set_Flag
                0x1004509c       0x18 ..\..\..\..\..\..\Library\Bluetooth_LE\library\libbluenrg1_stack.a(gatt_server.o)
 i.GATT_TimeOut_Handler
                0x100450b4       0x1a ..\..\..\..\..\..\Library\Bluetooth_LE\library\libbluenrg1_stack.a(gatt_server.o)
                0x100450b4                GATT_TimeOut_Handler
 *fill*         0x100450ce        0x2 
 i.Gatt_Add_Charac_Desc
                0x100450d0      0x160 ..\..\..\..\..\..\Library\Bluetooth_LE\library\libbluenrg1_stack.a(gatt_server.o)
                0x100450d0                Gatt_Add_Charac_Desc
 i.Gatt_Add_Characteristic
                0x10045230      0x338 ..\..\..\..\..\..\Library\Bluetooth_LE\library\libbluenrg1_stack.a(gatt_server.o)
                0x10045230                Gatt_Add_Characteristic
 i.Gatt_Add_Descriptor
                0x10045568      0x154 ..\..\..\..\..\..\Library\Bluetooth_LE\library\libbluenrg1_stack.a(gatt_server.o)
                0x10045568                Gatt_Add_Descriptor
 i.Gatt_Add_Service
                0x100456bc      0x160 ..\..\..\..\..\..\Library\Bluetooth_LE\library\libbluenrg1_stack.a(gatt_server.o)
                0x100456bc                Gatt_Add_Service
 i.Gatt_Appl_Auth_For_Read
                0x1004581c       0xf0 ..\..\..\..\..\..\Library\Bluetooth_LE\library\libbluenrg1_stack.a(gatt_server.o)
                0x1004581c                Gatt_Appl_Auth_For_Read
 i.Gatt_Appl_Auth_For_Write
                0x1004590c      0x1b8 ..\..\..\..\..\..\Library\Bluetooth_LE\library\libbluenrg1_stack.a(gatt_server.o)
                0x1004590c                Gatt_Appl_Auth_For_Write
 i.Gatt_Find_Srv_From_Handle
                0x10045ac4       0x2c ..\..\..\..\..\..\Library\Bluetooth_LE\library\libbluenrg1_stack.a(gatt_server.o)
                0x10045ac4                Gatt_Find_Srv_From_Handle
 i.Gatt_Find_Srv_Owner_Of_Handle
                0x10045af0       0x48 ..\..\..\..\..\..\Library\Bluetooth_LE\library\libbluenrg1_stack.a(gatt_server.o)
                0x10045af0                Gatt_Find_Srv_Owner_Of_Handle
 i.Gatt_Find_Timed_Out_Connection_Index
                0x10045b38       0x38 ..\..\..\..\..\..\Library\Bluetooth_LE\library\libbluenrg1_stack.a(gatt_server.o)
                0x10045b38                Gatt_Find_Timed_Out_Connection_Index
 i.Gatt_Flush_Pending_AclPacket_Lists
                0x10045b70       0x34 ..\..\..\..\..\..\Library\Bluetooth_LE\library\libbluenrg1_stack.a(gatt_server.o)
 i.Gatt_Process_Q
                0x10045ba4      0x19c ..\..\..\..\..\..\Library\Bluetooth_LE\library\libbluenrg1_stack.a(gatt_server.o)
                0x10045ba4                Gatt_Process_Q
 i.Gatt_Reset_To_Closed_State
                0x10045d40       0xfc ..\..\..\..\..\..\Library\Bluetooth_LE\library\libbluenrg1_stack.a(gatt_server.o)
 i.Gatt_Server_Db_Check
                0x10045e3c       0x34 ..\..\..\..\..\..\Library\Bluetooth_LE\library\libbluenrg1_stack.a(gatt_server.o)
                0x10045e3c                Gatt_Server_Db_Check
 i.Gatt_Server_Init
                0x10045e70      0x190 ..\..\..\..\..\..\Library\Bluetooth_LE\library\libbluenrg1_stack.a(gatt_server.o)
                0x10045e70                Gatt_Server_Init
 i.Gatt_Server_L2C_Handler
                0x10046000      0x200 ..\..\..\..\..\..\Library\Bluetooth_LE\library\libbluenrg1_stack.a(gatt_server.o)
                0x10046000                Gatt_Server_L2C_Handler
 i.Gatt_Server_L2C_Handler_ISR
                0x10046200       0x4c ..\..\..\..\..\..\Library\Bluetooth_LE\library\libbluenrg1_stack.a(gatt_server.o)
                0x10046200                Gatt_Server_L2C_Handler_ISR
 i.Gatt_Store_Server_Database_And_Reset_CCCD
                0x1004624c      0x16c ..\..\..\..\..\..\Library\Bluetooth_LE\library\libbluenrg1_stack.a(gatt_server.o)
 i.Gatt_Update_Charac_Value
                0x100463b8       0x68 ..\..\..\..\..\..\Library\Bluetooth_LE\library\libbluenrg1_stack.a(gatt_server.o)
                0x100463b8                Gatt_Update_Charac_Value
 i.Gatt_Update_Charac_Value_Ext
                0x10046420      0x38c ..\..\..\..\..\..\Library\Bluetooth_LE\library\libbluenrg1_stack.a(gatt_server.o)
                0x10046420                Gatt_Update_Charac_Value_Ext
 i.Gatt_fetch_handle
                0x100467ac       0x3c ..\..\..\..\..\..\Library\Bluetooth_LE\library\libbluenrg1_stack.a(gatt_server.o)
                0x100467ac                Gatt_fetch_handle
 i.Gatt_search_handle
                0x100467e8       0x1e ..\..\..\..\..\..\Library\Bluetooth_LE\library\libbluenrg1_stack.a(gatt_server.o)
                0x100467e8                Gatt_search_handle
 *fill*         0x10046806        0x2 
 i.Gatt_search_service_handle
                0x10046808       0x2c ..\..\..\..\..\..\Library\Bluetooth_LE\library\libbluenrg1_stack.a(gatt_server.o)
                0x10046808                Gatt_search_service_handle
 i.Ind_Service_Change_Charac
                0x10046834       0x44 ..\..\..\..\..\..\Library\Bluetooth_LE\library\libbluenrg1_stack.a(gatt_server.o)
                0x10046834                Ind_Service_Change_Charac
 i.Pm_Resize_Host_Acl_Pckt
                0x10046878        0xe ..\..\..\..\..\..\Library\Bluetooth_LE\library\libbluenrg1_stack.a(gatt_server.o)
 *fill*         0x10046886        0x2 
 i.Process_Peer_Client_Data
                0x10046888      0x1fc ..\..\..\..\..\..\Library\Bluetooth_LE\library\libbluenrg1_stack.a(gatt_server.o)
                0x10046888                Process_Peer_Client_Data
 i.Process_Peer_Server_Data
                0x10046a84      0x194 ..\..\..\..\..\..\Library\Bluetooth_LE\library\libbluenrg1_stack.a(gatt_server.o)
                0x10046a84                Process_Peer_Server_Data
 i.Select_Next_Notification_Client
                0x10046c18       0x50 ..\..\..\..\..\..\Library\Bluetooth_LE\library\libbluenrg1_stack.a(gatt_server.o)
                0x10046c18                Select_Next_Notification_Client
 i.Send_Notif_Or_Ind
                0x10046c68       0x4c ..\..\..\..\..\..\Library\Bluetooth_LE\library\libbluenrg1_stack.a(gatt_server.o)
                0x10046c68                Send_Notif_Or_Ind
 i.aci_gatt_indication_event_push
                0x10046cb4       0x90 ..\..\..\..\..\..\Library\Bluetooth_LE\library\libbluenrg1_stack.a(gatt_server.o)
 i.aci_gatt_notification_event_push
                0x10046d44       0x90 ..\..\..\..\..\..\Library\Bluetooth_LE\library\libbluenrg1_stack.a(gatt_server.o)
 i.store_data   0x10046dd4       0x1e ..\..\..\..\..\..\Library\Bluetooth_LE\library\libbluenrg1_stack.a(gatt_server.o)
                0x10046dd4                store_data
 i.__ARM_common_switch8
                0x10046df2       0x1a ..\..\..\..\..\..\Library\Bluetooth_LE\library\libbluenrg1_stack.a(gatt_server.o)
                0x10046df2                __ARM_common_switch8
 i.HAL_Flash_Store_Data
                0x10046e0c       0x54 ..\..\..\..\..\..\Library\Bluetooth_LE\library\libbluenrg1_stack.a(hal.o)
                0x10046e0c                HAL_Flash_Store_Data
 i.HAL_Generate_Random_Bytes_To
                0x10046e60       0x20 ..\..\..\..\..\..\Library\Bluetooth_LE\library\libbluenrg1_stack.a(hal.o)
                0x10046e60                HAL_Generate_Random_Bytes_To
 i.HAL_Set_TX_Power_Level
                0x10046e80       0x44 ..\..\..\..\..\..\Library\Bluetooth_LE\library\libbluenrg1_stack.a(hal.o)
                0x10046e80                HAL_Set_TX_Power_Level
 i.HAL_Write_ConfigData
                0x10046ec4      0x10c ..\..\..\..\..\..\Library\Bluetooth_LE\library\libbluenrg1_stack.a(hal.o)
                0x10046ec4                HAL_Write_ConfigData
 i.Hal_Get_Random_Number
                0x10046fd0       0x3a ..\..\..\..\..\..\Library\Bluetooth_LE\library\libbluenrg1_stack.a(hal.o)
                0x10046fd0                Hal_Get_Random_Number
 i.Hal_Get_Random_Number32
                0x1004700a       0x12 ..\..\..\..\..\..\Library\Bluetooth_LE\library\libbluenrg1_stack.a(hal.o)
                0x1004700a                Hal_Get_Random_Number32
 i.ble_HAL_Init
                0x1004701c       0x1c ..\..\..\..\..\..\Library\Bluetooth_LE\library\libbluenrg1_stack.a(hal.o)
                0x1004701c                ble_HAL_Init
 i.char_copy    0x10047038       0x12 ..\..\..\..\..\..\Library\Bluetooth_LE\library\libbluenrg1_stack.a(hal.o)
                0x10047038                char_copy
 *fill*         0x1004704a        0x2 
 i.hal_radio_activity_state_callback_check
                0x1004704c       0x34 ..\..\..\..\..\..\Library\Bluetooth_LE\library\libbluenrg1_stack.a(hal.o)
                0x1004704c                hal_radio_activity_state_callback_check
 i.hal_radio_activity_state_init
                0x10047080       0x1c ..\..\..\..\..\..\Library\Bluetooth_LE\library\libbluenrg1_stack.a(hal.o)
                0x10047080                hal_radio_activity_state_init
 i.hal_read_radio_activity_state
                0x1004709c       0x40 ..\..\..\..\..\..\Library\Bluetooth_LE\library\libbluenrg1_stack.a(hal.o)
                0x1004709c                hal_read_radio_activity_state
 i.set_string   0x100470dc       0x10 ..\..\..\..\..\..\Library\Bluetooth_LE\library\libbluenrg1_stack.a(hal.o)
                0x100470dc                set_string
 i.Controller_Process_Q
                0x100470ec       0x1c ..\..\..\..\..\..\Library\Bluetooth_LE\library\libbluenrg1_stack.a(hci.o)
                0x100470ec                Controller_Process_Q
 i.HCI_Init     0x10047108       0x74 ..\..\..\..\..\..\Library\Bluetooth_LE\library\libbluenrg1_stack.a(hci.o)
                0x10047108                HCI_Init
 i.PKA_Offline_Processing
                0x1004717c       0xc0 ..\..\..\..\..\..\Library\Bluetooth_LE\library\libbluenrg1_stack.a(hci.o)
                0x1004717c                PKA_Offline_Processing
 i.hci_acl_Process_Q
                0x1004723c       0x60 ..\..\..\..\..\..\Library\Bluetooth_LE\library\libbluenrg1_stack.a(hci.o)
                0x1004723c                hci_acl_Process_Q
 i.hci_le_generate_dhkey_api
                0x1004729c       0x98 ..\..\..\..\..\..\Library\Bluetooth_LE\library\libbluenrg1_stack.a(hci.o)
                0x1004729c                hci_le_generate_dhkey_api
 i.hci_le_generate_dhkey_complete_event_push
                0x10047334       0x68 ..\..\..\..\..\..\Library\Bluetooth_LE\library\libbluenrg1_stack.a(hci.o)
 i.hci_le_rand  0x1004739c        0x8 ..\..\..\..\..\..\Library\Bluetooth_LE\library\libbluenrg1_stack.a(hci.o)
                0x1004739c                hci_le_rand
 i.hci_le_read_local_p256_public_key_api
                0x100473a4       0x60 ..\..\..\..\..\..\Library\Bluetooth_LE\library\libbluenrg1_stack.a(hci.o)
                0x100473a4                hci_le_read_local_p256_public_key_api
 i.hci_le_read_local_p256_public_key_complete_event_push
                0x10047404       0x68 ..\..\..\..\..\..\Library\Bluetooth_LE\library\libbluenrg1_stack.a(hci.o)
 i.hci_le_set_event_mask
                0x1004746c       0x40 ..\..\..\..\..\..\Library\Bluetooth_LE\library\libbluenrg1_stack.a(hci.o)
                0x1004746c                hci_le_set_event_mask
 i.hci_le_set_scan_response_data
                0x100474ac       0x16 ..\..\..\..\..\..\Library\Bluetooth_LE\library\libbluenrg1_stack.a(hci.o)
                0x100474ac                hci_le_set_scan_response_data
 *fill*         0x100474c2        0x2 
 i.hci_load_connParams
                0x100474c4       0x64 ..\..\..\..\..\..\Library\Bluetooth_LE\library\libbluenrg1_stack.a(hci.o)
                0x100474c4                hci_load_connParams
 i.hci_rx_acl_data
                0x10047528       0x6c ..\..\..\..\..\..\Library\Bluetooth_LE\library\libbluenrg1_stack.a(hci.o)
                0x10047528                hci_rx_acl_data
 i.hci_tx_acl_data_done
                0x10047594       0x48 ..\..\..\..\..\..\Library\Bluetooth_LE\library\libbluenrg1_stack.a(hci.o)
                0x10047594                hci_tx_acl_data_done
 i.HAL_VTimerAcc_sysT32_ms
                0x100475dc       0x24 ..\..\..\..\..\..\Library\Bluetooth_LE\library\libbluenrg1_stack.a(host_timer.o)
                0x100475dc                HAL_VTimerAcc_sysT32_ms
 i.HAL_VTimerGetCurrentTime_sysT32
                0x10047600       0x12 ..\..\..\..\..\..\Library\Bluetooth_LE\library\libbluenrg1_stack.a(host_timer.o)
                0x10047600                HAL_VTimerGetCurrentTime_sysT32
 i.HAL_VTimerTimeoutCallback
                0x10047612        0x2 ..\..\..\..\..\..\Library\Bluetooth_LE\library\libbluenrg1_stack.a(host_timer.o)
                0x10047612                HAL_VTimerTimeoutCallback
 i.Set_Host_Timer_value
                0x10047614       0x50 ..\..\..\..\..\..\Library\Bluetooth_LE\library\libbluenrg1_stack.a(host_timer.o)
                0x10047614                Set_Host_Timer_value
 i.TimerCallback
                0x10047664       0x7c ..\..\..\..\..\..\Library\Bluetooth_LE\library\libbluenrg1_stack.a(host_timer.o)
 i.Timer_ExpiryCallback
                0x100476e0       0x14 ..\..\..\..\..\..\Library\Bluetooth_LE\library\libbluenrg1_stack.a(host_timer.o)
                0x100476e0                Timer_ExpiryCallback
 i.Timer_Init   0x100476f4       0x38 ..\..\..\..\..\..\Library\Bluetooth_LE\library\libbluenrg1_stack.a(host_timer.o)
                0x100476f4                Timer_Init
 i.Timer_ProcessQ
                0x1004772c      0x11c ..\..\..\..\..\..\Library\Bluetooth_LE\library\libbluenrg1_stack.a(host_timer.o)
                0x1004772c                Timer_ProcessQ
 i.Timer_StartOneShot
                0x10047848       0x22 ..\..\..\..\..\..\Library\Bluetooth_LE\library\libbluenrg1_stack.a(host_timer.o)
                0x10047848                Timer_StartOneShot
 *fill*         0x1004786a        0x2 
 i.Timer_StartOneShot_sysTime32
                0x1004786c       0x78 ..\..\..\..\..\..\Library\Bluetooth_LE\library\libbluenrg1_stack.a(host_timer.o)
                0x1004786c                Timer_StartOneShot_sysTime32
 i.Timer_StopOneShot
                0x100478e4       0x58 ..\..\..\..\..\..\Library\Bluetooth_LE\library\libbluenrg1_stack.a(host_timer.o)
                0x100478e4                Timer_StopOneShot
 i.Timer_sysTime32_convMachineTime
                0x1004793c       0x24 ..\..\..\..\..\..\Library\Bluetooth_LE\library\libbluenrg1_stack.a(host_timer.o)
                0x1004793c                Timer_sysTime32_convMachineTime
 i.L2C_Build_Command_Reject_Pdu
                0x10047960       0x7c ..\..\..\..\..\..\Library\Bluetooth_LE\library\libbluenrg1_stack.a(l2cap.o)
                0x10047960                L2C_Build_Command_Reject_Pdu
 i.L2C_Connection_Complete_Handler
                0x100479dc       0x24 ..\..\..\..\..\..\Library\Bluetooth_LE\library\libbluenrg1_stack.a(l2cap.o)
                0x100479dc                L2C_Connection_Complete_Handler
 i.L2C_Connection_Complete_Signal_Handler
                0x10047a00       0x2a ..\..\..\..\..\..\Library\Bluetooth_LE\library\libbluenrg1_stack.a(l2cap.o)
                0x10047a00                L2C_Connection_Complete_Signal_Handler
 *fill*         0x10047a2a        0x2 
 i.L2C_Get_Connection_Info
                0x10047a2c       0x34 ..\..\..\..\..\..\Library\Bluetooth_LE\library\libbluenrg1_stack.a(l2cap.o)
 i.L2C_Get_Connection_Info_Index
                0x10047a60       0x30 ..\..\..\..\..\..\Library\Bluetooth_LE\library\libbluenrg1_stack.a(l2cap.o)
 i.L2C_Get_PDU_Len
                0x10047a90        0xe ..\..\..\..\..\..\Library\Bluetooth_LE\library\libbluenrg1_stack.a(l2cap.o)
                0x10047a90                L2C_Get_PDU_Len
 *fill*         0x10047a9e        0x2 
 i.L2C_Init     0x10047aa0       0x58 ..\..\..\..\..\..\Library\Bluetooth_LE\library\libbluenrg1_stack.a(l2cap.o)
                0x10047aa0                L2C_Init
 i.L2C_Mux_Acl_Packet
                0x10047af8       0x58 ..\..\..\..\..\..\Library\Bluetooth_LE\library\libbluenrg1_stack.a(l2cap.o)
 i.L2C_Rcv_Data
                0x10047b50       0xa6 ..\..\..\..\..\..\Library\Bluetooth_LE\library\libbluenrg1_stack.a(l2cap.o)
 i.L2C_Rcv_Event_Handler
                0x10047bf6       0x1e ..\..\..\..\..\..\Library\Bluetooth_LE\library\libbluenrg1_stack.a(l2cap.o)
                0x10047bf6                L2C_Rcv_Event_Handler
 i.L2C_Rcv_Event_Handler_ISR
                0x10047c14       0x52 ..\..\..\..\..\..\Library\Bluetooth_LE\library\libbluenrg1_stack.a(l2cap.o)
                0x10047c14                L2C_Rcv_Event_Handler_ISR
 *fill*         0x10047c66        0x2 
 i.L2C_Reset_To_Closed_State
                0x10047c68       0x7c ..\..\..\..\..\..\Library\Bluetooth_LE\library\libbluenrg1_stack.a(l2cap.o)
 i.L2C_Send_Data
                0x10047ce4       0x4c ..\..\..\..\..\..\Library\Bluetooth_LE\library\libbluenrg1_stack.a(l2cap.o)
                0x10047ce4                L2C_Send_Data
 i.L2C_SigChan_Req_TimeOut_Handler
                0x10047d30       0x60 ..\..\..\..\..\..\Library\Bluetooth_LE\library\libbluenrg1_stack.a(l2cap.o)
                0x10047d30                L2C_SigChan_Req_TimeOut_Handler
 i.L2C_Signal_Channel_Handler
                0x10047d90      0x1b4 ..\..\..\..\..\..\Library\Bluetooth_LE\library\libbluenrg1_stack.a(l2cap.o)
                0x10047d90                L2C_Signal_Channel_Handler
 i.L2C_Signal_Channel_Handler_ISR
                0x10047f44       0x24 ..\..\..\..\..\..\Library\Bluetooth_LE\library\libbluenrg1_stack.a(l2cap.o)
                0x10047f44                L2C_Signal_Channel_Handler_ISR
 i.L2C_discard_corrupted_acl_packet
                0x10047f68       0x5c ..\..\..\..\..\..\Library\Bluetooth_LE\library\libbluenrg1_stack.a(l2cap.o)
 i.aci_l2cap_connection_update_req_event_push
                0x10047fc4       0x98 ..\..\..\..\..\..\Library\Bluetooth_LE\library\libbluenrg1_stack.a(l2cap.o)
 i.Data_Length_Update_Control_ISR
                0x1004805c      0x12c ..\..\..\..\..\..\Library\Bluetooth_LE\library\libbluenrg1_stack.a(ll_isr.o)
                0x1004805c                Data_Length_Update_Control_ISR
 i.RAL_Isr      0x10048188      0x21c ..\..\..\..\..\..\Library\Bluetooth_LE\library\libbluenrg1_stack.a(ll_isr.o)
                0x10048188                RAL_Isr
 i.copy_4_u32   0x100483a4       0x12 ..\..\..\..\..\..\Library\Bluetooth_LE\library\libbluenrg1_stack.a(ll_isr.o)
                0x100483a4                copy_4_u32
 *fill*         0x100483b6        0x2 
 i.copy_tx_data_packet
                0x100483b8       0x84 ..\..\..\..\..\..\Library\Bluetooth_LE\library\libbluenrg1_stack.a(ll_isr.o)
                0x100483b8                copy_tx_data_packet
 i.encrypt      0x1004843c       0x74 ..\..\..\..\..\..\Library\Bluetooth_LE\library\libbluenrg1_stack.a(ll_isr.o)
                0x1004843c                encrypt
 i.full_state_func_call_init
                0x100484b0       0x18 ..\..\..\..\..\..\Library\Bluetooth_LE\library\libbluenrg1_stack.a(ll_isr.o)
                0x100484b0                full_state_func_call_init
 i.isr_advertise_state
                0x100484c8      0x390 ..\..\..\..\..\..\Library\Bluetooth_LE\library\libbluenrg1_stack.a(ll_isr.o)
 i.isr_connect_master_state
                0x10048858      0x6d8 ..\..\..\..\..\..\Library\Bluetooth_LE\library\libbluenrg1_stack.a(ll_isr.o)
 i.isr_connect_slave_state
                0x10048f30      0x7d4 ..\..\..\..\..\..\Library\Bluetooth_LE\library\libbluenrg1_stack.a(ll_isr.o)
 i.isr_scan_state
                0x10049704      0x610 ..\..\..\..\..\..\Library\Bluetooth_LE\library\libbluenrg1_stack.a(ll_isr.o)
 i.isr_test_rx_state
                0x10049d14       0x38 ..\..\..\..\..\..\Library\Bluetooth_LE\library\libbluenrg1_stack.a(ll_isr.o)
 i.isr_test_tx_state
                0x10049d4c       0x68 ..\..\..\..\..\..\Library\Bluetooth_LE\library\libbluenrg1_stack.a(ll_isr.o)
 i.isr_unknown_state
                0x10049db4       0x2c ..\..\..\..\..\..\Library\Bluetooth_LE\library\libbluenrg1_stack.a(ll_isr.o)
 i.__ARM_common_memcpy1_6
                0x10049de0       0x1a ..\..\..\..\..\..\Library\Bluetooth_LE\library\libbluenrg1_stack.a(ll_isr.o)
                0x10049de0                __ARM_common_memcpy1_6
 *fill*         0x10049dfa        0x2 
 i.LL_LE_Clear_White_List
                0x10049dfc       0x28 ..\..\..\..\..\..\Library\Bluetooth_LE\library\libbluenrg1_stack.a(ll_privacy.o)
                0x10049dfc                LL_LE_Clear_White_List
 i.LL_LE_Set_Address_Resolution_Enable
                0x10049e24       0x20 ..\..\..\..\..\..\Library\Bluetooth_LE\library\libbluenrg1_stack.a(ll_privacy.o)
                0x10049e24                LL_LE_Set_Address_Resolution_Enable
 i.LL_LE_Set_Resolvable_Private_Address_Timeout
                0x10049e44       0x24 ..\..\..\..\..\..\Library\Bluetooth_LE\library\libbluenrg1_stack.a(ll_privacy.o)
                0x10049e44                LL_LE_Set_Resolvable_Private_Address_Timeout
 i.PRIVWHIT_u8AddAddrInList
                0x10049e68      0x1f0 ..\..\..\..\..\..\Library\Bluetooth_LE\library\libbluenrg1_stack.a(ll_privacy.o)
                0x10049e68                PRIVWHIT_u8AddAddrInList
 i.PRIVWHIT_u8RemoveAddrInList
                0x1004a058      0x12c ..\..\..\..\..\..\Library\Bluetooth_LE\library\libbluenrg1_stack.a(ll_privacy.o)
                0x1004a058                PRIVWHIT_u8RemoveAddrInList
 i.PRIVWHIT_u8SearchAddrInList
                0x1004a184       0x84 ..\..\..\..\..\..\Library\Bluetooth_LE\library\libbluenrg1_stack.a(ll_privacy.o)
                0x1004a184                PRIVWHIT_u8SearchAddrInList
 i.PRIVWHIT_vInit_Struct
                0x1004a208       0xb4 ..\..\..\..\..\..\Library\Bluetooth_LE\library\libbluenrg1_stack.a(ll_privacy.o)
                0x1004a208                PRIVWHIT_vInit_Struct
 i.PRIV_SearchAddrInRPAList
                0x1004a2bc       0x50 ..\..\..\..\..\..\Library\Bluetooth_LE\library\libbluenrg1_stack.a(ll_privacy.o)
                0x1004a2bc                PRIV_SearchAddrInRPAList
 i.PRIV_SearchAddrInScratchList
                0x1004a30c       0x50 ..\..\..\..\..\..\Library\Bluetooth_LE\library\libbluenrg1_stack.a(ll_privacy.o)
                0x1004a30c                PRIV_SearchAddrInScratchList
 i.PRIV_SearchAddrInWhiteList
                0x1004a35c       0x58 ..\..\..\..\..\..\Library\Bluetooth_LE\library\libbluenrg1_stack.a(ll_privacy.o)
                0x1004a35c                PRIV_SearchAddrInWhiteList
 i.PRIV_u32ProcessAdvPacket
                0x1004a3b4      0x574 ..\..\..\..\..\..\Library\Bluetooth_LE\library\libbluenrg1_stack.a(ll_privacy.o)
                0x1004a3b4                PRIV_u32ProcessAdvPacket
 i.PRIV_u8OfflineProcessing
                0x1004a928      0x114 ..\..\..\..\..\..\Library\Bluetooth_LE\library\libbluenrg1_stack.a(ll_privacy.o)
                0x1004a928                PRIV_u8OfflineProcessing
 i.PRIV_u8ResolvePrivateAddress
                0x1004aa3c      0x110 ..\..\..\..\..\..\Library\Bluetooth_LE\library\libbluenrg1_stack.a(ll_privacy.o)
                0x1004aa3c                PRIV_u8ResolvePrivateAddress
 i.PRIV_u8ResolvePrivateAddressUnit
                0x1004ab4c       0x34 ..\..\..\..\..\..\Library\Bluetooth_LE\library\libbluenrg1_stack.a(ll_privacy.o)
                0x1004ab4c                PRIV_u8ResolvePrivateAddressUnit
 i.PRIV_vGeneratePrivateAddress
                0x1004ab80       0x62 ..\..\..\..\..\..\Library\Bluetooth_LE\library\libbluenrg1_stack.a(ll_privacy.o)
                0x1004ab80                PRIV_vGeneratePrivateAddress
 *fill*         0x1004abe2        0x2 
 i.PRIV_vGenerate_hci_le_direct_advertising_report_event
                0x1004abe4      0x17c ..\..\..\..\..\..\Library\Bluetooth_LE\library\libbluenrg1_stack.a(ll_privacy.o)
                0x1004abe4                PRIV_vGenerate_hci_le_direct_advertising_report_event
 i.PRIV_vGenerate_hci_le_enhanced_connection_complete_event
                0x1004ad60      0x1d4 ..\..\..\..\..\..\Library\Bluetooth_LE\library\libbluenrg1_stack.a(ll_privacy.o)
                0x1004ad60                PRIV_vGenerate_hci_le_enhanced_connection_complete_event
 i.hci_le_direct_advertising_report_event_push
                0x1004af34       0x8c ..\..\..\..\..\..\Library\Bluetooth_LE\library\libbluenrg1_stack.a(ll_privacy.o)
 i.scan_connection_or_advertiser
                0x1004afc0       0x1a ..\..\..\..\..\..\Library\Bluetooth_LE\library\libbluenrg1_stack.a(ll_privacy.o)
 *fill*         0x1004afda        0x2 
 i.Data_Len_Update_Offline_Processing
                0x1004afdc       0x58 ..\..\..\..\..\..\Library\Bluetooth_LE\library\libbluenrg1_stack.a(ll_routines.o)
                0x1004afdc                Data_Len_Update_Offline_Processing
 i.Disconnection_Offline_Processing
                0x1004b034       0x48 ..\..\..\..\..\..\Library\Bluetooth_LE\library\libbluenrg1_stack.a(ll_routines.o)
                0x1004b034                Disconnection_Offline_Processing
 i.LL_Data_Length_Change_Event
                0x1004b07c       0x54 ..\..\..\..\..\..\Library\Bluetooth_LE\library\libbluenrg1_stack.a(ll_routines.o)
                0x1004b07c                LL_Data_Length_Change_Event
 i.LL_Data_Length_Update
                0x1004b0d0       0x38 ..\..\..\..\..\..\Library\Bluetooth_LE\library\libbluenrg1_stack.a(ll_routines.o)
                0x1004b0d0                LL_Data_Length_Update
 i.LL_Disconnect_Link
                0x1004b108       0x30 ..\..\..\..\..\..\Library\Bluetooth_LE\library\libbluenrg1_stack.a(ll_routines.o)
                0x1004b108                LL_Disconnect_Link
 i.LL_Send_Disconnection_Req
                0x1004b138       0xa4 ..\..\..\..\..\..\Library\Bluetooth_LE\library\libbluenrg1_stack.a(ll_routines.o)
                0x1004b138                LL_Send_Disconnection_Req
 i.LL_Send_Length_Req
                0x1004b1dc       0xd0 ..\..\..\..\..\..\Library\Bluetooth_LE\library\libbluenrg1_stack.a(ll_routines.o)
 i.LL_Send_Length_Resp
                0x1004b2ac       0xb4 ..\..\..\..\..\..\Library\Bluetooth_LE\library\libbluenrg1_stack.a(ll_routines.o)
                0x1004b2ac                LL_Send_Length_Resp
 i.LL_Set_Data_Length
                0x1004b360       0xb0 ..\..\..\..\..\..\Library\Bluetooth_LE\library\libbluenrg1_stack.a(ll_routines.o)
                0x1004b360                LL_Set_Data_Length
 i.MIN_U16      0x1004b410        0x8 ..\..\..\..\..\..\Library\Bluetooth_LE\library\libbluenrg1_stack.a(ll_routines.o)
 i.ll_write_supported_data
                0x1004b418       0x78 ..\..\..\..\..\..\Library\Bluetooth_LE\library\libbluenrg1_stack.a(ll_routines.o)
                0x1004b418                ll_write_supported_data
 i.read_rssi    0x1004b490       0x7c ..\..\..\..\..\..\Library\Bluetooth_LE\library\libbluenrg1_stack.a(ll_routines.o)
                0x1004b490                read_rssi
 i.LL_Create_Connection
                0x1004b50c      0x270 ..\..\..\..\..\..\Library\Bluetooth_LE\library\libbluenrg1_stack.a(ll_routines_master.o)
                0x1004b50c                LL_Create_Connection
 i.LL_Enable_Disable_Scan
                0x1004b77c      0x27c ..\..\..\..\..\..\Library\Bluetooth_LE\library\libbluenrg1_stack.a(ll_routines_master.o)
                0x1004b77c                LL_Enable_Disable_Scan
 i.Reclassify_All_Channels
                0x1004b9f8       0xc4 ..\..\..\..\..\..\Library\Bluetooth_LE\library\libbluenrg1_stack.a(ll_routines_master.o)
                0x1004b9f8                Reclassify_All_Channels
 i.check_access_address_patched
                0x1004babc       0xcc ..\..\..\..\..\..\Library\Bluetooth_LE\library\libbluenrg1_stack.a(ll_routines_master.o)
 i.hci_encryption_change_event_push
                0x1004bb88       0x5c ..\..\..\..\..\..\Library\Bluetooth_LE\library\libbluenrg1_stack.a(ll_routines_master.o)
 i.hci_encryption_key_refresh_complete_event_push
                0x1004bbe4       0x58 ..\..\..\..\..\..\Library\Bluetooth_LE\library\libbluenrg1_stack.a(ll_routines_master.o)
 i.hci_le_advertising_report_event_push
                0x1004bc3c       0x94 ..\..\..\..\..\..\Library\Bluetooth_LE\library\libbluenrg1_stack.a(ll_routines_master.o)
 i.hci_le_connection_complete_event_push
                0x1004bcd0       0x88 ..\..\..\..\..\..\Library\Bluetooth_LE\library\libbluenrg1_stack.a(ll_routines_master.o)
 i.hci_le_connection_update_complete_event_push
                0x1004bd58       0x6c ..\..\..\..\..\..\Library\Bluetooth_LE\library\libbluenrg1_stack.a(ll_routines_master.o)
 i.int32ToLe3Byte
                0x1004bdc4        0xc ..\..\..\..\..\..\Library\Bluetooth_LE\library\libbluenrg1_stack.a(ll_routines_master.o)
 i.int32ToLe4Byte
                0x1004bdd0       0x10 ..\..\..\..\..\..\Library\Bluetooth_LE\library\libbluenrg1_stack.a(ll_routines_master.o)
 i.isr_event_handler
                0x1004bde0      0x600 ..\..\..\..\..\..\Library\Bluetooth_LE\library\libbluenrg1_stack.a(ll_routines_master.o)
                0x1004bde0                isr_event_handler
 i.isr_event_handler_scan_data
                0x1004c3e0      0x200 ..\..\..\..\..\..\Library\Bluetooth_LE\library\libbluenrg1_stack.a(ll_routines_master.o)
                0x1004c3e0                isr_event_handler_scan_data
 i.LL_Encrypt_Plain_Data
                0x1004c5e0       0x88 ..\..\..\..\..\..\Library\Bluetooth_LE\library\libbluenrg1_stack.a(ll_routines_support.o)
                0x1004c5e0                LL_Encrypt_Plain_Data
 i.LL_Get_LTK   0x1004c668       0x9c ..\..\..\..\..\..\Library\Bluetooth_LE\library\libbluenrg1_stack.a(ll_routines_support.o)
                0x1004c668                LL_Get_LTK
 i.Dynamic_allocator
                0x1004c704      0x260 ..\..\..\..\..\..\Library\Bluetooth_LE\library\libbluenrg1_stack.a(mem_alloc.o)
                0x1004c704                Dynamic_allocator
 i.Dynamic_allocator_noRet
                0x1004c964        0x2 ..\..\..\..\..\..\Library\Bluetooth_LE\library\libbluenrg1_stack.a(mem_alloc.o)
                0x1004c964                Dynamic_allocator_noRet
 i.Mem_assign   0x1004c966       0x16 ..\..\..\..\..\..\Library\Bluetooth_LE\library\libbluenrg1_stack.a(mem_alloc.o)
 i.mem_alloc_ctx_init
                0x1004c97c       0xa4 ..\..\..\..\..\..\Library\Bluetooth_LE\library\libbluenrg1_stack.a(mem_alloc.o)
                0x1004c97c                mem_alloc_ctx_init
 i.Mem_Buff_Append
                0x1004ca20       0x12 ..\..\..\..\..\..\Library\Bluetooth_LE\library\libbluenrg1_stack.a(mem_buff.o)
                0x1004ca20                Mem_Buff_Append
 i.Mem_Buff_Block_Copy
                0x1004ca32       0x48 ..\..\..\..\..\..\Library\Bluetooth_LE\library\libbluenrg1_stack.a(mem_buff.o)
                0x1004ca32                Mem_Buff_Block_Copy
 i.Mem_Buff_Block_Write
                0x1004ca7a       0x56 ..\..\..\..\..\..\Library\Bluetooth_LE\library\libbluenrg1_stack.a(mem_buff.o)
                0x1004ca7a                Mem_Buff_Block_Write
 i.Mem_Buff_Clone
                0x1004cad0       0x32 ..\..\..\..\..\..\Library\Bluetooth_LE\library\libbluenrg1_stack.a(mem_buff.o)
                0x1004cad0                Mem_Buff_Clone
 i.Mem_Buff_Cmp
                0x1004cb02       0x78 ..\..\..\..\..\..\Library\Bluetooth_LE\library\libbluenrg1_stack.a(mem_buff.o)
                0x1004cb02                Mem_Buff_Cmp
 i.Mem_Buff_Compact
                0x1004cb7a       0xba ..\..\..\..\..\..\Library\Bluetooth_LE\library\libbluenrg1_stack.a(mem_buff.o)
                0x1004cb7a                Mem_Buff_Compact
 i.Mem_Buff_Get
                0x1004cc34       0x2e ..\..\..\..\..\..\Library\Bluetooth_LE\library\libbluenrg1_stack.a(mem_buff.o)
                0x1004cc34                Mem_Buff_Get
 i.Mem_Buff_Get_Chain_Count
                0x1004cc62       0x14 ..\..\..\..\..\..\Library\Bluetooth_LE\library\libbluenrg1_stack.a(mem_buff.o)
                0x1004cc62                Mem_Buff_Get_Chain_Count
 i.Mem_Buff_Get_Chain_Size
                0x1004cc76       0x14 ..\..\..\..\..\..\Library\Bluetooth_LE\library\libbluenrg1_stack.a(mem_buff.o)
                0x1004cc76                Mem_Buff_Get_Chain_Size
 i.Mem_Buff_Init
                0x1004cc8a       0x6a ..\..\..\..\..\..\Library\Bluetooth_LE\library\libbluenrg1_stack.a(mem_buff.o)
                0x1004cc8a                Mem_Buff_Init
 i.Mem_Buff_Read
                0x1004ccf4       0x62 ..\..\..\..\..\..\Library\Bluetooth_LE\library\libbluenrg1_stack.a(mem_buff.o)
                0x1004ccf4                Mem_Buff_Read
 i.Mem_Buff_Release
                0x1004cd56       0x36 ..\..\..\..\..\..\Library\Bluetooth_LE\library\libbluenrg1_stack.a(mem_buff.o)
                0x1004cd56                Mem_Buff_Release
 i.Mem_Buff_Resize
                0x1004cd8c       0x8e ..\..\..\..\..\..\Library\Bluetooth_LE\library\libbluenrg1_stack.a(mem_buff.o)
                0x1004cd8c                Mem_Buff_Resize
 i.Mem_Buff_Write
                0x1004ce1a       0x68 ..\..\..\..\..\..\Library\Bluetooth_LE\library\libbluenrg1_stack.a(mem_buff.o)
                0x1004ce1a                Mem_Buff_Write
 *fill*         0x1004ce82        0x2 
 i.adapt_slot   0x1004ce84      0x260 ..\..\..\..\..\..\Library\Bluetooth_LE\library\libbluenrg1_stack.a(multi_master_time.o)
 i.advance_slave_timing_MultiSlave
                0x1004d0e4      0x2cc ..\..\..\..\..\..\Library\Bluetooth_LE\library\libbluenrg1_stack.a(multi_master_time.o)
                0x1004d0e4                advance_slave_timing_MultiSlave
 i.anchor_replace
                0x1004d3b0       0x4c ..\..\..\..\..\..\Library\Bluetooth_LE\library\libbluenrg1_stack.a(multi_master_time.o)
                0x1004d3b0                anchor_replace
 i.cancel_current_master
                0x1004d3fc      0x1a8 ..\..\..\..\..\..\Library\Bluetooth_LE\library\libbluenrg1_stack.a(multi_master_time.o)
                0x1004d3fc                cancel_current_master
 i.get_advertiser
                0x1004d5a4       0x48 ..\..\..\..\..\..\Library\Bluetooth_LE\library\libbluenrg1_stack.a(multi_master_time.o)
                0x1004d5a4                get_advertiser
 i.get_connection_no
                0x1004d5ec       0x8c ..\..\..\..\..\..\Library\Bluetooth_LE\library\libbluenrg1_stack.a(multi_master_time.o)
                0x1004d5ec                get_connection_no
 i.get_next_free_slot
                0x1004d678       0x34 ..\..\..\..\..\..\Library\Bluetooth_LE\library\libbluenrg1_stack.a(multi_master_time.o)
                0x1004d678                get_next_free_slot
 i.get_scan_connection
                0x1004d6ac       0x48 ..\..\..\..\..\..\Library\Bluetooth_LE\library\libbluenrg1_stack.a(multi_master_time.o)
                0x1004d6ac                get_scan_connection
 i.is_slave     0x1004d6f4       0x34 ..\..\..\..\..\..\Library\Bluetooth_LE\library\libbluenrg1_stack.a(multi_master_time.o)
                0x1004d6f4                is_slave
 i.nsar_init    0x1004d728       0x1c ..\..\..\..\..\..\Library\Bluetooth_LE\library\libbluenrg1_stack.a(multi_master_time.o)
                0x1004d728                nsar_init
 i.nsar_insertSlotListEntry
                0x1004d744       0x20 ..\..\..\..\..\..\Library\Bluetooth_LE\library\libbluenrg1_stack.a(multi_master_time.o)
 i.nsar_searchBestFreeSlot
                0x1004d764       0xac ..\..\..\..\..\..\Library\Bluetooth_LE\library\libbluenrg1_stack.a(multi_master_time.o)
 i.nsar_updateBestFreeSlot
                0x1004d810       0x22 ..\..\..\..\..\..\Library\Bluetooth_LE\library\libbluenrg1_stack.a(multi_master_time.o)
 *fill*         0x1004d832        0x2 
 i.nsar_updateSlotListEntry
                0x1004d834       0x6c ..\..\..\..\..\..\Library\Bluetooth_LE\library\libbluenrg1_stack.a(multi_master_time.o)
 i.request_connect_slot
                0x1004d8a0       0x7c ..\..\..\..\..\..\Library\Bluetooth_LE\library\libbluenrg1_stack.a(multi_master_time.o)
                0x1004d8a0                request_connect_slot
 i.request_scan_slot