17:58:00 **** Incremental Build of configuration Release for project BLE_SensorDemo ****
Info: Internal Builder is used for build
arm-atollic-eabi-gcc -c ..\BLUEHOME\RuleProcess\RP_InterruptManager.c -mthumb -mcpu=cortex-m0 -std=c99 -DHS_SPEED_XTAL=HS_SPEED_XTAL_32MHZ -DBLUENRG2_DEVICE -DLS_SOURCE=LS_SOURCE_EXTERNAL_32KHZ -DSMPS_INDUCTOR=SMPS_INDUCTOR_10uH -I..\.. -I..\..\..\..\..\..\Library\Bluetooth_LE\inc -I..\..\..\..\..\..\Library\BLE_Application\layers_inc -I..\..\..\..\..\..\Library\BLE_Application\Utils\inc -I..\..\..\..\..\..\Library\hal\inc -I..\..\..\..\..\..\Library\CMSIS\Include -I..\..\..\..\..\..\Library\SDK_Eval_BlueNRG1\inc -I..\..\..\..\..\..\Library\BlueNRG1_Periph_Driver\inc -I..\..\..\..\..\..\Library\CMSIS\Device\ST\BlueNRG1\Include -I..\..\..\..\..\..\Project\BLE_Examples\BLE_SensorDemo\inc -I..\..\..\..\..\..\Library\BLE_Application\OTA\inc -IU:\Git\BlueHome-Firmware\Project\BLE_Examples\BLE_SensorDemo\TrueSTUDIO\BlueNRG-2\BLUEHOME -Os -ffunction-sections -fdata-sections -fstack-usage -Wall -mcpu=cortex-m0 -o BLUEHOME\RuleProcess\RP_InterruptManager.o 
arm-atollic-eabi-gcc -c ..\BLUEHOME\SourceActionManager\SAM_Init.c -mthumb -mcpu=cortex-m0 -std=c99 -DHS_SPEED_XTAL=HS_SPEED_XTAL_32MHZ -DBLUENRG2_DEVICE -DLS_SOURCE=LS_SOURCE_EXTERNAL_32KHZ -DSMPS_INDUCTOR=SMPS_INDUCTOR_10uH -I..\.. -I..\..\..\..\..\..\Library\Bluetooth_LE\inc -I..\..\..\..\..\..\Library\BLE_Application\layers_inc -I..\..\..\..\..\..\Library\BLE_Application\Utils\inc -I..\..\..\..\..\..\Library\hal\inc -I..\..\..\..\..\..\Library\CMSIS\Include -I..\..\..\..\..\..\Library\SDK_Eval_BlueNRG1\inc -I..\..\..\..\..\..\Library\BlueNRG1_Periph_Driver\inc -I..\..\..\..\..\..\Library\CMSIS\Device\ST\BlueNRG1\Include -I..\..\..\..\..\..\Project\BLE_Examples\BLE_SensorDemo\inc -I..\..\..\..\..\..\Library\BLE_Application\OTA\inc -IU:\Git\BlueHome-Firmware\Project\BLE_Examples\BLE_SensorDemo\TrueSTUDIO\BlueNRG-2\BLUEHOME -Os -ffunction-sections -fdata-sections -fstack-usage -Wall -mcpu=cortex-m0 -o BLUEHOME\SourceActionManager\SAM_Init.o 
arm-atollic-eabi-gcc -c ..\BLUEHOME\SourceActionManager\SAM_TouchButton.c -mthumb -mcpu=cortex-m0 -std=c99 -DHS_SPEED_XTAL=HS_SPEED_XTAL_32MHZ -DBLUENRG2_DEVICE -DLS_SOURCE=LS_SOURCE_EXTERNAL_32KHZ -DSMPS_INDUCTOR=SMPS_INDUCTOR_10uH -I..\.. -I..\..\..\..\..\..\Library\Bluetooth_LE\inc -I..\..\..\..\..\..\Library\BLE_Application\layers_inc -I..\..\..\..\..\..\Library\BLE_Application\Utils\inc -I..\..\..\..\..\..\Library\hal\inc -I..\..\..\..\..\..\Library\CMSIS\Include -I..\..\..\..\..\..\Library\SDK_Eval_BlueNRG1\inc -I..\..\..\..\..\..\Library\BlueNRG1_Periph_Driver\inc -I..\..\..\..\..\..\Library\CMSIS\Device\ST\BlueNRG1\Include -I..\..\..\..\..\..\Project\BLE_Examples\BLE_SensorDemo\inc -I..\..\..\..\..\..\Library\BLE_Application\OTA\inc -IU:\Git\BlueHome-Firmware\Project\BLE_Examples\BLE_SensorDemo\TrueSTUDIO\BlueNRG-2\BLUEHOME -Os -ffunction-sections -fdata-sections -fstack-usage -Wall -mcpu=cortex-m0 -o BLUEHOME\SourceActionManager\SAM_TouchButton.o 
arm-atollic-eabi-gcc -c ..\BLUEHOME\Main\BlueHomeApp.c -mthumb -mcpu=cortex-m0 -std=c99 -DHS_SPEED_XTAL=HS_SPEED_XTAL_32MHZ -DBLUENRG2_DEVICE -DLS_SOURCE=LS_SOURCE_EXTERNAL_32KHZ -DSMPS_INDUCTOR=SMPS_INDUCTOR_10uH -I..\.. -I..\..\..\..\..\..\Library\Bluetooth_LE\inc -I..\..\..\..\..\..\Library\BLE_Application\layers_inc -I..\..\..\..\..\..\Library\BLE_Application\Utils\inc -I..\..\..\..\..\..\Library\hal\inc -I..\..\..\..\..\..\Library\CMSIS\Include -I..\..\..\..\..\..\Library\SDK_Eval_BlueNRG1\inc -I..\..\..\..\..\..\Library\BlueNRG1_Periph_Driver\inc -I..\..\..\..\..\..\Library\CMSIS\Device\ST\BlueNRG1\Include -I..\..\..\..\..\..\Project\BLE_Examples\BLE_SensorDemo\inc -I..\..\..\..\..\..\Library\BLE_Application\OTA\inc -IU:\Git\BlueHome-Firmware\Project\BLE_Examples\BLE_SensorDemo\TrueSTUDIO\BlueNRG-2\BLUEHOME -Os -ffunction-sections -fdata-sections -fstack-usage -Wall -mcpu=cortex-m0 -o BLUEHOME\Main\BlueHomeApp.o 
arm-atollic-eabi-gcc -c ..\BLUEHOME\SourceActionManager\SAM_RTC.c -mthumb -mcpu=cortex-m0 -std=c99 -DHS_SPEED_XTAL=HS_SPEED_XTAL_32MHZ -DBLUENRG2_DEVICE -DLS_SOURCE=LS_SOURCE_EXTERNAL_32KHZ -DSMPS_INDUCTOR=SMPS_INDUCTOR_10uH -I..\.. -I..\..\..\..\..\..\Library\Bluetooth_LE\inc -I..\..\..\..\..\..\Library\BLE_Application\layers_inc -I..\..\..\..\..\..\Library\BLE_Application\Utils\inc -I..\..\..\..\..\..\Library\hal\inc -I..\..\..\..\..\..\Library\CMSIS\Include -I..\..\..\..\..\..\Library\SDK_Eval_BlueNRG1\inc -I..\..\..\..\..\..\Library\BlueNRG1_Periph_Driver\inc -I..\..\..\..\..\..\Library\CMSIS\Device\ST\BlueNRG1\Include -I..\..\..\..\..\..\Project\BLE_Examples\BLE_SensorDemo\inc -I..\..\..\..\..\..\Library\BLE_Application\OTA\inc -IU:\Git\BlueHome-Firmware\Project\BLE_Examples\BLE_SensorDemo\TrueSTUDIO\BlueNRG-2\BLUEHOME -Os -ffunction-sections -fdata-sections -fstack-usage -Wall -mcpu=cortex-m0 -o BLUEHOME\SourceActionManager\SAM_RTC.o 
arm-atollic-eabi-gcc -o Release.elf BLUEHOME\Debug\DB_Assert.o BLUEHOME\Debug\DB_Console.o BLUEHOME\Debug\DB_TestCases.o BLUEHOME\HardwareUtil\HW_GPIO.o BLUEHOME\HardwareUtil\HW_I2C.o BLUEHOME\HardwareUtil\HW_Init.o BLUEHOME\HardwareUtil\HW_MAC.o BLUEHOME\HardwareUtil\HW_UART.o BLUEHOME\Main\BlueHomeApp.o BLUEHOME\RuleProcess\RP_ActionManager.o BLUEHOME\RuleProcess\RP_Init.o BLUEHOME\RuleProcess\RP_InterruptManager.o BLUEHOME\RuleProcess\RP_RuleChecker.o BLUEHOME\SourceActionManager\SAM_Bluetooth.o BLUEHOME\SourceActionManager\SAM_Display.o BLUEHOME\SourceActionManager\SAM_Init.o BLUEHOME\SourceActionManager\SAM_PWM.o BLUEHOME\SourceActionManager\SAM_Programming.o BLUEHOME\SourceActionManager\SAM_RTC.o BLUEHOME\SourceActionManager\SAM_Relais.o BLUEHOME\SourceActionManager\SAM_TouchButton.o Hal\clock.o Hal\context_switch.o Hal\miscutil.o Hal\osal.o Hal\sleep.o Library\BlueNRG1_adc.o Library\BlueNRG1_dma.o Library\BlueNRG1_flash.o Library\BlueNRG1_gpio.o Library\BlueNRG1_i2c.o Library\BlueNRG1_mft.o Library\BlueNRG1_pka.o Library\BlueNRG1_rng.o Library\BlueNRG1_rtc.o Library\BlueNRG1_spi.o Library\BlueNRG1_sysCtrl.o Library\BlueNRG1_uart.o Library\BlueNRG1_wdg.o Library\misc.o SDK_Eval_BlueNRG1\LPS25HB.o SDK_Eval_BlueNRG1\LSM6DS3.o SDK_Eval_BlueNRG1\SDK_EVAL_Button.o SDK_Eval_BlueNRG1\SDK_EVAL_Com.o SDK_Eval_BlueNRG1\SDK_EVAL_Config.o SDK_Eval_BlueNRG1\SDK_EVAL_I2C.o SDK_Eval_BlueNRG1\SDK_EVAL_Led.o SDK_Eval_BlueNRG1\SDK_EVAL_SPI.o Stack\stack_user_cfg.o Startup\system_bluenrg1.o -lbluenrg1_stack -lcrypto -mthumb -mcpu=cortex-m0 -T..\BlueNRG2.ld -specs=nosys.specs -nostartfiles -nodefaultlibs -static -L..\..\..\..\..\..\Library\Bluetooth_LE\library -L../../../../../../Library\cryptolib -Wl,-cref,-u,-Xlinker,--defsym=ST_LINKER_OPTION=1,-no-wchar-size-warning -Wl,-Map=Release.map -Wl,--gc-sections -Wl,--defsym=malloc_getpagesize_P=0x80 -Wl,--start-group -lc -lm -Wl,--end-group 
C:\Program Files (x86)\Atollic\TrueSTUDIO for STM32 9.1.0\ide\jre\bin\java -jar C:\Program Files (x86)\Atollic\TrueSTUDIO for STM32 9.1.0\Tools\arm-atollic-reports.jar convert-hex sizeinfo list Release.elf 
Generate build reports...
Converting build output to hex
Output sent to: Release.hex
Converting build output to hex done
Print size information
   text	   data	    bss	    dec	    hex	filename
   4040	     44	   1840	   5924	   1724	Release.elf
Print size information done
Generate listing file
Output sent to: Release.list
Generate listing file done
Generate build reports done
arm-atollic-eabi-objcopy -O binary Release.elf Release.bin 
