RP_ActionManager.c:27:6:rp_am_noAction	8	static
RP_ActionManager.c:31:9:rp_am_noValue	8	static
RP_ActionManager.c:36:9:rp_am_unknownValue	8	static
RP_ActionManager.c:41:9:rp_am_sourceValue	8	static
RP_ActionManager.c:92:6:rp_am_reloadActions	24	static
RP_ActionManager.c:48:6:rp_am_init	8	static
RP_ActionManager.c:118:6:rp_am_writeActionF	16	static
RP_ActionManager.c:150:6:rp_am_writeActionsToFlash	8	static
RP_ActionManager.c:76:6:rp_am_updateAction	16	static
RP_ActionManager.c:177:9:rp_am_registerSAMValueIdentfier	0	static
RP_ActionManager.c:183:9:rp_am_registerSAMActionIdentfier	0	static
RP_ActionManager.c:188:6:rp_am_addAction	32	static
RP_ActionManager.c:205:6:rp_am_addActionID	8	static
RP_ActionManager.c:230:6:rp_am_replaceMask	16	static
RP_ActionManager.c:240:6:rp_am_triggerAction	8	static
RP_ActionManager.c:210:9:rp_am_tick	16	static
