RP_ActionManager.c:23:6:rp_am_noAction	8	static
RP_ActionManager.c:27:9:rp_am_noValue	8	static
RP_ActionManager.c:32:9:rp_am_unknownValue	8	static
RP_ActionManager.c:37:9:rp_am_sourceValue	8	static
RP_ActionManager.c:74:6:rp_am_loadActions	24	static
RP_ActionManager.c:46:6:rp_am_init	8	static
RP_ActionManager.c:98:9:rp_am_registerSAMValueIdentfier	0	static
RP_ActionManager.c:104:9:rp_am_registerSAMActionIdentfier	0	static
RP_ActionManager.c:109:6:rp_am_addAction	16	static
RP_ActionManager.c:136:6:rp_am_addActionID	40	static
RP_ActionManager.c:161:6:rp_am_replaceMask	16	static
RP_ActionManager.c:171:6:rp_am_triggerAction	8	static
RP_ActionManager.c:141:9:rp_am_tick	16	static
