RP_SourceManager.c:29:6:rp_sm_init	0	static
RP_SourceManager.c:46:6:rp_sm_setSourceFlag	0	static
RP_SourceManager.c:50:9:rp_sm_registerSAMSourceIdentfier	0	static
RP_SourceManager.c:55:6:rp_sm_triggerSource	16	static
RP_SourceManager.c:36:6:rp_sm_tick	8	static
RP_SourceManager.c:64:6:Blue_Handler	8	static
RP_SourceManager.c:69:6:SysTick_Handler	8	static
RP_SourceManager.c:77:6:UART_Handler	8	static
RP_SourceManager.c:85:6:GPIO_Handler	24	static
RP_SourceManager.c:122:6:MFT2B_Handler	8	static
RP_SourceManager.c:126:6:I2C2_Handler	8	static
RP_SourceManager.c:150:6:SPI_Handler	8	static
