RP_SourceManager.c:40:6:rp_sm_init	0	static
RP_SourceManager.c:57:6:rp_sm_setSourceFlag	0	static
RP_SourceManager.c:61:9:rp_sm_registerSAMSourceIdentfier	0	static
RP_SourceManager.c:66:6:rp_sm_triggerSource	16	static
RP_SourceManager.c:47:6:rp_sm_tick	8	static
RP_SourceManager.c:75:6:Blue_Handler	8	static
RP_SourceManager.c:80:6:SysTick_Handler	8	static
RP_SourceManager.c:88:6:UART_Handler	8	static
RP_SourceManager.c:96:6:GPIO_Handler	24	static
RP_SourceManager.c:133:6:MFT2B_Handler	8	static
RP_SourceManager.c:137:6:I2C2_Handler	8	static
